Archive member included to satisfy reference by file (symbol)

c:/ac6/systemworkbench/plugins/fr.ac6.mcu.externaltools.arm-none.win32_1.17.0.201812190825/tools/compiler/bin/../lib/gcc/arm-none-eabi/7.3.1/../../../../arm-none-eabi/lib/thumb/v7-m\libc_nano.a(lib_a-errno.o)
                              Src/syscalls.o (__errno)
c:/ac6/systemworkbench/plugins/fr.ac6.mcu.externaltools.arm-none.win32_1.17.0.201812190825/tools/compiler/bin/../lib/gcc/arm-none-eabi/7.3.1/../../../../arm-none-eabi/lib/thumb/v7-m\libc_nano.a(lib_a-exit.o)
                              c:/ac6/systemworkbench/plugins/fr.ac6.mcu.externaltools.arm-none.win32_1.17.0.201812190825/tools/compiler/bin/../lib/gcc/arm-none-eabi/7.3.1/../../../../arm-none-eabi/lib/thumb/v7-m/crt0.o (exit)
c:/ac6/systemworkbench/plugins/fr.ac6.mcu.externaltools.arm-none.win32_1.17.0.201812190825/tools/compiler/bin/../lib/gcc/arm-none-eabi/7.3.1/../../../../arm-none-eabi/lib/thumb/v7-m\libc_nano.a(lib_a-impure.o)
                              c:/ac6/systemworkbench/plugins/fr.ac6.mcu.externaltools.arm-none.win32_1.17.0.201812190825/tools/compiler/bin/../lib/gcc/arm-none-eabi/7.3.1/../../../../arm-none-eabi/lib/thumb/v7-m\libc_nano.a(lib_a-exit.o) (_global_impure_ptr)
c:/ac6/systemworkbench/plugins/fr.ac6.mcu.externaltools.arm-none.win32_1.17.0.201812190825/tools/compiler/bin/../lib/gcc/arm-none-eabi/7.3.1/../../../../arm-none-eabi/lib/thumb/v7-m\libc_nano.a(lib_a-init.o)
                              c:/ac6/systemworkbench/plugins/fr.ac6.mcu.externaltools.arm-none.win32_1.17.0.201812190825/tools/compiler/bin/../lib/gcc/arm-none-eabi/7.3.1/../../../../arm-none-eabi/lib/thumb/v7-m/crt0.o (__libc_init_array)
c:/ac6/systemworkbench/plugins/fr.ac6.mcu.externaltools.arm-none.win32_1.17.0.201812190825/tools/compiler/bin/../lib/gcc/arm-none-eabi/7.3.1/../../../../arm-none-eabi/lib/thumb/v7-m\libc_nano.a(lib_a-memset.o)
                              c:/ac6/systemworkbench/plugins/fr.ac6.mcu.externaltools.arm-none.win32_1.17.0.201812190825/tools/compiler/bin/../lib/gcc/arm-none-eabi/7.3.1/../../../../arm-none-eabi/lib/thumb/v7-m/crt0.o (memset)
c:/ac6/systemworkbench/plugins/fr.ac6.mcu.externaltools.arm-none.win32_1.17.0.201812190825/tools/compiler/bin/../lib/gcc/arm-none-eabi/7.3.1/../../../../arm-none-eabi/lib/thumb/v7-m\libc_nano.a(lib_a-strlen.o)
                              Src/main.o (strlen)

Discarded input sections

 .text          0x00000000        0x0 c:/ac6/systemworkbench/plugins/fr.ac6.mcu.externaltools.arm-none.win32_1.17.0.201812190825/tools/compiler/bin/../lib/gcc/arm-none-eabi/7.3.1/thumb/v7-m/crti.o
 .data          0x00000000        0x0 c:/ac6/systemworkbench/plugins/fr.ac6.mcu.externaltools.arm-none.win32_1.17.0.201812190825/tools/compiler/bin/../lib/gcc/arm-none-eabi/7.3.1/thumb/v7-m/crti.o
 .bss           0x00000000        0x0 c:/ac6/systemworkbench/plugins/fr.ac6.mcu.externaltools.arm-none.win32_1.17.0.201812190825/tools/compiler/bin/../lib/gcc/arm-none-eabi/7.3.1/thumb/v7-m/crti.o
 .data          0x00000000        0x4 c:/ac6/systemworkbench/plugins/fr.ac6.mcu.externaltools.arm-none.win32_1.17.0.201812190825/tools/compiler/bin/../lib/gcc/arm-none-eabi/7.3.1/thumb/v7-m/crtbegin.o
 .text          0x00000000       0x74 c:/ac6/systemworkbench/plugins/fr.ac6.mcu.externaltools.arm-none.win32_1.17.0.201812190825/tools/compiler/bin/../lib/gcc/arm-none-eabi/7.3.1/../../../../arm-none-eabi/lib/thumb/v7-m/crt0.o
 .data          0x00000000        0x0 c:/ac6/systemworkbench/plugins/fr.ac6.mcu.externaltools.arm-none.win32_1.17.0.201812190825/tools/compiler/bin/../lib/gcc/arm-none-eabi/7.3.1/../../../../arm-none-eabi/lib/thumb/v7-m/crt0.o
 .bss           0x00000000        0x0 c:/ac6/systemworkbench/plugins/fr.ac6.mcu.externaltools.arm-none.win32_1.17.0.201812190825/tools/compiler/bin/../lib/gcc/arm-none-eabi/7.3.1/../../../../arm-none-eabi/lib/thumb/v7-m/crt0.o
 .ARM.extab     0x00000000        0x0 c:/ac6/systemworkbench/plugins/fr.ac6.mcu.externaltools.arm-none.win32_1.17.0.201812190825/tools/compiler/bin/../lib/gcc/arm-none-eabi/7.3.1/../../../../arm-none-eabi/lib/thumb/v7-m/crt0.o
 .ARM.exidx     0x00000000        0x8 c:/ac6/systemworkbench/plugins/fr.ac6.mcu.externaltools.arm-none.win32_1.17.0.201812190825/tools/compiler/bin/../lib/gcc/arm-none-eabi/7.3.1/../../../../arm-none-eabi/lib/thumb/v7-m/crt0.o
 .ARM.attributes
                0x00000000       0x1b c:/ac6/systemworkbench/plugins/fr.ac6.mcu.externaltools.arm-none.win32_1.17.0.201812190825/tools/compiler/bin/../lib/gcc/arm-none-eabi/7.3.1/../../../../arm-none-eabi/lib/thumb/v7-m/crt0.o
 .group         0x00000000        0xc Drivers/STM32F1xx_HAL_Driver/Src/stm32f1xx_ll_dma.o
 .group         0x00000000        0xc Drivers/STM32F1xx_HAL_Driver/Src/stm32f1xx_ll_dma.o
 .group         0x00000000        0xc Drivers/STM32F1xx_HAL_Driver/Src/stm32f1xx_ll_dma.o
 .group         0x00000000        0xc Drivers/STM32F1xx_HAL_Driver/Src/stm32f1xx_ll_dma.o
 .group         0x00000000        0xc Drivers/STM32F1xx_HAL_Driver/Src/stm32f1xx_ll_dma.o
 .group         0x00000000        0xc Drivers/STM32F1xx_HAL_Driver/Src/stm32f1xx_ll_dma.o
 .group         0x00000000        0xc Drivers/STM32F1xx_HAL_Driver/Src/stm32f1xx_ll_dma.o
 .group         0x00000000        0xc Drivers/STM32F1xx_HAL_Driver/Src/stm32f1xx_ll_dma.o
 .group         0x00000000        0xc Drivers/STM32F1xx_HAL_Driver/Src/stm32f1xx_ll_dma.o
 .group         0x00000000        0xc Drivers/STM32F1xx_HAL_Driver/Src/stm32f1xx_ll_dma.o
 .group         0x00000000        0xc Drivers/STM32F1xx_HAL_Driver/Src/stm32f1xx_ll_dma.o
 .group         0x00000000        0xc Drivers/STM32F1xx_HAL_Driver/Src/stm32f1xx_ll_dma.o
 .group         0x00000000        0xc Drivers/STM32F1xx_HAL_Driver/Src/stm32f1xx_ll_dma.o
 .group         0x00000000        0xc Drivers/STM32F1xx_HAL_Driver/Src/stm32f1xx_ll_dma.o
 .group         0x00000000        0xc Drivers/STM32F1xx_HAL_Driver/Src/stm32f1xx_ll_dma.o
 .group         0x00000000        0xc Drivers/STM32F1xx_HAL_Driver/Src/stm32f1xx_ll_dma.o
 .text          0x00000000        0x0 Drivers/STM32F1xx_HAL_Driver/Src/stm32f1xx_ll_dma.o
 .data          0x00000000        0x0 Drivers/STM32F1xx_HAL_Driver/Src/stm32f1xx_ll_dma.o
 .bss           0x00000000        0x0 Drivers/STM32F1xx_HAL_Driver/Src/stm32f1xx_ll_dma.o
 .text.LL_DMA_DeInit
                0x00000000       0xf0 Drivers/STM32F1xx_HAL_Driver/Src/stm32f1xx_ll_dma.o
 .text.LL_DMA_Init
                0x00000000       0x50 Drivers/STM32F1xx_HAL_Driver/Src/stm32f1xx_ll_dma.o
 .text.LL_DMA_StructInit
                0x00000000       0x18 Drivers/STM32F1xx_HAL_Driver/Src/stm32f1xx_ll_dma.o
 .rodata        0x00000000        0x7 Drivers/STM32F1xx_HAL_Driver/Src/stm32f1xx_ll_dma.o
 .debug_info    0x00000000      0x638 Drivers/STM32F1xx_HAL_Driver/Src/stm32f1xx_ll_dma.o
 .debug_abbrev  0x00000000      0x1f9 Drivers/STM32F1xx_HAL_Driver/Src/stm32f1xx_ll_dma.o
 .debug_loc     0x00000000      0x400 Drivers/STM32F1xx_HAL_Driver/Src/stm32f1xx_ll_dma.o
 .debug_aranges
                0x00000000       0x30 Drivers/STM32F1xx_HAL_Driver/Src/stm32f1xx_ll_dma.o
 .debug_ranges  0x00000000       0x20 Drivers/STM32F1xx_HAL_Driver/Src/stm32f1xx_ll_dma.o
 .debug_macro   0x00000000      0x113 Drivers/STM32F1xx_HAL_Driver/Src/stm32f1xx_ll_dma.o
 .debug_macro   0x00000000      0xa90 Drivers/STM32F1xx_HAL_Driver/Src/stm32f1xx_ll_dma.o
 .debug_macro   0x00000000       0x2e Drivers/STM32F1xx_HAL_Driver/Src/stm32f1xx_ll_dma.o
 .debug_macro   0x00000000       0x22 Drivers/STM32F1xx_HAL_Driver/Src/stm32f1xx_ll_dma.o
 .debug_macro   0x00000000       0x22 Drivers/STM32F1xx_HAL_Driver/Src/stm32f1xx_ll_dma.o
 .debug_macro   0x00000000       0x8e Drivers/STM32F1xx_HAL_Driver/Src/stm32f1xx_ll_dma.o
 .debug_macro   0x00000000       0x51 Drivers/STM32F1xx_HAL_Driver/Src/stm32f1xx_ll_dma.o
 .debug_macro   0x00000000       0xef Drivers/STM32F1xx_HAL_Driver/Src/stm32f1xx_ll_dma.o
 .debug_macro   0x00000000       0x6a Drivers/STM32F1xx_HAL_Driver/Src/stm32f1xx_ll_dma.o
 .debug_macro   0x00000000      0x1df Drivers/STM32F1xx_HAL_Driver/Src/stm32f1xx_ll_dma.o
 .debug_macro   0x00000000       0x34 Drivers/STM32F1xx_HAL_Driver/Src/stm32f1xx_ll_dma.o
 .debug_macro   0x00000000       0x34 Drivers/STM32F1xx_HAL_Driver/Src/stm32f1xx_ll_dma.o
 .debug_macro   0x00000000      0xb8e Drivers/STM32F1xx_HAL_Driver/Src/stm32f1xx_ll_dma.o
 .debug_macro   0x00000000     0xe911 Drivers/STM32F1xx_HAL_Driver/Src/stm32f1xx_ll_dma.o
 .debug_macro   0x00000000       0x43 Drivers/STM32F1xx_HAL_Driver/Src/stm32f1xx_ll_dma.o
 .debug_macro   0x00000000      0x281 Drivers/STM32F1xx_HAL_Driver/Src/stm32f1xx_ll_dma.o
 .debug_macro   0x00000000       0xe1 Drivers/STM32F1xx_HAL_Driver/Src/stm32f1xx_ll_dma.o
 .debug_line    0x00000000      0x58d Drivers/STM32F1xx_HAL_Driver/Src/stm32f1xx_ll_dma.o
 .debug_str     0x00000000    0x57a52 Drivers/STM32F1xx_HAL_Driver/Src/stm32f1xx_ll_dma.o
 .comment       0x00000000       0x80 Drivers/STM32F1xx_HAL_Driver/Src/stm32f1xx_ll_dma.o
 .debug_frame   0x00000000       0x4c Drivers/STM32F1xx_HAL_Driver/Src/stm32f1xx_ll_dma.o
 .ARM.attributes
                0x00000000       0x33 Drivers/STM32F1xx_HAL_Driver/Src/stm32f1xx_ll_dma.o
 .group         0x00000000        0xc Drivers/STM32F1xx_HAL_Driver/Src/stm32f1xx_ll_exti.o
 .group         0x00000000        0xc Drivers/STM32F1xx_HAL_Driver/Src/stm32f1xx_ll_exti.o
 .group         0x00000000        0xc Drivers/STM32F1xx_HAL_Driver/Src/stm32f1xx_ll_exti.o
 .group         0x00000000        0xc Drivers/STM32F1xx_HAL_Driver/Src/stm32f1xx_ll_exti.o
 .group         0x00000000        0xc Drivers/STM32F1xx_HAL_Driver/Src/stm32f1xx_ll_exti.o
 .group         0x00000000        0xc Drivers/STM32F1xx_HAL_Driver/Src/stm32f1xx_ll_exti.o
 .group         0x00000000        0xc Drivers/STM32F1xx_HAL_Driver/Src/stm32f1xx_ll_exti.o
 .group         0x00000000        0xc Drivers/STM32F1xx_HAL_Driver/Src/stm32f1xx_ll_exti.o
 .group         0x00000000        0xc Drivers/STM32F1xx_HAL_Driver/Src/stm32f1xx_ll_exti.o
 .group         0x00000000        0xc Drivers/STM32F1xx_HAL_Driver/Src/stm32f1xx_ll_exti.o
 .group         0x00000000        0xc Drivers/STM32F1xx_HAL_Driver/Src/stm32f1xx_ll_exti.o
 .group         0x00000000        0xc Drivers/STM32F1xx_HAL_Driver/Src/stm32f1xx_ll_exti.o
 .group         0x00000000        0xc Drivers/STM32F1xx_HAL_Driver/Src/stm32f1xx_ll_exti.o
 .group         0x00000000        0xc Drivers/STM32F1xx_HAL_Driver/Src/stm32f1xx_ll_exti.o
 .group         0x00000000        0xc Drivers/STM32F1xx_HAL_Driver/Src/stm32f1xx_ll_exti.o
 .text          0x00000000        0x0 Drivers/STM32F1xx_HAL_Driver/Src/stm32f1xx_ll_exti.o
 .data          0x00000000        0x0 Drivers/STM32F1xx_HAL_Driver/Src/stm32f1xx_ll_exti.o
 .bss           0x00000000        0x0 Drivers/STM32F1xx_HAL_Driver/Src/stm32f1xx_ll_exti.o
 .text.LL_EXTI_DeInit
                0x00000000       0x20 Drivers/STM32F1xx_HAL_Driver/Src/stm32f1xx_ll_exti.o
 .text.LL_EXTI_Init
                0x00000000       0xdc Drivers/STM32F1xx_HAL_Driver/Src/stm32f1xx_ll_exti.o
 .text.LL_EXTI_StructInit
                0x00000000        0xe Drivers/STM32F1xx_HAL_Driver/Src/stm32f1xx_ll_exti.o
 .debug_info    0x00000000      0x4dd Drivers/STM32F1xx_HAL_Driver/Src/stm32f1xx_ll_exti.o
 .debug_abbrev  0x00000000      0x1c6 Drivers/STM32F1xx_HAL_Driver/Src/stm32f1xx_ll_exti.o
 .debug_loc     0x00000000      0x2ba Drivers/STM32F1xx_HAL_Driver/Src/stm32f1xx_ll_exti.o
 .debug_aranges
                0x00000000       0x30 Drivers/STM32F1xx_HAL_Driver/Src/stm32f1xx_ll_exti.o
 .debug_ranges  0x00000000       0x20 Drivers/STM32F1xx_HAL_Driver/Src/stm32f1xx_ll_exti.o
 .debug_macro   0x00000000       0xe6 Drivers/STM32F1xx_HAL_Driver/Src/stm32f1xx_ll_exti.o
 .debug_macro   0x00000000      0xa90 Drivers/STM32F1xx_HAL_Driver/Src/stm32f1xx_ll_exti.o
 .debug_macro   0x00000000       0x2e Drivers/STM32F1xx_HAL_Driver/Src/stm32f1xx_ll_exti.o
 .debug_macro   0x00000000       0x22 Drivers/STM32F1xx_HAL_Driver/Src/stm32f1xx_ll_exti.o
 .debug_macro   0x00000000       0x22 Drivers/STM32F1xx_HAL_Driver/Src/stm32f1xx_ll_exti.o
 .debug_macro   0x00000000       0x8e Drivers/STM32F1xx_HAL_Driver/Src/stm32f1xx_ll_exti.o
 .debug_macro   0x00000000       0x51 Drivers/STM32F1xx_HAL_Driver/Src/stm32f1xx_ll_exti.o
 .debug_macro   0x00000000       0xef Drivers/STM32F1xx_HAL_Driver/Src/stm32f1xx_ll_exti.o
 .debug_macro   0x00000000       0x6a Drivers/STM32F1xx_HAL_Driver/Src/stm32f1xx_ll_exti.o
 .debug_macro   0x00000000      0x1df Drivers/STM32F1xx_HAL_Driver/Src/stm32f1xx_ll_exti.o
 .debug_macro   0x00000000       0x34 Drivers/STM32F1xx_HAL_Driver/Src/stm32f1xx_ll_exti.o
 .debug_macro   0x00000000       0x34 Drivers/STM32F1xx_HAL_Driver/Src/stm32f1xx_ll_exti.o
 .debug_macro   0x00000000      0xb8e Drivers/STM32F1xx_HAL_Driver/Src/stm32f1xx_ll_exti.o
 .debug_macro   0x00000000     0xe911 Drivers/STM32F1xx_HAL_Driver/Src/stm32f1xx_ll_exti.o
 .debug_macro   0x00000000       0x43 Drivers/STM32F1xx_HAL_Driver/Src/stm32f1xx_ll_exti.o
 .debug_macro   0x00000000       0xca Drivers/STM32F1xx_HAL_Driver/Src/stm32f1xx_ll_exti.o
 .debug_line    0x00000000      0x53e Drivers/STM32F1xx_HAL_Driver/Src/stm32f1xx_ll_exti.o
 .debug_str     0x00000000    0x56251 Drivers/STM32F1xx_HAL_Driver/Src/stm32f1xx_ll_exti.o
 .comment       0x00000000       0x80 Drivers/STM32F1xx_HAL_Driver/Src/stm32f1xx_ll_exti.o
 .debug_frame   0x00000000       0x54 Drivers/STM32F1xx_HAL_Driver/Src/stm32f1xx_ll_exti.o
 .ARM.attributes
                0x00000000       0x33 Drivers/STM32F1xx_HAL_Driver/Src/stm32f1xx_ll_exti.o
 .group         0x00000000        0xc Drivers/STM32F1xx_HAL_Driver/Src/stm32f1xx_ll_gpio.o
 .group         0x00000000        0xc Drivers/STM32F1xx_HAL_Driver/Src/stm32f1xx_ll_gpio.o
 .group         0x00000000        0xc Drivers/STM32F1xx_HAL_Driver/Src/stm32f1xx_ll_gpio.o
 .group         0x00000000        0xc Drivers/STM32F1xx_HAL_Driver/Src/stm32f1xx_ll_gpio.o
 .group         0x00000000        0xc Drivers/STM32F1xx_HAL_Driver/Src/stm32f1xx_ll_gpio.o
 .group         0x00000000        0xc Drivers/STM32F1xx_HAL_Driver/Src/stm32f1xx_ll_gpio.o
 .group         0x00000000        0xc Drivers/STM32F1xx_HAL_Driver/Src/stm32f1xx_ll_gpio.o
 .group         0x00000000        0xc Drivers/STM32F1xx_HAL_Driver/Src/stm32f1xx_ll_gpio.o
 .group         0x00000000        0xc Drivers/STM32F1xx_HAL_Driver/Src/stm32f1xx_ll_gpio.o
 .group         0x00000000        0xc Drivers/STM32F1xx_HAL_Driver/Src/stm32f1xx_ll_gpio.o
 .group         0x00000000        0xc Drivers/STM32F1xx_HAL_Driver/Src/stm32f1xx_ll_gpio.o
 .group         0x00000000        0xc Drivers/STM32F1xx_HAL_Driver/Src/stm32f1xx_ll_gpio.o
 .group         0x00000000        0xc Drivers/STM32F1xx_HAL_Driver/Src/stm32f1xx_ll_gpio.o
 .group         0x00000000        0xc Drivers/STM32F1xx_HAL_Driver/Src/stm32f1xx_ll_gpio.o
 .group         0x00000000        0xc Drivers/STM32F1xx_HAL_Driver/Src/stm32f1xx_ll_gpio.o
 .group         0x00000000        0xc Drivers/STM32F1xx_HAL_Driver/Src/stm32f1xx_ll_gpio.o
 .text          0x00000000        0x0 Drivers/STM32F1xx_HAL_Driver/Src/stm32f1xx_ll_gpio.o
 .data          0x00000000        0x0 Drivers/STM32F1xx_HAL_Driver/Src/stm32f1xx_ll_gpio.o
 .bss           0x00000000        0x0 Drivers/STM32F1xx_HAL_Driver/Src/stm32f1xx_ll_gpio.o
 .text.LL_GPIO_DeInit
                0x00000000       0xb0 Drivers/STM32F1xx_HAL_Driver/Src/stm32f1xx_ll_gpio.o
 .text.LL_GPIO_StructInit
                0x00000000       0x16 Drivers/STM32F1xx_HAL_Driver/Src/stm32f1xx_ll_gpio.o
 .debug_macro   0x00000000      0xa90 Drivers/STM32F1xx_HAL_Driver/Src/stm32f1xx_ll_gpio.o
 .debug_macro   0x00000000       0x2e Drivers/STM32F1xx_HAL_Driver/Src/stm32f1xx_ll_gpio.o
 .debug_macro   0x00000000       0x22 Drivers/STM32F1xx_HAL_Driver/Src/stm32f1xx_ll_gpio.o
 .debug_macro   0x00000000       0x22 Drivers/STM32F1xx_HAL_Driver/Src/stm32f1xx_ll_gpio.o
 .debug_macro   0x00000000       0x8e Drivers/STM32F1xx_HAL_Driver/Src/stm32f1xx_ll_gpio.o
 .debug_macro   0x00000000       0x51 Drivers/STM32F1xx_HAL_Driver/Src/stm32f1xx_ll_gpio.o
 .debug_macro   0x00000000       0xef Drivers/STM32F1xx_HAL_Driver/Src/stm32f1xx_ll_gpio.o
 .debug_macro   0x00000000       0x6a Drivers/STM32F1xx_HAL_Driver/Src/stm32f1xx_ll_gpio.o
 .debug_macro   0x00000000      0x1df Drivers/STM32F1xx_HAL_Driver/Src/stm32f1xx_ll_gpio.o
 .debug_macro   0x00000000       0x34 Drivers/STM32F1xx_HAL_Driver/Src/stm32f1xx_ll_gpio.o
 .debug_macro   0x00000000       0x34 Drivers/STM32F1xx_HAL_Driver/Src/stm32f1xx_ll_gpio.o
 .debug_macro   0x00000000      0xb8e Drivers/STM32F1xx_HAL_Driver/Src/stm32f1xx_ll_gpio.o
 .debug_macro   0x00000000     0xe911 Drivers/STM32F1xx_HAL_Driver/Src/stm32f1xx_ll_gpio.o
 .debug_macro   0x00000000       0x43 Drivers/STM32F1xx_HAL_Driver/Src/stm32f1xx_ll_gpio.o
 .debug_macro   0x00000000       0xe1 Drivers/STM32F1xx_HAL_Driver/Src/stm32f1xx_ll_gpio.o
 .group         0x00000000        0xc Drivers/STM32F1xx_HAL_Driver/Src/stm32f1xx_ll_pwr.o
 .group         0x00000000        0xc Drivers/STM32F1xx_HAL_Driver/Src/stm32f1xx_ll_pwr.o
 .group         0x00000000        0xc Drivers/STM32F1xx_HAL_Driver/Src/stm32f1xx_ll_pwr.o
 .group         0x00000000        0xc Drivers/STM32F1xx_HAL_Driver/Src/stm32f1xx_ll_pwr.o
 .group         0x00000000        0xc Drivers/STM32F1xx_HAL_Driver/Src/stm32f1xx_ll_pwr.o
 .group         0x00000000        0xc Drivers/STM32F1xx_HAL_Driver/Src/stm32f1xx_ll_pwr.o
 .group         0x00000000        0xc Drivers/STM32F1xx_HAL_Driver/Src/stm32f1xx_ll_pwr.o
 .group         0x00000000        0xc Drivers/STM32F1xx_HAL_Driver/Src/stm32f1xx_ll_pwr.o
 .group         0x00000000        0xc Drivers/STM32F1xx_HAL_Driver/Src/stm32f1xx_ll_pwr.o
 .group         0x00000000        0xc Drivers/STM32F1xx_HAL_Driver/Src/stm32f1xx_ll_pwr.o
 .group         0x00000000        0xc Drivers/STM32F1xx_HAL_Driver/Src/stm32f1xx_ll_pwr.o
 .group         0x00000000        0xc Drivers/STM32F1xx_HAL_Driver/Src/stm32f1xx_ll_pwr.o
 .group         0x00000000        0xc Drivers/STM32F1xx_HAL_Driver/Src/stm32f1xx_ll_pwr.o
 .group         0x00000000        0xc Drivers/STM32F1xx_HAL_Driver/Src/stm32f1xx_ll_pwr.o
 .group         0x00000000        0xc Drivers/STM32F1xx_HAL_Driver/Src/stm32f1xx_ll_pwr.o
 .group         0x00000000        0xc Drivers/STM32F1xx_HAL_Driver/Src/stm32f1xx_ll_pwr.o
 .text          0x00000000        0x0 Drivers/STM32F1xx_HAL_Driver/Src/stm32f1xx_ll_pwr.o
 .data          0x00000000        0x0 Drivers/STM32F1xx_HAL_Driver/Src/stm32f1xx_ll_pwr.o
 .bss           0x00000000        0x0 Drivers/STM32F1xx_HAL_Driver/Src/stm32f1xx_ll_pwr.o
 .text.LL_PWR_DeInit
                0x00000000       0x1c Drivers/STM32F1xx_HAL_Driver/Src/stm32f1xx_ll_pwr.o
 .debug_info    0x00000000      0x254 Drivers/STM32F1xx_HAL_Driver/Src/stm32f1xx_ll_pwr.o
 .debug_abbrev  0x00000000      0x140 Drivers/STM32F1xx_HAL_Driver/Src/stm32f1xx_ll_pwr.o
 .debug_loc     0x00000000       0x2c Drivers/STM32F1xx_HAL_Driver/Src/stm32f1xx_ll_pwr.o
 .debug_aranges
                0x00000000       0x20 Drivers/STM32F1xx_HAL_Driver/Src/stm32f1xx_ll_pwr.o
 .debug_ranges  0x00000000       0x10 Drivers/STM32F1xx_HAL_Driver/Src/stm32f1xx_ll_pwr.o
 .debug_macro   0x00000000       0xd7 Drivers/STM32F1xx_HAL_Driver/Src/stm32f1xx_ll_pwr.o
 .debug_macro   0x00000000      0xa90 Drivers/STM32F1xx_HAL_Driver/Src/stm32f1xx_ll_pwr.o
 .debug_macro   0x00000000       0x2e Drivers/STM32F1xx_HAL_Driver/Src/stm32f1xx_ll_pwr.o
 .debug_macro   0x00000000       0x22 Drivers/STM32F1xx_HAL_Driver/Src/stm32f1xx_ll_pwr.o
 .debug_macro   0x00000000       0x22 Drivers/STM32F1xx_HAL_Driver/Src/stm32f1xx_ll_pwr.o
 .debug_macro   0x00000000       0x8e Drivers/STM32F1xx_HAL_Driver/Src/stm32f1xx_ll_pwr.o
 .debug_macro   0x00000000       0x51 Drivers/STM32F1xx_HAL_Driver/Src/stm32f1xx_ll_pwr.o
 .debug_macro   0x00000000       0xef Drivers/STM32F1xx_HAL_Driver/Src/stm32f1xx_ll_pwr.o
 .debug_macro   0x00000000       0x6a Drivers/STM32F1xx_HAL_Driver/Src/stm32f1xx_ll_pwr.o
 .debug_macro   0x00000000      0x1df Drivers/STM32F1xx_HAL_Driver/Src/stm32f1xx_ll_pwr.o
 .debug_macro   0x00000000       0x34 Drivers/STM32F1xx_HAL_Driver/Src/stm32f1xx_ll_pwr.o
 .debug_macro   0x00000000       0x34 Drivers/STM32F1xx_HAL_Driver/Src/stm32f1xx_ll_pwr.o
 .debug_macro   0x00000000      0xb8e Drivers/STM32F1xx_HAL_Driver/Src/stm32f1xx_ll_pwr.o
 .debug_macro   0x00000000     0xe911 Drivers/STM32F1xx_HAL_Driver/Src/stm32f1xx_ll_pwr.o
 .debug_macro   0x00000000       0x43 Drivers/STM32F1xx_HAL_Driver/Src/stm32f1xx_ll_pwr.o
 .debug_macro   0x00000000       0x8a Drivers/STM32F1xx_HAL_Driver/Src/stm32f1xx_ll_pwr.o
 .debug_macro   0x00000000       0xe1 Drivers/STM32F1xx_HAL_Driver/Src/stm32f1xx_ll_pwr.o
 .debug_line    0x00000000      0x471 Drivers/STM32F1xx_HAL_Driver/Src/stm32f1xx_ll_pwr.o
 .debug_str     0x00000000    0x56414 Drivers/STM32F1xx_HAL_Driver/Src/stm32f1xx_ll_pwr.o
 .comment       0x00000000       0x80 Drivers/STM32F1xx_HAL_Driver/Src/stm32f1xx_ll_pwr.o
 .debug_frame   0x00000000       0x20 Drivers/STM32F1xx_HAL_Driver/Src/stm32f1xx_ll_pwr.o
 .ARM.attributes
                0x00000000       0x33 Drivers/STM32F1xx_HAL_Driver/Src/stm32f1xx_ll_pwr.o
 .group         0x00000000        0xc Drivers/STM32F1xx_HAL_Driver/Src/stm32f1xx_ll_rcc.o
 .group         0x00000000        0xc Drivers/STM32F1xx_HAL_Driver/Src/stm32f1xx_ll_rcc.o
 .group         0x00000000        0xc Drivers/STM32F1xx_HAL_Driver/Src/stm32f1xx_ll_rcc.o
 .group         0x00000000        0xc Drivers/STM32F1xx_HAL_Driver/Src/stm32f1xx_ll_rcc.o
 .group         0x00000000        0xc Drivers/STM32F1xx_HAL_Driver/Src/stm32f1xx_ll_rcc.o
 .group         0x00000000        0xc Drivers/STM32F1xx_HAL_Driver/Src/stm32f1xx_ll_rcc.o
 .group         0x00000000        0xc Drivers/STM32F1xx_HAL_Driver/Src/stm32f1xx_ll_rcc.o
 .group         0x00000000        0xc Drivers/STM32F1xx_HAL_Driver/Src/stm32f1xx_ll_rcc.o
 .group         0x00000000        0xc Drivers/STM32F1xx_HAL_Driver/Src/stm32f1xx_ll_rcc.o
 .group         0x00000000        0xc Drivers/STM32F1xx_HAL_Driver/Src/stm32f1xx_ll_rcc.o
 .group         0x00000000        0xc Drivers/STM32F1xx_HAL_Driver/Src/stm32f1xx_ll_rcc.o
 .group         0x00000000        0xc Drivers/STM32F1xx_HAL_Driver/Src/stm32f1xx_ll_rcc.o
 .group         0x00000000        0xc Drivers/STM32F1xx_HAL_Driver/Src/stm32f1xx_ll_rcc.o
 .group         0x00000000        0xc Drivers/STM32F1xx_HAL_Driver/Src/stm32f1xx_ll_rcc.o
 .group         0x00000000        0xc Drivers/STM32F1xx_HAL_Driver/Src/stm32f1xx_ll_rcc.o
 .text          0x00000000        0x0 Drivers/STM32F1xx_HAL_Driver/Src/stm32f1xx_ll_rcc.o
 .data          0x00000000        0x0 Drivers/STM32F1xx_HAL_Driver/Src/stm32f1xx_ll_rcc.o
 .bss           0x00000000        0x0 Drivers/STM32F1xx_HAL_Driver/Src/stm32f1xx_ll_rcc.o
 .text.LL_RCC_DeInit
                0x00000000       0x68 Drivers/STM32F1xx_HAL_Driver/Src/stm32f1xx_ll_rcc.o
 .text.LL_RCC_GetUSBClockFreq
                0x00000000       0x40 Drivers/STM32F1xx_HAL_Driver/Src/stm32f1xx_ll_rcc.o
 .text.LL_RCC_GetADCClockFreq
                0x00000000       0x30 Drivers/STM32F1xx_HAL_Driver/Src/stm32f1xx_ll_rcc.o
 .debug_macro   0x00000000      0xa90 Drivers/STM32F1xx_HAL_Driver/Src/stm32f1xx_ll_rcc.o
 .debug_macro   0x00000000       0x2e Drivers/STM32F1xx_HAL_Driver/Src/stm32f1xx_ll_rcc.o
 .debug_macro   0x00000000       0x22 Drivers/STM32F1xx_HAL_Driver/Src/stm32f1xx_ll_rcc.o
 .debug_macro   0x00000000       0x22 Drivers/STM32F1xx_HAL_Driver/Src/stm32f1xx_ll_rcc.o
 .debug_macro   0x00000000       0x8e Drivers/STM32F1xx_HAL_Driver/Src/stm32f1xx_ll_rcc.o
 .debug_macro   0x00000000       0x51 Drivers/STM32F1xx_HAL_Driver/Src/stm32f1xx_ll_rcc.o
 .debug_macro   0x00000000       0xef Drivers/STM32F1xx_HAL_Driver/Src/stm32f1xx_ll_rcc.o
 .debug_macro   0x00000000       0x6a Drivers/STM32F1xx_HAL_Driver/Src/stm32f1xx_ll_rcc.o
 .debug_macro   0x00000000      0x1df Drivers/STM32F1xx_HAL_Driver/Src/stm32f1xx_ll_rcc.o
 .debug_macro   0x00000000       0x34 Drivers/STM32F1xx_HAL_Driver/Src/stm32f1xx_ll_rcc.o
 .debug_macro   0x00000000       0x34 Drivers/STM32F1xx_HAL_Driver/Src/stm32f1xx_ll_rcc.o
 .debug_macro   0x00000000      0xb8e Drivers/STM32F1xx_HAL_Driver/Src/stm32f1xx_ll_rcc.o
 .debug_macro   0x00000000     0xe911 Drivers/STM32F1xx_HAL_Driver/Src/stm32f1xx_ll_rcc.o
 .debug_macro   0x00000000       0x43 Drivers/STM32F1xx_HAL_Driver/Src/stm32f1xx_ll_rcc.o
 .group         0x00000000        0xc Drivers/STM32F1xx_HAL_Driver/Src/stm32f1xx_ll_usart.o
 .group         0x00000000        0xc Drivers/STM32F1xx_HAL_Driver/Src/stm32f1xx_ll_usart.o
 .group         0x00000000        0xc Drivers/STM32F1xx_HAL_Driver/Src/stm32f1xx_ll_usart.o
 .group         0x00000000        0xc Drivers/STM32F1xx_HAL_Driver/Src/stm32f1xx_ll_usart.o
 .group         0x00000000        0xc Drivers/STM32F1xx_HAL_Driver/Src/stm32f1xx_ll_usart.o
 .group         0x00000000        0xc Drivers/STM32F1xx_HAL_Driver/Src/stm32f1xx_ll_usart.o
 .group         0x00000000        0xc Drivers/STM32F1xx_HAL_Driver/Src/stm32f1xx_ll_usart.o
 .group         0x00000000        0xc Drivers/STM32F1xx_HAL_Driver/Src/stm32f1xx_ll_usart.o
 .group         0x00000000        0xc Drivers/STM32F1xx_HAL_Driver/Src/stm32f1xx_ll_usart.o
 .group         0x00000000        0xc Drivers/STM32F1xx_HAL_Driver/Src/stm32f1xx_ll_usart.o
 .group         0x00000000        0xc Drivers/STM32F1xx_HAL_Driver/Src/stm32f1xx_ll_usart.o
 .group         0x00000000        0xc Drivers/STM32F1xx_HAL_Driver/Src/stm32f1xx_ll_usart.o
 .group         0x00000000        0xc Drivers/STM32F1xx_HAL_Driver/Src/stm32f1xx_ll_usart.o
 .group         0x00000000        0xc Drivers/STM32F1xx_HAL_Driver/Src/stm32f1xx_ll_usart.o
 .group         0x00000000        0xc Drivers/STM32F1xx_HAL_Driver/Src/stm32f1xx_ll_usart.o
 .group         0x00000000        0xc Drivers/STM32F1xx_HAL_Driver/Src/stm32f1xx_ll_usart.o
 .group         0x00000000        0xc Drivers/STM32F1xx_HAL_Driver/Src/stm32f1xx_ll_usart.o
 .text          0x00000000        0x0 Drivers/STM32F1xx_HAL_Driver/Src/stm32f1xx_ll_usart.o
 .data          0x00000000        0x0 Drivers/STM32F1xx_HAL_Driver/Src/stm32f1xx_ll_usart.o
 .bss           0x00000000        0x0 Drivers/STM32F1xx_HAL_Driver/Src/stm32f1xx_ll_usart.o
 .text.LL_USART_DeInit
                0x00000000       0x6c Drivers/STM32F1xx_HAL_Driver/Src/stm32f1xx_ll_usart.o
 .text.LL_USART_StructInit
                0x00000000       0x16 Drivers/STM32F1xx_HAL_Driver/Src/stm32f1xx_ll_usart.o
 .text.LL_USART_ClockInit
                0x00000000       0x3c Drivers/STM32F1xx_HAL_Driver/Src/stm32f1xx_ll_usart.o
 .text.LL_USART_ClockStructInit
                0x00000000        0xc Drivers/STM32F1xx_HAL_Driver/Src/stm32f1xx_ll_usart.o
 .debug_macro   0x00000000      0xa90 Drivers/STM32F1xx_HAL_Driver/Src/stm32f1xx_ll_usart.o
 .debug_macro   0x00000000       0x2e Drivers/STM32F1xx_HAL_Driver/Src/stm32f1xx_ll_usart.o
 .debug_macro   0x00000000       0x22 Drivers/STM32F1xx_HAL_Driver/Src/stm32f1xx_ll_usart.o
 .debug_macro   0x00000000       0x22 Drivers/STM32F1xx_HAL_Driver/Src/stm32f1xx_ll_usart.o
 .debug_macro   0x00000000       0x8e Drivers/STM32F1xx_HAL_Driver/Src/stm32f1xx_ll_usart.o
 .debug_macro   0x00000000       0x51 Drivers/STM32F1xx_HAL_Driver/Src/stm32f1xx_ll_usart.o
 .debug_macro   0x00000000       0xef Drivers/STM32F1xx_HAL_Driver/Src/stm32f1xx_ll_usart.o
 .debug_macro   0x00000000       0x6a Drivers/STM32F1xx_HAL_Driver/Src/stm32f1xx_ll_usart.o
 .debug_macro   0x00000000      0x1df Drivers/STM32F1xx_HAL_Driver/Src/stm32f1xx_ll_usart.o
 .debug_macro   0x00000000       0x34 Drivers/STM32F1xx_HAL_Driver/Src/stm32f1xx_ll_usart.o
 .debug_macro   0x00000000       0x34 Drivers/STM32F1xx_HAL_Driver/Src/stm32f1xx_ll_usart.o
 .debug_macro   0x00000000      0xb8e Drivers/STM32F1xx_HAL_Driver/Src/stm32f1xx_ll_usart.o
 .debug_macro   0x00000000     0xe911 Drivers/STM32F1xx_HAL_Driver/Src/stm32f1xx_ll_usart.o
 .debug_macro   0x00000000       0x43 Drivers/STM32F1xx_HAL_Driver/Src/stm32f1xx_ll_usart.o
 .debug_macro   0x00000000       0xe1 Drivers/STM32F1xx_HAL_Driver/Src/stm32f1xx_ll_usart.o
 .group         0x00000000        0xc Drivers/STM32F1xx_HAL_Driver/Src/stm32f1xx_ll_utils.o
 .group         0x00000000        0xc Drivers/STM32F1xx_HAL_Driver/Src/stm32f1xx_ll_utils.o
 .group         0x00000000        0xc Drivers/STM32F1xx_HAL_Driver/Src/stm32f1xx_ll_utils.o
 .group         0x00000000        0xc Drivers/STM32F1xx_HAL_Driver/Src/stm32f1xx_ll_utils.o
 .group         0x00000000        0xc Drivers/STM32F1xx_HAL_Driver/Src/stm32f1xx_ll_utils.o
 .group         0x00000000        0xc Drivers/STM32F1xx_HAL_Driver/Src/stm32f1xx_ll_utils.o
 .group         0x00000000        0xc Drivers/STM32F1xx_HAL_Driver/Src/stm32f1xx_ll_utils.o
 .group         0x00000000        0xc Drivers/STM32F1xx_HAL_Driver/Src/stm32f1xx_ll_utils.o
 .group         0x00000000        0xc Drivers/STM32F1xx_HAL_Driver/Src/stm32f1xx_ll_utils.o
 .group         0x00000000        0xc Drivers/STM32F1xx_HAL_Driver/Src/stm32f1xx_ll_utils.o
 .group         0x00000000        0xc Drivers/STM32F1xx_HAL_Driver/Src/stm32f1xx_ll_utils.o
 .group         0x00000000        0xc Drivers/STM32F1xx_HAL_Driver/Src/stm32f1xx_ll_utils.o
 .group         0x00000000        0xc Drivers/STM32F1xx_HAL_Driver/Src/stm32f1xx_ll_utils.o
 .group         0x00000000        0xc Drivers/STM32F1xx_HAL_Driver/Src/stm32f1xx_ll_utils.o
 .group         0x00000000        0xc Drivers/STM32F1xx_HAL_Driver/Src/stm32f1xx_ll_utils.o
 .group         0x00000000        0xc Drivers/STM32F1xx_HAL_Driver/Src/stm32f1xx_ll_utils.o
 .group         0x00000000        0xc Drivers/STM32F1xx_HAL_Driver/Src/stm32f1xx_ll_utils.o
 .text          0x00000000        0x0 Drivers/STM32F1xx_HAL_Driver/Src/stm32f1xx_ll_utils.o
 .data          0x00000000        0x0 Drivers/STM32F1xx_HAL_Driver/Src/stm32f1xx_ll_utils.o
 .bss           0x00000000        0x0 Drivers/STM32F1xx_HAL_Driver/Src/stm32f1xx_ll_utils.o
 .text.UTILS_SetFlashLatency
                0x00000000       0x48 Drivers/STM32F1xx_HAL_Driver/Src/stm32f1xx_ll_utils.o
 .text.UTILS_GetPLLOutputFrequency
                0x00000000       0x16 Drivers/STM32F1xx_HAL_Driver/Src/stm32f1xx_ll_utils.o
 .text.UTILS_PLL_IsBusy
                0x00000000       0x18 Drivers/STM32F1xx_HAL_Driver/Src/stm32f1xx_ll_utils.o
 .text.LL_mDelay
                0x00000000       0x2c Drivers/STM32F1xx_HAL_Driver/Src/stm32f1xx_ll_utils.o
 .text.UTILS_EnablePLLAndSwitchSystem
                0x00000000       0xb4 Drivers/STM32F1xx_HAL_Driver/Src/stm32f1xx_ll_utils.o
 .text.LL_PLL_ConfigSystemClock_HSI
                0x00000000       0x5c Drivers/STM32F1xx_HAL_Driver/Src/stm32f1xx_ll_utils.o
 .text.LL_PLL_ConfigSystemClock_HSE
                0x00000000       0x7c Drivers/STM32F1xx_HAL_Driver/Src/stm32f1xx_ll_utils.o
 .debug_macro   0x00000000      0xa90 Drivers/STM32F1xx_HAL_Driver/Src/stm32f1xx_ll_utils.o
 .debug_macro   0x00000000       0x2e Drivers/STM32F1xx_HAL_Driver/Src/stm32f1xx_ll_utils.o
 .debug_macro   0x00000000       0x22 Drivers/STM32F1xx_HAL_Driver/Src/stm32f1xx_ll_utils.o
 .debug_macro   0x00000000       0x22 Drivers/STM32F1xx_HAL_Driver/Src/stm32f1xx_ll_utils.o
 .debug_macro   0x00000000       0x8e Drivers/STM32F1xx_HAL_Driver/Src/stm32f1xx_ll_utils.o
 .debug_macro   0x00000000       0x51 Drivers/STM32F1xx_HAL_Driver/Src/stm32f1xx_ll_utils.o
 .debug_macro   0x00000000       0xef Drivers/STM32F1xx_HAL_Driver/Src/stm32f1xx_ll_utils.o
 .debug_macro   0x00000000       0x6a Drivers/STM32F1xx_HAL_Driver/Src/stm32f1xx_ll_utils.o
 .debug_macro   0x00000000      0x1df Drivers/STM32F1xx_HAL_Driver/Src/stm32f1xx_ll_utils.o
 .debug_macro   0x00000000       0x34 Drivers/STM32F1xx_HAL_Driver/Src/stm32f1xx_ll_utils.o
 .debug_macro   0x00000000       0x34 Drivers/STM32F1xx_HAL_Driver/Src/stm32f1xx_ll_utils.o
 .debug_macro   0x00000000      0xb8e Drivers/STM32F1xx_HAL_Driver/Src/stm32f1xx_ll_utils.o
 .debug_macro   0x00000000     0xe911 Drivers/STM32F1xx_HAL_Driver/Src/stm32f1xx_ll_utils.o
 .debug_macro   0x00000000       0x43 Drivers/STM32F1xx_HAL_Driver/Src/stm32f1xx_ll_utils.o
 .debug_macro   0x00000000      0x2c0 Drivers/STM32F1xx_HAL_Driver/Src/stm32f1xx_ll_utils.o
 .group         0x00000000        0xc Src/main.o
 .group         0x00000000        0xc Src/main.o
 .group         0x00000000        0xc Src/main.o
 .group         0x00000000        0xc Src/main.o
 .group         0x00000000        0xc Src/main.o
 .group         0x00000000        0xc Src/main.o
 .group         0x00000000        0xc Src/main.o
 .group         0x00000000        0xc Src/main.o
 .group         0x00000000        0xc Src/main.o
 .group         0x00000000        0xc Src/main.o
 .group         0x00000000        0xc Src/main.o
 .group         0x00000000        0xc Src/main.o
 .group         0x00000000        0xc Src/main.o
 .group         0x00000000        0xc Src/main.o
 .group         0x00000000        0xc Src/main.o
 .group         0x00000000        0xc Src/main.o
 .group         0x00000000        0xc Src/main.o
 .group         0x00000000        0xc Src/main.o
 .group         0x00000000        0xc Src/main.o
 .group         0x00000000        0xc Src/main.o
 .group         0x00000000        0xc Src/main.o
 .group         0x00000000        0xc Src/main.o
 .group         0x00000000        0xc Src/main.o
 .group         0x00000000        0xc Src/main.o
 .group         0x00000000        0xc Src/main.o
 .group         0x00000000        0xc Src/main.o
 .group         0x00000000        0xc Src/main.o
 .group         0x00000000        0xc Src/main.o
 .group         0x00000000        0xc Src/main.o
 .group         0x00000000        0xc Src/main.o
 .group         0x00000000        0xc Src/main.o
 .group         0x00000000        0xc Src/main.o
 .group         0x00000000        0xc Src/main.o
 .group         0x00000000        0xc Src/main.o
 .group         0x00000000        0xc Src/main.o
 .group         0x00000000        0xc Src/main.o
 .group         0x00000000        0xc Src/main.o
 .group         0x00000000        0xc Src/main.o
 .group         0x00000000        0xc Src/main.o
 .group         0x00000000        0xc Src/main.o
 .group         0x00000000        0xc Src/main.o
 .group         0x00000000        0xc Src/main.o
 .group         0x00000000        0xc Src/main.o
 .group         0x00000000        0xc Src/main.o
 .group         0x00000000        0xc Src/main.o
 .group         0x00000000        0xc Src/main.o
 .group         0x00000000        0xc Src/main.o
 .group         0x00000000        0xc Src/main.o
 .group         0x00000000        0xc Src/main.o
 .group         0x00000000        0xc Src/main.o
 .group         0x00000000        0xc Src/main.o
 .group         0x00000000        0xc Src/main.o
 .group         0x00000000        0xc Src/main.o
 .group         0x00000000        0xc Src/main.o
 .group         0x00000000        0xc Src/main.o
 .text          0x00000000        0x0 Src/main.o
 .data          0x00000000        0x0 Src/main.o
 .text.Error_Handler
                0x00000000        0x2 Src/main.o
 .debug_macro   0x00000000      0xa90 Src/main.o
 .debug_macro   0x00000000       0x2e Src/main.o
 .debug_macro   0x00000000       0x22 Src/main.o
 .debug_macro   0x00000000       0x22 Src/main.o
 .debug_macro   0x00000000       0x8e Src/main.o
 .debug_macro   0x00000000       0x51 Src/main.o
 .debug_macro   0x00000000       0xef Src/main.o
 .debug_macro   0x00000000       0x6a Src/main.o
 .debug_macro   0x00000000      0x1df Src/main.o
 .debug_macro   0x00000000       0x34 Src/main.o
 .debug_macro   0x00000000       0x34 Src/main.o
 .debug_macro   0x00000000      0xb8e Src/main.o
 .debug_macro   0x00000000     0xe911 Src/main.o
 .debug_macro   0x00000000       0x43 Src/main.o
 .debug_macro   0x00000000      0x2c0 Src/main.o
 .debug_macro   0x00000000       0xe1 Src/main.o
 .debug_macro   0x00000000       0x78 Src/main.o
 .debug_macro   0x00000000       0x2a Src/main.o
 .group         0x00000000        0xc Src/stm32f1xx_it.o
 .group         0x00000000        0xc Src/stm32f1xx_it.o
 .group         0x00000000        0xc Src/stm32f1xx_it.o
 .group         0x00000000        0xc Src/stm32f1xx_it.o
 .group         0x00000000        0xc Src/stm32f1xx_it.o
 .group         0x00000000        0xc Src/stm32f1xx_it.o
 .group         0x00000000        0xc Src/stm32f1xx_it.o
 .group         0x00000000        0xc Src/stm32f1xx_it.o
 .group         0x00000000        0xc Src/stm32f1xx_it.o
 .group         0x00000000        0xc Src/stm32f1xx_it.o
 .group         0x00000000        0xc Src/stm32f1xx_it.o
 .group         0x00000000        0xc Src/stm32f1xx_it.o
 .group         0x00000000        0xc Src/stm32f1xx_it.o
 .group         0x00000000        0xc Src/stm32f1xx_it.o
 .group         0x00000000        0xc Src/stm32f1xx_it.o
 .group         0x00000000        0xc Src/stm32f1xx_it.o
 .group         0x00000000        0xc Src/stm32f1xx_it.o
 .group         0x00000000        0xc Src/stm32f1xx_it.o
 .group         0x00000000        0xc Src/stm32f1xx_it.o
 .group         0x00000000        0xc Src/stm32f1xx_it.o
 .group         0x00000000        0xc Src/stm32f1xx_it.o
 .group         0x00000000        0xc Src/stm32f1xx_it.o
 .group         0x00000000        0xc Src/stm32f1xx_it.o
 .group         0x00000000        0xc Src/stm32f1xx_it.o
 .group         0x00000000        0xc Src/stm32f1xx_it.o
 .text          0x00000000        0x0 Src/stm32f1xx_it.o
 .data          0x00000000        0x0 Src/stm32f1xx_it.o
 .bss           0x00000000        0x0 Src/stm32f1xx_it.o
 .text.USART2_IRQHandler
                0x00000000        0x2 Src/stm32f1xx_it.o
 .debug_macro   0x00000000      0xa90 Src/stm32f1xx_it.o
 .debug_macro   0x00000000       0x2e Src/stm32f1xx_it.o
 .debug_macro   0x00000000       0x22 Src/stm32f1xx_it.o
 .debug_macro   0x00000000       0x22 Src/stm32f1xx_it.o
 .debug_macro   0x00000000       0x8e Src/stm32f1xx_it.o
 .debug_macro   0x00000000       0x51 Src/stm32f1xx_it.o
 .debug_macro   0x00000000       0xef Src/stm32f1xx_it.o
 .debug_macro   0x00000000       0x6a Src/stm32f1xx_it.o
 .debug_macro   0x00000000      0x1df Src/stm32f1xx_it.o
 .debug_macro   0x00000000       0x34 Src/stm32f1xx_it.o
 .debug_macro   0x00000000       0x34 Src/stm32f1xx_it.o
 .debug_macro   0x00000000      0xb8e Src/stm32f1xx_it.o
 .debug_macro   0x00000000     0xe911 Src/stm32f1xx_it.o
 .debug_macro   0x00000000       0x43 Src/stm32f1xx_it.o
 .debug_macro   0x00000000      0x2c0 Src/stm32f1xx_it.o
 .debug_macro   0x00000000       0xe1 Src/stm32f1xx_it.o
 .debug_macro   0x00000000       0x78 Src/stm32f1xx_it.o
 .debug_macro   0x00000000       0xd0 Src/stm32f1xx_it.o
 .debug_macro   0x00000000       0x28 Src/stm32f1xx_it.o
 .debug_macro   0x00000000       0x2a Src/stm32f1xx_it.o
 .debug_macro   0x00000000       0x90 Src/stm32f1xx_it.o
 .debug_macro   0x00000000      0x287 Src/stm32f1xx_it.o
 .debug_macro   0x00000000      0x1ad Src/stm32f1xx_it.o
 .debug_macro   0x00000000      0x238 Src/stm32f1xx_it.o
 .debug_macro   0x00000000       0x22 Src/stm32f1xx_it.o
 .group         0x00000000        0xc Src/syscalls.o
 .group         0x00000000        0xc Src/syscalls.o
 .group         0x00000000        0xc Src/syscalls.o
 .group         0x00000000        0xc Src/syscalls.o
 .group         0x00000000        0xc Src/syscalls.o
 .group         0x00000000        0xc Src/syscalls.o
 .group         0x00000000        0xc Src/syscalls.o
 .group         0x00000000        0xc Src/syscalls.o
 .group         0x00000000        0xc Src/syscalls.o
 .group         0x00000000        0xc Src/syscalls.o
 .group         0x00000000        0xc Src/syscalls.o
 .group         0x00000000        0xc Src/syscalls.o
 .group         0x00000000        0xc Src/syscalls.o
 .group         0x00000000        0xc Src/syscalls.o
 .group         0x00000000        0xc Src/syscalls.o
 .group         0x00000000        0xc Src/syscalls.o
 .group         0x00000000        0xc Src/syscalls.o
 .group         0x00000000        0xc Src/syscalls.o
 .group         0x00000000        0xc Src/syscalls.o
 .group         0x00000000        0xc Src/syscalls.o
 .group         0x00000000        0xc Src/syscalls.o
 .group         0x00000000        0xc Src/syscalls.o
 .group         0x00000000        0xc Src/syscalls.o
 .group         0x00000000        0xc Src/syscalls.o
 .group         0x00000000        0xc Src/syscalls.o
 .group         0x00000000        0xc Src/syscalls.o
 .group         0x00000000        0xc Src/syscalls.o
 .group         0x00000000        0xc Src/syscalls.o
 .group         0x00000000        0xc Src/syscalls.o
 .group         0x00000000        0xc Src/syscalls.o
 .group         0x00000000        0xc Src/syscalls.o
 .group         0x00000000        0xc Src/syscalls.o
 .group         0x00000000        0xc Src/syscalls.o
 .group         0x00000000        0xc Src/syscalls.o
 .group         0x00000000        0xc Src/syscalls.o
 .group         0x00000000        0xc Src/syscalls.o
 .group         0x00000000        0xc Src/syscalls.o
 .group         0x00000000        0xc Src/syscalls.o
 .group         0x00000000        0xc Src/syscalls.o
 .group         0x00000000        0xc Src/syscalls.o
 .group         0x00000000        0xc Src/syscalls.o
 .group         0x00000000        0xc Src/syscalls.o
 .group         0x00000000        0xc Src/syscalls.o
 .group         0x00000000        0xc Src/syscalls.o
 .text          0x00000000        0x0 Src/syscalls.o
 .data          0x00000000        0x4 Src/syscalls.o
 .bss           0x00000000        0x8 Src/syscalls.o
 .text.initialise_monitor_handles
                0x00000000        0x2 Src/syscalls.o
 .text._getpid  0x00000000        0x4 Src/syscalls.o
 .text._kill    0x00000000       0x10 Src/syscalls.o
 .text._exit    0x00000000        0xc Src/syscalls.o
 .text._read    0x00000000       0x1c Src/syscalls.o
 .text._write   0x00000000       0x1c Src/syscalls.o
 .text._sbrk    0x00000000       0x3c Src/syscalls.o
 .text._close   0x00000000        0x6 Src/syscalls.o
 .text._fstat   0x00000000        0xa Src/syscalls.o
 .text._isatty  0x00000000        0x4 Src/syscalls.o
 .text._lseek   0x00000000        0x4 Src/syscalls.o
 .text._open    0x00000000        0xa Src/syscalls.o
 .text._wait    0x00000000       0x10 Src/syscalls.o
 .text._unlink  0x00000000       0x10 Src/syscalls.o
 .text._times   0x00000000        0x6 Src/syscalls.o
 .text._stat    0x00000000        0xa Src/syscalls.o
 .text._link    0x00000000       0x10 Src/syscalls.o
 .text._fork    0x00000000       0x10 Src/syscalls.o
 .text._execve  0x00000000       0x10 Src/syscalls.o
 .debug_info    0x00000000      0xfd3 Src/syscalls.o
 .debug_abbrev  0x00000000      0x2d4 Src/syscalls.o
 .debug_loc     0x00000000      0x3af Src/syscalls.o
 .debug_aranges
                0x00000000       0xb0 Src/syscalls.o
 .debug_ranges  0x00000000       0xa0 Src/syscalls.o
 .debug_macro   0x00000000      0x243 Src/syscalls.o
 .debug_macro   0x00000000      0xa90 Src/syscalls.o
 .debug_macro   0x00000000       0x22 Src/syscalls.o
 .debug_macro   0x00000000       0x58 Src/syscalls.o
 .debug_macro   0x00000000       0x18 Src/syscalls.o
 .debug_macro   0x00000000       0x94 Src/syscalls.o
 .debug_macro   0x00000000       0x35 Src/syscalls.o
 .debug_macro   0x00000000       0x34 Src/syscalls.o
 .debug_macro   0x00000000       0x57 Src/syscalls.o
 .debug_macro   0x00000000      0x174 Src/syscalls.o
 .debug_macro   0x00000000      0x330 Src/syscalls.o
 .debug_macro   0x00000000       0x58 Src/syscalls.o
 .debug_macro   0x00000000       0x1f Src/syscalls.o
 .debug_macro   0x00000000       0x43 Src/syscalls.o
 .debug_macro   0x00000000       0x20 Src/syscalls.o
 .debug_macro   0x00000000      0x18e Src/syscalls.o
 .debug_macro   0x00000000       0x10 Src/syscalls.o
 .debug_macro   0x00000000       0x35 Src/syscalls.o
 .debug_macro   0x00000000       0x10 Src/syscalls.o
 .debug_macro   0x00000000       0x10 Src/syscalls.o
 .debug_macro   0x00000000       0x10 Src/syscalls.o
 .debug_macro   0x00000000       0x6a Src/syscalls.o
 .debug_macro   0x00000000       0x1c Src/syscalls.o
 .debug_macro   0x00000000       0x52 Src/syscalls.o
 .debug_macro   0x00000000       0x40 Src/syscalls.o
 .debug_macro   0x00000000       0x10 Src/syscalls.o
 .debug_macro   0x00000000       0x40 Src/syscalls.o
 .debug_macro   0x00000000       0xd7 Src/syscalls.o
 .debug_macro   0x00000000       0x1c Src/syscalls.o
 .debug_macro   0x00000000       0x3d Src/syscalls.o
 .debug_macro   0x00000000       0x35 Src/syscalls.o
 .debug_macro   0x00000000      0x122 Src/syscalls.o
 .debug_macro   0x00000000       0x16 Src/syscalls.o
 .debug_macro   0x00000000       0x16 Src/syscalls.o
 .debug_macro   0x00000000       0x29 Src/syscalls.o
 .debug_macro   0x00000000       0x10 Src/syscalls.o
 .debug_macro   0x00000000      0x241 Src/syscalls.o
 .debug_macro   0x00000000       0x1c Src/syscalls.o
 .debug_macro   0x00000000       0x10 Src/syscalls.o
 .debug_macro   0x00000000       0x10 Src/syscalls.o
 .debug_macro   0x00000000       0x16 Src/syscalls.o
 .debug_macro   0x00000000      0x16f Src/syscalls.o
 .debug_macro   0x00000000      0x189 Src/syscalls.o
 .debug_macro   0x00000000       0x16 Src/syscalls.o
 .debug_macro   0x00000000       0x88 Src/syscalls.o
 .debug_line    0x00000000      0x5d1 Src/syscalls.o
 .debug_str     0x00000000     0x8623 Src/syscalls.o
 .comment       0x00000000       0x80 Src/syscalls.o
 .debug_frame   0x00000000      0x1a8 Src/syscalls.o
 .ARM.attributes
                0x00000000       0x33 Src/syscalls.o
 .group         0x00000000        0xc Src/system_stm32f1xx.o
 .group         0x00000000        0xc Src/system_stm32f1xx.o
 .group         0x00000000        0xc Src/system_stm32f1xx.o
 .group         0x00000000        0xc Src/system_stm32f1xx.o
 .group         0x00000000        0xc Src/system_stm32f1xx.o
 .group         0x00000000        0xc Src/system_stm32f1xx.o
 .group         0x00000000        0xc Src/system_stm32f1xx.o
 .group         0x00000000        0xc Src/system_stm32f1xx.o
 .group         0x00000000        0xc Src/system_stm32f1xx.o
 .group         0x00000000        0xc Src/system_stm32f1xx.o
 .group         0x00000000        0xc Src/system_stm32f1xx.o
 .group         0x00000000        0xc Src/system_stm32f1xx.o
 .group         0x00000000        0xc Src/system_stm32f1xx.o
 .group         0x00000000        0xc Src/system_stm32f1xx.o
 .text          0x00000000        0x0 Src/system_stm32f1xx.o
 .bss           0x00000000        0x0 Src/system_stm32f1xx.o
 .text.SystemCoreClockUpdate
                0x00000000       0x94 Src/system_stm32f1xx.o
 .debug_macro   0x00000000      0xa90 Src/system_stm32f1xx.o
 .debug_macro   0x00000000       0x2e Src/system_stm32f1xx.o
 .debug_macro   0x00000000       0x22 Src/system_stm32f1xx.o
 .debug_macro   0x00000000       0x22 Src/system_stm32f1xx.o
 .debug_macro   0x00000000       0x8e Src/system_stm32f1xx.o
 .debug_macro   0x00000000       0x51 Src/system_stm32f1xx.o
 .debug_macro   0x00000000       0xef Src/system_stm32f1xx.o
 .debug_macro   0x00000000       0x6a Src/system_stm32f1xx.o
 .debug_macro   0x00000000      0x1df Src/system_stm32f1xx.o
 .debug_macro   0x00000000       0x34 Src/system_stm32f1xx.o
 .debug_macro   0x00000000       0x34 Src/system_stm32f1xx.o
 .debug_macro   0x00000000      0xb8e Src/system_stm32f1xx.o
 .debug_macro   0x00000000     0xe911 Src/system_stm32f1xx.o
 .debug_macro   0x00000000       0x43 Src/system_stm32f1xx.o
 .text          0x00000000       0x14 startup/startup_stm32f103xb.o
 .data          0x00000000        0x0 startup/startup_stm32f103xb.o
 .bss           0x00000000        0x0 startup/startup_stm32f103xb.o
 .text          0x00000000        0x0 c:/ac6/systemworkbench/plugins/fr.ac6.mcu.externaltools.arm-none.win32_1.17.0.201812190825/tools/compiler/bin/../lib/gcc/arm-none-eabi/7.3.1/../../../../arm-none-eabi/lib/thumb/v7-m\libc_nano.a(lib_a-errno.o)
 .data          0x00000000        0x0 c:/ac6/systemworkbench/plugins/fr.ac6.mcu.externaltools.arm-none.win32_1.17.0.201812190825/tools/compiler/bin/../lib/gcc/arm-none-eabi/7.3.1/../../../../arm-none-eabi/lib/thumb/v7-m\libc_nano.a(lib_a-errno.o)
 .bss           0x00000000        0x0 c:/ac6/systemworkbench/plugins/fr.ac6.mcu.externaltools.arm-none.win32_1.17.0.201812190825/tools/compiler/bin/../lib/gcc/arm-none-eabi/7.3.1/../../../../arm-none-eabi/lib/thumb/v7-m\libc_nano.a(lib_a-errno.o)
 .text.__errno  0x00000000        0xc c:/ac6/systemworkbench/plugins/fr.ac6.mcu.externaltools.arm-none.win32_1.17.0.201812190825/tools/compiler/bin/../lib/gcc/arm-none-eabi/7.3.1/../../../../arm-none-eabi/lib/thumb/v7-m\libc_nano.a(lib_a-errno.o)
 .debug_frame   0x00000000       0x20 c:/ac6/systemworkbench/plugins/fr.ac6.mcu.externaltools.arm-none.win32_1.17.0.201812190825/tools/compiler/bin/../lib/gcc/arm-none-eabi/7.3.1/../../../../arm-none-eabi/lib/thumb/v7-m\libc_nano.a(lib_a-errno.o)
 .ARM.attributes
                0x00000000       0x2d c:/ac6/systemworkbench/plugins/fr.ac6.mcu.externaltools.arm-none.win32_1.17.0.201812190825/tools/compiler/bin/../lib/gcc/arm-none-eabi/7.3.1/../../../../arm-none-eabi/lib/thumb/v7-m\libc_nano.a(lib_a-errno.o)
 .text          0x00000000        0x0 c:/ac6/systemworkbench/plugins/fr.ac6.mcu.externaltools.arm-none.win32_1.17.0.201812190825/tools/compiler/bin/../lib/gcc/arm-none-eabi/7.3.1/../../../../arm-none-eabi/lib/thumb/v7-m\libc_nano.a(lib_a-exit.o)
 .data          0x00000000        0x0 c:/ac6/systemworkbench/plugins/fr.ac6.mcu.externaltools.arm-none.win32_1.17.0.201812190825/tools/compiler/bin/../lib/gcc/arm-none-eabi/7.3.1/../../../../arm-none-eabi/lib/thumb/v7-m\libc_nano.a(lib_a-exit.o)
 .bss           0x00000000        0x0 c:/ac6/systemworkbench/plugins/fr.ac6.mcu.externaltools.arm-none.win32_1.17.0.201812190825/tools/compiler/bin/../lib/gcc/arm-none-eabi/7.3.1/../../../../arm-none-eabi/lib/thumb/v7-m\libc_nano.a(lib_a-exit.o)
 .text.exit     0x00000000       0x28 c:/ac6/systemworkbench/plugins/fr.ac6.mcu.externaltools.arm-none.win32_1.17.0.201812190825/tools/compiler/bin/../lib/gcc/arm-none-eabi/7.3.1/../../../../arm-none-eabi/lib/thumb/v7-m\libc_nano.a(lib_a-exit.o)
 .debug_frame   0x00000000       0x28 c:/ac6/systemworkbench/plugins/fr.ac6.mcu.externaltools.arm-none.win32_1.17.0.201812190825/tools/compiler/bin/../lib/gcc/arm-none-eabi/7.3.1/../../../../arm-none-eabi/lib/thumb/v7-m\libc_nano.a(lib_a-exit.o)
 .ARM.attributes
                0x00000000       0x2d c:/ac6/systemworkbench/plugins/fr.ac6.mcu.externaltools.arm-none.win32_1.17.0.201812190825/tools/compiler/bin/../lib/gcc/arm-none-eabi/7.3.1/../../../../arm-none-eabi/lib/thumb/v7-m\libc_nano.a(lib_a-exit.o)
 .text          0x00000000        0x0 c:/ac6/systemworkbench/plugins/fr.ac6.mcu.externaltools.arm-none.win32_1.17.0.201812190825/tools/compiler/bin/../lib/gcc/arm-none-eabi/7.3.1/../../../../arm-none-eabi/lib/thumb/v7-m\libc_nano.a(lib_a-impure.o)
 .data          0x00000000        0x0 c:/ac6/systemworkbench/plugins/fr.ac6.mcu.externaltools.arm-none.win32_1.17.0.201812190825/tools/compiler/bin/../lib/gcc/arm-none-eabi/7.3.1/../../../../arm-none-eabi/lib/thumb/v7-m\libc_nano.a(lib_a-impure.o)
 .bss           0x00000000        0x0 c:/ac6/systemworkbench/plugins/fr.ac6.mcu.externaltools.arm-none.win32_1.17.0.201812190825/tools/compiler/bin/../lib/gcc/arm-none-eabi/7.3.1/../../../../arm-none-eabi/lib/thumb/v7-m\libc_nano.a(lib_a-impure.o)
 .data._impure_ptr
                0x00000000        0x4 c:/ac6/systemworkbench/plugins/fr.ac6.mcu.externaltools.arm-none.win32_1.17.0.201812190825/tools/compiler/bin/../lib/gcc/arm-none-eabi/7.3.1/../../../../arm-none-eabi/lib/thumb/v7-m\libc_nano.a(lib_a-impure.o)
 .data.impure_data
                0x00000000       0x60 c:/ac6/systemworkbench/plugins/fr.ac6.mcu.externaltools.arm-none.win32_1.17.0.201812190825/tools/compiler/bin/../lib/gcc/arm-none-eabi/7.3.1/../../../../arm-none-eabi/lib/thumb/v7-m\libc_nano.a(lib_a-impure.o)
 .rodata._global_impure_ptr
                0x00000000        0x4 c:/ac6/systemworkbench/plugins/fr.ac6.mcu.externaltools.arm-none.win32_1.17.0.201812190825/tools/compiler/bin/../lib/gcc/arm-none-eabi/7.3.1/../../../../arm-none-eabi/lib/thumb/v7-m\libc_nano.a(lib_a-impure.o)
 .ARM.attributes
                0x00000000       0x2d c:/ac6/systemworkbench/plugins/fr.ac6.mcu.externaltools.arm-none.win32_1.17.0.201812190825/tools/compiler/bin/../lib/gcc/arm-none-eabi/7.3.1/../../../../arm-none-eabi/lib/thumb/v7-m\libc_nano.a(lib_a-impure.o)
 .text          0x00000000        0x0 c:/ac6/systemworkbench/plugins/fr.ac6.mcu.externaltools.arm-none.win32_1.17.0.201812190825/tools/compiler/bin/../lib/gcc/arm-none-eabi/7.3.1/../../../../arm-none-eabi/lib/thumb/v7-m\libc_nano.a(lib_a-init.o)
 .data          0x00000000        0x0 c:/ac6/systemworkbench/plugins/fr.ac6.mcu.externaltools.arm-none.win32_1.17.0.201812190825/tools/compiler/bin/../lib/gcc/arm-none-eabi/7.3.1/../../../../arm-none-eabi/lib/thumb/v7-m\libc_nano.a(lib_a-init.o)
 .bss           0x00000000        0x0 c:/ac6/systemworkbench/plugins/fr.ac6.mcu.externaltools.arm-none.win32_1.17.0.201812190825/tools/compiler/bin/../lib/gcc/arm-none-eabi/7.3.1/../../../../arm-none-eabi/lib/thumb/v7-m\libc_nano.a(lib_a-init.o)
 .text          0x00000000        0x0 c:/ac6/systemworkbench/plugins/fr.ac6.mcu.externaltools.arm-none.win32_1.17.0.201812190825/tools/compiler/bin/../lib/gcc/arm-none-eabi/7.3.1/../../../../arm-none-eabi/lib/thumb/v7-m\libc_nano.a(lib_a-memset.o)
 .data          0x00000000        0x0 c:/ac6/systemworkbench/plugins/fr.ac6.mcu.externaltools.arm-none.win32_1.17.0.201812190825/tools/compiler/bin/../lib/gcc/arm-none-eabi/7.3.1/../../../../arm-none-eabi/lib/thumb/v7-m\libc_nano.a(lib_a-memset.o)
 .bss           0x00000000        0x0 c:/ac6/systemworkbench/plugins/fr.ac6.mcu.externaltools.arm-none.win32_1.17.0.201812190825/tools/compiler/bin/../lib/gcc/arm-none-eabi/7.3.1/../../../../arm-none-eabi/lib/thumb/v7-m\libc_nano.a(lib_a-memset.o)
 .text.memset   0x00000000       0x10 c:/ac6/systemworkbench/plugins/fr.ac6.mcu.externaltools.arm-none.win32_1.17.0.201812190825/tools/compiler/bin/../lib/gcc/arm-none-eabi/7.3.1/../../../../arm-none-eabi/lib/thumb/v7-m\libc_nano.a(lib_a-memset.o)
 .debug_frame   0x00000000       0x20 c:/ac6/systemworkbench/plugins/fr.ac6.mcu.externaltools.arm-none.win32_1.17.0.201812190825/tools/compiler/bin/../lib/gcc/arm-none-eabi/7.3.1/../../../../arm-none-eabi/lib/thumb/v7-m\libc_nano.a(lib_a-memset.o)
 .ARM.attributes
                0x00000000       0x2d c:/ac6/systemworkbench/plugins/fr.ac6.mcu.externaltools.arm-none.win32_1.17.0.201812190825/tools/compiler/bin/../lib/gcc/arm-none-eabi/7.3.1/../../../../arm-none-eabi/lib/thumb/v7-m\libc_nano.a(lib_a-memset.o)
 .data          0x00000000        0x0 c:/ac6/systemworkbench/plugins/fr.ac6.mcu.externaltools.arm-none.win32_1.17.0.201812190825/tools/compiler/bin/../lib/gcc/arm-none-eabi/7.3.1/../../../../arm-none-eabi/lib/thumb/v7-m\libc_nano.a(lib_a-strlen.o)
 .bss           0x00000000        0x0 c:/ac6/systemworkbench/plugins/fr.ac6.mcu.externaltools.arm-none.win32_1.17.0.201812190825/tools/compiler/bin/../lib/gcc/arm-none-eabi/7.3.1/../../../../arm-none-eabi/lib/thumb/v7-m\libc_nano.a(lib_a-strlen.o)
 .text          0x00000000        0x0 c:/ac6/systemworkbench/plugins/fr.ac6.mcu.externaltools.arm-none.win32_1.17.0.201812190825/tools/compiler/bin/../lib/gcc/arm-none-eabi/7.3.1/thumb/v7-m/crtend.o
 .data          0x00000000        0x0 c:/ac6/systemworkbench/plugins/fr.ac6.mcu.externaltools.arm-none.win32_1.17.0.201812190825/tools/compiler/bin/../lib/gcc/arm-none-eabi/7.3.1/thumb/v7-m/crtend.o
 .bss           0x00000000        0x0 c:/ac6/systemworkbench/plugins/fr.ac6.mcu.externaltools.arm-none.win32_1.17.0.201812190825/tools/compiler/bin/../lib/gcc/arm-none-eabi/7.3.1/thumb/v7-m/crtend.o
 .eh_frame      0x00000000        0x4 c:/ac6/systemworkbench/plugins/fr.ac6.mcu.externaltools.arm-none.win32_1.17.0.201812190825/tools/compiler/bin/../lib/gcc/arm-none-eabi/7.3.1/thumb/v7-m/crtend.o
 .ARM.attributes
                0x00000000       0x2d c:/ac6/systemworkbench/plugins/fr.ac6.mcu.externaltools.arm-none.win32_1.17.0.201812190825/tools/compiler/bin/../lib/gcc/arm-none-eabi/7.3.1/thumb/v7-m/crtend.o
 .text          0x00000000        0x0 c:/ac6/systemworkbench/plugins/fr.ac6.mcu.externaltools.arm-none.win32_1.17.0.201812190825/tools/compiler/bin/../lib/gcc/arm-none-eabi/7.3.1/thumb/v7-m/crtn.o
 .data          0x00000000        0x0 c:/ac6/systemworkbench/plugins/fr.ac6.mcu.externaltools.arm-none.win32_1.17.0.201812190825/tools/compiler/bin/../lib/gcc/arm-none-eabi/7.3.1/thumb/v7-m/crtn.o
 .bss           0x00000000        0x0 c:/ac6/systemworkbench/plugins/fr.ac6.mcu.externaltools.arm-none.win32_1.17.0.201812190825/tools/compiler/bin/../lib/gcc/arm-none-eabi/7.3.1/thumb/v7-m/crtn.o

Memory Configuration

Name             Origin             Length             Attributes
RAM              0x20000000         0x00005000         xrw
FLASH            0x08000000         0x00010000         xr
*default*        0x00000000         0xffffffff

Linker script and memory map

LOAD c:/ac6/systemworkbench/plugins/fr.ac6.mcu.externaltools.arm-none.win32_1.17.0.201812190825/tools/compiler/bin/../lib/gcc/arm-none-eabi/7.3.1/thumb/v7-m/crti.o
LOAD c:/ac6/systemworkbench/plugins/fr.ac6.mcu.externaltools.arm-none.win32_1.17.0.201812190825/tools/compiler/bin/../lib/gcc/arm-none-eabi/7.3.1/thumb/v7-m/crtbegin.o
LOAD c:/ac6/systemworkbench/plugins/fr.ac6.mcu.externaltools.arm-none.win32_1.17.0.201812190825/tools/compiler/bin/../lib/gcc/arm-none-eabi/7.3.1/../../../../arm-none-eabi/lib/thumb/v7-m/crt0.o
LOAD Drivers/STM32F1xx_HAL_Driver/Src/stm32f1xx_ll_dma.o
LOAD Drivers/STM32F1xx_HAL_Driver/Src/stm32f1xx_ll_exti.o
LOAD Drivers/STM32F1xx_HAL_Driver/Src/stm32f1xx_ll_gpio.o
LOAD Drivers/STM32F1xx_HAL_Driver/Src/stm32f1xx_ll_pwr.o
LOAD Drivers/STM32F1xx_HAL_Driver/Src/stm32f1xx_ll_rcc.o
LOAD Drivers/STM32F1xx_HAL_Driver/Src/stm32f1xx_ll_usart.o
LOAD Drivers/STM32F1xx_HAL_Driver/Src/stm32f1xx_ll_utils.o
LOAD Src/main.o
LOAD Src/stm32f1xx_it.o
LOAD Src/syscalls.o
LOAD Src/system_stm32f1xx.o
LOAD startup/startup_stm32f103xb.o
LOAD c:/ac6/systemworkbench/plugins/fr.ac6.mcu.externaltools.arm-none.win32_1.17.0.201812190825/tools/compiler/bin/../lib/gcc/arm-none-eabi/7.3.1/../../../../arm-none-eabi/lib/thumb/v7-m\libm.a
START GROUP
LOAD c:/ac6/systemworkbench/plugins/fr.ac6.mcu.externaltools.arm-none.win32_1.17.0.201812190825/tools/compiler/bin/../lib/gcc/arm-none-eabi/7.3.1/thumb/v7-m\libgcc.a
LOAD c:/ac6/systemworkbench/plugins/fr.ac6.mcu.externaltools.arm-none.win32_1.17.0.201812190825/tools/compiler/bin/../lib/gcc/arm-none-eabi/7.3.1/../../../../arm-none-eabi/lib/thumb/v7-m\libc_nano.a
END GROUP
START GROUP
LOAD c:/ac6/systemworkbench/plugins/fr.ac6.mcu.externaltools.arm-none.win32_1.17.0.201812190825/tools/compiler/bin/../lib/gcc/arm-none-eabi/7.3.1/thumb/v7-m\libgcc.a
LOAD c:/ac6/systemworkbench/plugins/fr.ac6.mcu.externaltools.arm-none.win32_1.17.0.201812190825/tools/compiler/bin/../lib/gcc/arm-none-eabi/7.3.1/../../../../arm-none-eabi/lib/thumb/v7-m\libc_nano.a
LOAD c:/ac6/systemworkbench/plugins/fr.ac6.mcu.externaltools.arm-none.win32_1.17.0.201812190825/tools/compiler/bin/../lib/gcc/arm-none-eabi/7.3.1/../../../../arm-none-eabi/lib/thumb/v7-m\libnosys.a
END GROUP
START GROUP
LOAD c:/ac6/systemworkbench/plugins/fr.ac6.mcu.externaltools.arm-none.win32_1.17.0.201812190825/tools/compiler/bin/../lib/gcc/arm-none-eabi/7.3.1/thumb/v7-m\libgcc.a
LOAD c:/ac6/systemworkbench/plugins/fr.ac6.mcu.externaltools.arm-none.win32_1.17.0.201812190825/tools/compiler/bin/../lib/gcc/arm-none-eabi/7.3.1/../../../../arm-none-eabi/lib/thumb/v7-m\libc_nano.a
LOAD c:/ac6/systemworkbench/plugins/fr.ac6.mcu.externaltools.arm-none.win32_1.17.0.201812190825/tools/compiler/bin/../lib/gcc/arm-none-eabi/7.3.1/../../../../arm-none-eabi/lib/thumb/v7-m\libnosys.a
END GROUP
LOAD c:/ac6/systemworkbench/plugins/fr.ac6.mcu.externaltools.arm-none.win32_1.17.0.201812190825/tools/compiler/bin/../lib/gcc/arm-none-eabi/7.3.1/thumb/v7-m/crtend.o
LOAD c:/ac6/systemworkbench/plugins/fr.ac6.mcu.externaltools.arm-none.win32_1.17.0.201812190825/tools/compiler/bin/../lib/gcc/arm-none-eabi/7.3.1/thumb/v7-m/crtn.o
                0x20005000                _estack = 0x20005000
                0x00000200                _Min_Heap_Size = 0x200
                0x00000400                _Min_Stack_Size = 0x400

.isr_vector     0x08000000      0x10c
                0x08000000                . = ALIGN (0x4)
 *(.isr_vector)
 .isr_vector    0x08000000      0x10c startup/startup_stm32f103xb.o
                0x08000000                g_pfnVectors
                0x0800010c                . = ALIGN (0x4)

.text           0x0800010c      0x81c
                0x0800010c                . = ALIGN (0x4)
 *(.text)
 .text          0x0800010c       0x40 c:/ac6/systemworkbench/plugins/fr.ac6.mcu.externaltools.arm-none.win32_1.17.0.201812190825/tools/compiler/bin/../lib/gcc/arm-none-eabi/7.3.1/thumb/v7-m/crtbegin.o
 .text          0x0800014c       0x10 c:/ac6/systemworkbench/plugins/fr.ac6.mcu.externaltools.arm-none.win32_1.17.0.201812190825/tools/compiler/bin/../lib/gcc/arm-none-eabi/7.3.1/../../../../arm-none-eabi/lib/thumb/v7-m\libc_nano.a(lib_a-strlen.o)
                0x0800014c                strlen
 *(.text*)
 .text.LL_GPIO_Init
                0x0800015c       0xf4 Drivers/STM32F1xx_HAL_Driver/Src/stm32f1xx_ll_gpio.o
                0x0800015c                LL_GPIO_Init
 .text.RCC_GetHCLKClockFreq
                0x08000250       0x18 Drivers/STM32F1xx_HAL_Driver/Src/stm32f1xx_ll_rcc.o
                0x08000250                RCC_GetHCLKClockFreq
 .text.RCC_GetPCLK1ClockFreq
                0x08000268       0x18 Drivers/STM32F1xx_HAL_Driver/Src/stm32f1xx_ll_rcc.o
                0x08000268                RCC_GetPCLK1ClockFreq
 .text.RCC_GetPCLK2ClockFreq
                0x08000280       0x18 Drivers/STM32F1xx_HAL_Driver/Src/stm32f1xx_ll_rcc.o
                0x08000280                RCC_GetPCLK2ClockFreq
 .text.RCC_PLL_GetFreqDomain_SYS
                0x08000298       0x3c Drivers/STM32F1xx_HAL_Driver/Src/stm32f1xx_ll_rcc.o
                0x08000298                RCC_PLL_GetFreqDomain_SYS
 .text.RCC_GetSystemClockFreq
                0x080002d4       0x20 Drivers/STM32F1xx_HAL_Driver/Src/stm32f1xx_ll_rcc.o
                0x080002d4                RCC_GetSystemClockFreq
 .text.LL_RCC_GetSystemClocksFreq
                0x080002f4       0x20 Drivers/STM32F1xx_HAL_Driver/Src/stm32f1xx_ll_rcc.o
                0x080002f4                LL_RCC_GetSystemClocksFreq
 .text.LL_USART_Init
                0x08000314       0xcc Drivers/STM32F1xx_HAL_Driver/Src/stm32f1xx_ll_usart.o
                0x08000314                LL_USART_Init
 .text.LL_Init1msTick
                0x080003e0       0x20 Drivers/STM32F1xx_HAL_Driver/Src/stm32f1xx_ll_utils.o
                0x080003e0                LL_Init1msTick
 .text.LL_SetSystemCoreClock
                0x08000400        0xc Drivers/STM32F1xx_HAL_Driver/Src/stm32f1xx_ll_utils.o
                0x08000400                LL_SetSystemCoreClock
 .text.MX_GPIO_Init
                0x0800040c       0xbc Src/main.o
 .text.MX_USART1_UART_Init
                0x080004c8       0xb0 Src/main.o
 .text.MX_USART2_UART_Init
                0x08000578       0xc8 Src/main.o
 .text.SystemClock_Config
                0x08000640       0xa4 Src/main.o
                0x08000640                SystemClock_Config
 .text.main     0x080006e4       0x70 Src/main.o
                0x080006e4                main
 .text.usart_process_data
                0x08000754       0x30 Src/main.o
                0x08000754                usart_process_data
 .text.usart_send_string
                0x08000784       0x12 Src/main.o
                0x08000784                usart_send_string
 *fill*         0x08000796        0x2 
 .text.USART2_IRQHandler
                0x08000798       0x84 Src/main.o
                0x08000798                USART2_IRQHandler
 .text.NMI_Handler
                0x0800081c        0x2 Src/stm32f1xx_it.o
                0x0800081c                NMI_Handler
 .text.HardFault_Handler
                0x0800081e        0x2 Src/stm32f1xx_it.o
                0x0800081e                HardFault_Handler
 .text.MemManage_Handler
                0x08000820        0x2 Src/stm32f1xx_it.o
                0x08000820                MemManage_Handler
 .text.BusFault_Handler
                0x08000822        0x2 Src/stm32f1xx_it.o
                0x08000822                BusFault_Handler
 .text.UsageFault_Handler
                0x08000824        0x2 Src/stm32f1xx_it.o
                0x08000824                UsageFault_Handler
 .text.SVC_Handler
                0x08000826        0x2 Src/stm32f1xx_it.o
                0x08000826                SVC_Handler
 .text.DebugMon_Handler
                0x08000828        0x2 Src/stm32f1xx_it.o
                0x08000828                DebugMon_Handler
 .text.PendSV_Handler
                0x0800082a        0x2 Src/stm32f1xx_it.o
                0x0800082a                PendSV_Handler
 .text.SysTick_Handler
                0x0800082c        0x2 Src/stm32f1xx_it.o
                0x0800082c                SysTick_Handler
 *fill*         0x0800082e        0x2 
 .text.SystemInit
                0x08000830       0x4c Src/system_stm32f1xx.o
                0x08000830                SystemInit
 .text.Reset_Handler
                0x0800087c       0x48 startup/startup_stm32f103xb.o
                0x0800087c                Reset_Handler
 .text.Default_Handler
                0x080008c4        0x2 startup/startup_stm32f103xb.o
                0x080008c4                RTC_Alarm_IRQHandler
                0x080008c4                EXTI2_IRQHandler
                0x080008c4                TIM1_CC_IRQHandler
                0x080008c4                PVD_IRQHandler
                0x080008c4                EXTI3_IRQHandler
                0x080008c4                EXTI0_IRQHandler
                0x080008c4                I2C2_EV_IRQHandler
                0x080008c4                ADC1_2_IRQHandler
                0x080008c4                SPI1_IRQHandler
                0x080008c4                TAMPER_IRQHandler
                0x080008c4                DMA1_Channel4_IRQHandler
                0x080008c4                USART3_IRQHandler
                0x080008c4                RTC_IRQHandler
                0x080008c4                DMA1_Channel7_IRQHandler
                0x080008c4                CAN1_RX1_IRQHandler
                0x080008c4                TIM4_IRQHandler
                0x080008c4                I2C1_EV_IRQHandler
                0x080008c4                DMA1_Channel6_IRQHandler
                0x080008c4                TIM3_IRQHandler
                0x080008c4                RCC_IRQHandler
                0x080008c4                TIM1_TRG_COM_IRQHandler
                0x080008c4                DMA1_Channel1_IRQHandler
                0x080008c4                Default_Handler
                0x080008c4                EXTI15_10_IRQHandler
                0x080008c4                EXTI9_5_IRQHandler
                0x080008c4                SPI2_IRQHandler
                0x080008c4                DMA1_Channel5_IRQHandler
                0x080008c4                EXTI4_IRQHandler
                0x080008c4                USB_LP_CAN1_RX0_IRQHandler
                0x080008c4                USB_HP_CAN1_TX_IRQHandler
                0x080008c4                DMA1_Channel3_IRQHandler
                0x080008c4                TIM1_UP_IRQHandler
                0x080008c4                WWDG_IRQHandler
                0x080008c4                TIM2_IRQHandler
                0x080008c4                TIM1_BRK_IRQHandler
                0x080008c4                EXTI1_IRQHandler
                0x080008c4                I2C2_ER_IRQHandler
                0x080008c4                DMA1_Channel2_IRQHandler
                0x080008c4                CAN1_SCE_IRQHandler
                0x080008c4                FLASH_IRQHandler
                0x080008c4                USART1_IRQHandler
                0x080008c4                I2C1_ER_IRQHandler
                0x080008c4                USBWakeUp_IRQHandler
 *fill*         0x080008c6        0x2 
 .text.__libc_init_array
                0x080008c8       0x48 c:/ac6/systemworkbench/plugins/fr.ac6.mcu.externaltools.arm-none.win32_1.17.0.201812190825/tools/compiler/bin/../lib/gcc/arm-none-eabi/7.3.1/../../../../arm-none-eabi/lib/thumb/v7-m\libc_nano.a(lib_a-init.o)
                0x080008c8                __libc_init_array
 *(.glue_7)
 .glue_7        0x08000910        0x0 linker stubs
 *(.glue_7t)
 .glue_7t       0x08000910        0x0 linker stubs
 *(.eh_frame)
 .eh_frame      0x08000910        0x0 c:/ac6/systemworkbench/plugins/fr.ac6.mcu.externaltools.arm-none.win32_1.17.0.201812190825/tools/compiler/bin/../lib/gcc/arm-none-eabi/7.3.1/thumb/v7-m/crtbegin.o
 *(.init)
 .init          0x08000910        0x4 c:/ac6/systemworkbench/plugins/fr.ac6.mcu.externaltools.arm-none.win32_1.17.0.201812190825/tools/compiler/bin/../lib/gcc/arm-none-eabi/7.3.1/thumb/v7-m/crti.o
                0x08000910                _init
 .init          0x08000914        0x8 c:/ac6/systemworkbench/plugins/fr.ac6.mcu.externaltools.arm-none.win32_1.17.0.201812190825/tools/compiler/bin/../lib/gcc/arm-none-eabi/7.3.1/thumb/v7-m/crtn.o
 *(.fini)
 .fini          0x0800091c        0x4 c:/ac6/systemworkbench/plugins/fr.ac6.mcu.externaltools.arm-none.win32_1.17.0.201812190825/tools/compiler/bin/../lib/gcc/arm-none-eabi/7.3.1/thumb/v7-m/crti.o
                0x0800091c                _fini
 .fini          0x08000920        0x8 c:/ac6/systemworkbench/plugins/fr.ac6.mcu.externaltools.arm-none.win32_1.17.0.201812190825/tools/compiler/bin/../lib/gcc/arm-none-eabi/7.3.1/thumb/v7-m/crtn.o
                0x08000928                . = ALIGN (0x4)
                0x08000928                _etext = .

.vfp11_veneer   0x08000928        0x0
 .vfp11_veneer  0x08000928        0x0 linker stubs

.v4_bx          0x08000928        0x0
 .v4_bx         0x08000928        0x0 linker stubs

.iplt           0x08000928        0x0
 .iplt          0x08000928        0x0 c:/ac6/systemworkbench/plugins/fr.ac6.mcu.externaltools.arm-none.win32_1.17.0.201812190825/tools/compiler/bin/../lib/gcc/arm-none-eabi/7.3.1/thumb/v7-m/crtbegin.o

.rodata         0x08000928       0x1c
                0x08000928                . = ALIGN (0x4)
 *(.rodata)
 .rodata        0x08000928       0x18 Src/system_stm32f1xx.o
                0x08000928                AHBPrescTable
                0x08000938                APBPrescTable
 *(.rodata*)
 .rodata.str1.4
                0x08000940        0x4 Src/main.o
                                  0x2 (size before relaxing)
                0x08000944                . = ALIGN (0x4)

.rel.dyn        0x08000944        0x0
 .rel.iplt      0x08000944        0x0 c:/ac6/systemworkbench/plugins/fr.ac6.mcu.externaltools.arm-none.win32_1.17.0.201812190825/tools/compiler/bin/../lib/gcc/arm-none-eabi/7.3.1/thumb/v7-m/crtbegin.o

.ARM.extab
 *(.ARM.extab* .gnu.linkonce.armextab.*)

.ARM            0x08000944        0x0
                0x08000944                __exidx_start = .
 *(.ARM.exidx*)
                0x08000944                __exidx_end = .

.preinit_array  0x08000944        0x0
                0x08000944                PROVIDE (__preinit_array_start = .)
 *(.preinit_array*)
                0x08000944                PROVIDE (__preinit_array_end = .)

.init_array     0x08000944        0x4
                0x08000944                PROVIDE (__init_array_start = .)
 *(SORT_BY_NAME(.init_array.*))
 *(.init_array*)
 .init_array    0x08000944        0x4 c:/ac6/systemworkbench/plugins/fr.ac6.mcu.externaltools.arm-none.win32_1.17.0.201812190825/tools/compiler/bin/../lib/gcc/arm-none-eabi/7.3.1/thumb/v7-m/crtbegin.o
                0x08000948                PROVIDE (__init_array_end = .)

.fini_array     0x08000948        0x4
                [!provide]                PROVIDE (__fini_array_start = .)
 *(SORT_BY_NAME(.fini_array.*))
 *(.fini_array*)
 .fini_array    0x08000948        0x4 c:/ac6/systemworkbench/plugins/fr.ac6.mcu.externaltools.arm-none.win32_1.17.0.201812190825/tools/compiler/bin/../lib/gcc/arm-none-eabi/7.3.1/thumb/v7-m/crtbegin.o
                [!provide]                PROVIDE (__fini_array_end = .)
                0x0800094c                _sidata = LOADADDR (.data)

.data           0x20000000        0x4 load address 0x0800094c
                0x20000000                . = ALIGN (0x4)
                0x20000000                _sdata = .
 *(.data)
 .data          0x20000000        0x4 Src/system_stm32f1xx.o
                0x20000000                SystemCoreClock
 *(.data*)
                0x20000004                . = ALIGN (0x4)
                0x20000004                _edata = .

.igot.plt       0x20000004        0x0 load address 0x08000950
 .igot.plt      0x20000004        0x0 c:/ac6/systemworkbench/plugins/fr.ac6.mcu.externaltools.arm-none.win32_1.17.0.201812190825/tools/compiler/bin/../lib/gcc/arm-none-eabi/7.3.1/thumb/v7-m/crtbegin.o
                0x20000004                . = ALIGN (0x4)

.bss            0x20000004       0x28 load address 0x08000950
                0x20000004                _sbss = .
                0x20000004                __bss_start__ = _sbss
 *(.bss)
 .bss           0x20000004       0x1c c:/ac6/systemworkbench/plugins/fr.ac6.mcu.externaltools.arm-none.win32_1.17.0.201812190825/tools/compiler/bin/../lib/gcc/arm-none-eabi/7.3.1/thumb/v7-m/crtbegin.o
 .bss           0x20000020        0xb Src/main.o
                0x20000020                cntMessage
                0x20000024                waitForMessage
 *(.bss*)
 *(COMMON)
                0x2000002c                . = ALIGN (0x4)
 *fill*         0x2000002b        0x1 
                0x2000002c                _ebss = .
                0x2000002c                __bss_end__ = _ebss

._user_heap_stack
                0x2000002c      0x604 load address 0x08000950
                0x20000030                . = ALIGN (0x8)
 *fill*         0x2000002c        0x4 
                0x20000030                PROVIDE (end = .)
                [!provide]                PROVIDE (_end = .)
                0x20000230                . = (. + _Min_Heap_Size)
 *fill*         0x20000030      0x200 
                0x20000630                . = (. + _Min_Stack_Size)
 *fill*         0x20000230      0x400 
                0x20000630                . = ALIGN (0x8)

/DISCARD/
 libc.a(*)
 libm.a(*)
 libgcc.a(*)

.ARM.attributes
                0x00000000       0x29
 *(.ARM.attributes)
 .ARM.attributes
                0x00000000       0x1d c:/ac6/systemworkbench/plugins/fr.ac6.mcu.externaltools.arm-none.win32_1.17.0.201812190825/tools/compiler/bin/../lib/gcc/arm-none-eabi/7.3.1/thumb/v7-m/crti.o
 .ARM.attributes
                0x0000001d       0x2d c:/ac6/systemworkbench/plugins/fr.ac6.mcu.externaltools.arm-none.win32_1.17.0.201812190825/tools/compiler/bin/../lib/gcc/arm-none-eabi/7.3.1/thumb/v7-m/crtbegin.o
 .ARM.attributes
                0x0000004a       0x33 Drivers/STM32F1xx_HAL_Driver/Src/stm32f1xx_ll_gpio.o
 .ARM.attributes
                0x0000007d       0x33 Drivers/STM32F1xx_HAL_Driver/Src/stm32f1xx_ll_rcc.o
 .ARM.attributes
                0x000000b0       0x33 Drivers/STM32F1xx_HAL_Driver/Src/stm32f1xx_ll_usart.o
 .ARM.attributes
                0x000000e3       0x33 Drivers/STM32F1xx_HAL_Driver/Src/stm32f1xx_ll_utils.o
 .ARM.attributes
                0x00000116       0x33 Src/main.o
 .ARM.attributes
                0x00000149       0x33 Src/stm32f1xx_it.o
 .ARM.attributes
                0x0000017c       0x33 Src/system_stm32f1xx.o
 .ARM.attributes
                0x000001af       0x21 startup/startup_stm32f103xb.o
 .ARM.attributes
                0x000001d0       0x2d c:/ac6/systemworkbench/plugins/fr.ac6.mcu.externaltools.arm-none.win32_1.17.0.201812190825/tools/compiler/bin/../lib/gcc/arm-none-eabi/7.3.1/../../../../arm-none-eabi/lib/thumb/v7-m\libc_nano.a(lib_a-init.o)
 .ARM.attributes
                0x000001fd       0x17 c:/ac6/systemworkbench/plugins/fr.ac6.mcu.externaltools.arm-none.win32_1.17.0.201812190825/tools/compiler/bin/../lib/gcc/arm-none-eabi/7.3.1/../../../../arm-none-eabi/lib/thumb/v7-m\libc_nano.a(lib_a-strlen.o)
 .ARM.attributes
                0x00000214       0x1d c:/ac6/systemworkbench/plugins/fr.ac6.mcu.externaltools.arm-none.win32_1.17.0.201812190825/tools/compiler/bin/../lib/gcc/arm-none-eabi/7.3.1/thumb/v7-m/crtn.o
OUTPUT(TeseMidi.elf elf32-littlearm)

.debug_info     0x00000000     0x4232
 .debug_info    0x00000000      0x80a Drivers/STM32F1xx_HAL_Driver/Src/stm32f1xx_ll_gpio.o
 .debug_info    0x0000080a      0x6bc Drivers/STM32F1xx_HAL_Driver/Src/stm32f1xx_ll_rcc.o
 .debug_info    0x00000ec6      0x737 Drivers/STM32F1xx_HAL_Driver/Src/stm32f1xx_ll_usart.o
 .debug_info    0x000015fd      0x943 Drivers/STM32F1xx_HAL_Driver/Src/stm32f1xx_ll_utils.o
 .debug_info    0x00001f40     0x1cff Src/main.o
 .debug_info    0x00003c3f      0x1e5 Src/stm32f1xx_it.o
 .debug_info    0x00003e24      0x3ec Src/system_stm32f1xx.o
 .debug_info    0x00004210       0x22 startup/startup_stm32f103xb.o

.debug_abbrev   0x00000000      0xf47
 .debug_abbrev  0x00000000      0x228 Drivers/STM32F1xx_HAL_Driver/Src/stm32f1xx_ll_gpio.o
 .debug_abbrev  0x00000228      0x24e Drivers/STM32F1xx_HAL_Driver/Src/stm32f1xx_ll_rcc.o
 .debug_abbrev  0x00000476      0x24a Drivers/STM32F1xx_HAL_Driver/Src/stm32f1xx_ll_usart.o
 .debug_abbrev  0x000006c0      0x26b Drivers/STM32F1xx_HAL_Driver/Src/stm32f1xx_ll_utils.o
 .debug_abbrev  0x0000092b      0x433 Src/main.o
 .debug_abbrev  0x00000d5e       0xa3 Src/stm32f1xx_it.o
 .debug_abbrev  0x00000e01      0x134 Src/system_stm32f1xx.o
 .debug_abbrev  0x00000f35       0x12 startup/startup_stm32f103xb.o

.debug_loc      0x00000000     0x1364
 .debug_loc     0x00000000      0x391 Drivers/STM32F1xx_HAL_Driver/Src/stm32f1xx_ll_gpio.o
 .debug_loc     0x00000391      0x215 Drivers/STM32F1xx_HAL_Driver/Src/stm32f1xx_ll_rcc.o
 .debug_loc     0x000005a6      0x3f1 Drivers/STM32F1xx_HAL_Driver/Src/stm32f1xx_ll_usart.o
 .debug_loc     0x00000997      0x530 Drivers/STM32F1xx_HAL_Driver/Src/stm32f1xx_ll_utils.o
 .debug_loc     0x00000ec7      0x3be Src/main.o
 .debug_loc     0x00001285       0xdf Src/system_stm32f1xx.o

.debug_aranges  0x00000000      0x248
 .debug_aranges
                0x00000000       0x30 Drivers/STM32F1xx_HAL_Driver/Src/stm32f1xx_ll_gpio.o
 .debug_aranges
                0x00000030       0x60 Drivers/STM32F1xx_HAL_Driver/Src/stm32f1xx_ll_rcc.o
 .debug_aranges
                0x00000090       0x40 Drivers/STM32F1xx_HAL_Driver/Src/stm32f1xx_ll_usart.o
 .debug_aranges
                0x000000d0       0x60 Drivers/STM32F1xx_HAL_Driver/Src/stm32f1xx_ll_utils.o
 .debug_aranges
                0x00000130       0x60 Src/main.o
 .debug_aranges
                0x00000190       0x68 Src/stm32f1xx_it.o
 .debug_aranges
                0x000001f8       0x28 Src/system_stm32f1xx.o
 .debug_aranges
                0x00000220       0x28 startup/startup_stm32f103xb.o

.debug_ranges   0x00000000      0x1d0
 .debug_ranges  0x00000000       0x20 Drivers/STM32F1xx_HAL_Driver/Src/stm32f1xx_ll_gpio.o
 .debug_ranges  0x00000020       0x50 Drivers/STM32F1xx_HAL_Driver/Src/stm32f1xx_ll_rcc.o
 .debug_ranges  0x00000070       0x30 Drivers/STM32F1xx_HAL_Driver/Src/stm32f1xx_ll_usart.o
 .debug_ranges  0x000000a0       0x50 Drivers/STM32F1xx_HAL_Driver/Src/stm32f1xx_ll_utils.o
 .debug_ranges  0x000000f0       0x50 Src/main.o
 .debug_ranges  0x00000140       0x58 Src/stm32f1xx_it.o
 .debug_ranges  0x00000198       0x18 Src/system_stm32f1xx.o
 .debug_ranges  0x000001b0       0x20 startup/startup_stm32f103xb.o

.debug_macro    0x00000000     0x2867
 .debug_macro   0x00000000       0xfb Drivers/STM32F1xx_HAL_Driver/Src/stm32f1xx_ll_gpio.o
 .debug_macro   0x000000fb      0x232 Drivers/STM32F1xx_HAL_Driver/Src/stm32f1xx_ll_gpio.o
 .debug_macro   0x0000032d       0xe0 Drivers/STM32F1xx_HAL_Driver/Src/stm32f1xx_ll_rcc.o
 .debug_macro   0x0000040d      0x2c0 Drivers/STM32F1xx_HAL_Driver/Src/stm32f1xx_ll_rcc.o
 .debug_macro   0x000006cd      0x128 Drivers/STM32F1xx_HAL_Driver/Src/stm32f1xx_ll_usart.o
 .debug_macro   0x000007f5      0x1a7 Drivers/STM32F1xx_HAL_Driver/Src/stm32f1xx_ll_usart.o
 .debug_macro   0x0000099c      0x2c6 Drivers/STM32F1xx_HAL_Driver/Src/stm32f1xx_ll_usart.o
 .debug_macro   0x00000c62      0x138 Drivers/STM32F1xx_HAL_Driver/Src/stm32f1xx_ll_utils.o
 .debug_macro   0x00000d9a       0x2a Drivers/STM32F1xx_HAL_Driver/Src/stm32f1xx_ll_utils.o
 .debug_macro   0x00000dc4       0x78 Drivers/STM32F1xx_HAL_Driver/Src/stm32f1xx_ll_utils.o
 .debug_macro   0x00000e3c      0x384 Src/main.o
 .debug_macro   0x000011c0       0xd0 Src/main.o
 .debug_macro   0x00001290       0x28 Src/main.o
 .debug_macro   0x000012b8       0x90 Src/main.o
 .debug_macro   0x00001348      0x287 Src/main.o
 .debug_macro   0x000015cf      0x1ad Src/main.o
 .debug_macro   0x0000177c      0x238 Src/main.o
 .debug_macro   0x000019b4       0x22 Src/main.o
 .debug_macro   0x000019d6       0x5e Src/main.o
 .debug_macro   0x00001a34       0x18 Src/main.o
 .debug_macro   0x00001a4c       0x35 Src/main.o
 .debug_macro   0x00001a81       0x34 Src/main.o
 .debug_macro   0x00001ab5       0x16 Src/main.o
 .debug_macro   0x00001acb       0x97 Src/main.o
 .debug_macro   0x00001b62      0x330 Src/main.o
 .debug_macro   0x00001e92       0xfd Src/main.o
 .debug_macro   0x00001f8f       0x10 Src/main.o
 .debug_macro   0x00001f9f       0x58 Src/main.o
 .debug_macro   0x00001ff7       0x1f Src/main.o
 .debug_macro   0x00002016       0x43 Src/main.o
 .debug_macro   0x00002059       0x20 Src/main.o
 .debug_macro   0x00002079      0x18e Src/main.o
 .debug_macro   0x00002207       0x10 Src/main.o
 .debug_macro   0x00002217       0x1c Src/main.o
 .debug_macro   0x00002233       0x52 Src/main.o
 .debug_macro   0x00002285       0x40 Src/main.o
 .debug_macro   0x000022c5       0x10 Src/main.o
 .debug_macro   0x000022d5       0x40 Src/main.o
 .debug_macro   0x00002315       0xd7 Src/main.o
 .debug_macro   0x000023ec       0x1c Src/main.o
 .debug_macro   0x00002408       0x3d Src/main.o
 .debug_macro   0x00002445       0x16 Src/main.o
 .debug_macro   0x0000245b      0x16f Src/main.o
 .debug_macro   0x000025ca       0x16 Src/main.o
 .debug_macro   0x000025e0       0x35 Src/main.o
 .debug_macro   0x00002615       0x16 Src/main.o
 .debug_macro   0x0000262b       0x29 Src/main.o
 .debug_macro   0x00002654       0x16 Src/main.o
 .debug_macro   0x0000266a      0x138 Src/stm32f1xx_it.o
 .debug_macro   0x000027a2       0xc5 Src/system_stm32f1xx.o

.debug_line     0x00000000     0x2a40
 .debug_line    0x00000000      0x576 Drivers/STM32F1xx_HAL_Driver/Src/stm32f1xx_ll_gpio.o
 .debug_line    0x00000576      0x5e4 Drivers/STM32F1xx_HAL_Driver/Src/stm32f1xx_ll_rcc.o
 .debug_line    0x00000b5a      0x583 Drivers/STM32F1xx_HAL_Driver/Src/stm32f1xx_ll_usart.o
 .debug_line    0x000010dd      0x630 Drivers/STM32F1xx_HAL_Driver/Src/stm32f1xx_ll_utils.o
 .debug_line    0x0000170d      0x8ca Src/main.o
 .debug_line    0x00001fd7      0x5da Src/stm32f1xx_it.o
 .debug_line    0x000025b1      0x412 Src/system_stm32f1xx.o
 .debug_line    0x000029c3       0x7d startup/startup_stm32f103xb.o

.debug_str      0x00000000    0x611ee
 .debug_str     0x00000000    0x5722b Drivers/STM32F1xx_HAL_Driver/Src/stm32f1xx_ll_gpio.o
                              0x5749a (size before relaxing)
 .debug_str     0x0005722b     0x14e1 Drivers/STM32F1xx_HAL_Driver/Src/stm32f1xx_ll_rcc.o
                              0x56fe4 (size before relaxing)
 .debug_str     0x0005870c     0x15ec Drivers/STM32F1xx_HAL_Driver/Src/stm32f1xx_ll_usart.o
                              0x58857 (size before relaxing)
 .debug_str     0x00059cf8      0xfa2 Drivers/STM32F1xx_HAL_Driver/Src/stm32f1xx_ll_utils.o
                              0x57c72 (size before relaxing)
 .debug_str     0x0005ac9a     0x63e3 Src/main.o
                              0x5fae2 (size before relaxing)
 .debug_str     0x0006107d       0xb8 Src/stm32f1xx_it.o
                              0x5aeb8 (size before relaxing)
 .debug_str     0x00061135       0x65 Src/system_stm32f1xx.o
                              0x55b73 (size before relaxing)
 .debug_str     0x0006119a       0x54 startup/startup_stm32f103xb.o

.comment        0x00000000       0x7f
 .comment       0x00000000       0x7f Drivers/STM32F1xx_HAL_Driver/Src/stm32f1xx_ll_gpio.o
                                 0x80 (size before relaxing)
 .comment       0x0000007f       0x80 Drivers/STM32F1xx_HAL_Driver/Src/stm32f1xx_ll_rcc.o
 .comment       0x0000007f       0x80 Drivers/STM32F1xx_HAL_Driver/Src/stm32f1xx_ll_usart.o
 .comment       0x0000007f       0x80 Drivers/STM32F1xx_HAL_Driver/Src/stm32f1xx_ll_utils.o
 .comment       0x0000007f       0x80 Src/main.o
 .comment       0x0000007f       0x80 Src/stm32f1xx_it.o
 .comment       0x0000007f       0x80 Src/system_stm32f1xx.o

.debug_frame    0x00000000      0x468
 .debug_frame   0x00000000       0x50 Drivers/STM32F1xx_HAL_Driver/Src/stm32f1xx_ll_gpio.o
 .debug_frame   0x00000050       0xc4 Drivers/STM32F1xx_HAL_Driver/Src/stm32f1xx_ll_rcc.o
 .debug_frame   0x00000114       0x80 Drivers/STM32F1xx_HAL_Driver/Src/stm32f1xx_ll_usart.o
 .debug_frame   0x00000194       0xd4 Drivers/STM32F1xx_HAL_Driver/Src/stm32f1xx_ll_utils.o
 .debug_frame   0x00000268       0xf4 Src/main.o
 .debug_frame   0x0000035c       0xb0 Src/stm32f1xx_it.o
 .debug_frame   0x0000040c       0x30 Src/system_stm32f1xx.o
 .debug_frame   0x0000043c       0x2c c:/ac6/systemworkbench/plugins/fr.ac6.mcu.externaltools.arm-none.win32_1.17.0.201812190825/tools/compiler/bin/../lib/gcc/arm-none-eabi/7.3.1/../../../../arm-none-eabi/lib/thumb/v7-m\libc_nano.a(lib_a-init.o)
