Archive member included to satisfy reference by file (symbol)

/Users/luissousa/opt/gcc-arm-none-eabi-8-2018-q4-major/bin/../lib/gcc/arm-none-eabi/8.2.1/../../../../arm-none-eabi/lib/thumb/v7e-m+fp/hard/libc_nano.a(lib_a-exit.o)
                              /Users/luissousa/opt/gcc-arm-none-eabi-8-2018-q4-major/bin/../lib/gcc/arm-none-eabi/8.2.1/../../../../arm-none-eabi/lib/thumb/v7e-m+fp/hard/crt0.o (exit)
/Users/luissousa/opt/gcc-arm-none-eabi-8-2018-q4-major/bin/../lib/gcc/arm-none-eabi/8.2.1/../../../../arm-none-eabi/lib/thumb/v7e-m+fp/hard/libc_nano.a(lib_a-impure.o)
                              /Users/luissousa/opt/gcc-arm-none-eabi-8-2018-q4-major/bin/../lib/gcc/arm-none-eabi/8.2.1/../../../../arm-none-eabi/lib/thumb/v7e-m+fp/hard/libc_nano.a(lib_a-exit.o) (_global_impure_ptr)
/Users/luissousa/opt/gcc-arm-none-eabi-8-2018-q4-major/bin/../lib/gcc/arm-none-eabi/8.2.1/../../../../arm-none-eabi/lib/thumb/v7e-m+fp/hard/libc_nano.a(lib_a-init.o)
                              /Users/luissousa/opt/gcc-arm-none-eabi-8-2018-q4-major/bin/../lib/gcc/arm-none-eabi/8.2.1/../../../../arm-none-eabi/lib/thumb/v7e-m+fp/hard/crt0.o (__libc_init_array)
/Users/luissousa/opt/gcc-arm-none-eabi-8-2018-q4-major/bin/../lib/gcc/arm-none-eabi/8.2.1/../../../../arm-none-eabi/lib/thumb/v7e-m+fp/hard/libc_nano.a(lib_a-memset.o)
                              /Users/luissousa/opt/gcc-arm-none-eabi-8-2018-q4-major/bin/../lib/gcc/arm-none-eabi/8.2.1/../../../../arm-none-eabi/lib/thumb/v7e-m+fp/hard/crt0.o (memset)
/Users/luissousa/opt/gcc-arm-none-eabi-8-2018-q4-major/bin/../lib/gcc/arm-none-eabi/8.2.1/../../../../arm-none-eabi/lib/thumb/v7e-m+fp/hard/libc_nano.a(lib_a-strlen.o)
                              build/draw.o (strlen)
/Users/luissousa/opt/gcc-arm-none-eabi-8-2018-q4-major/bin/../lib/gcc/arm-none-eabi/8.2.1/../../../../arm-none-eabi/lib/thumb/v7e-m+fp/hard/libnosys.a(_exit.o)
                              /Users/luissousa/opt/gcc-arm-none-eabi-8-2018-q4-major/bin/../lib/gcc/arm-none-eabi/8.2.1/../../../../arm-none-eabi/lib/thumb/v7e-m+fp/hard/libc_nano.a(lib_a-exit.o) (_exit)
/Users/luissousa/opt/gcc-arm-none-eabi-8-2018-q4-major/bin/../lib/gcc/arm-none-eabi/8.2.1/thumb/v7e-m+fp/hard/libgcc.a(_arm_addsubdf3.o)
                              build/draw.o (__aeabi_dadd)
/Users/luissousa/opt/gcc-arm-none-eabi-8-2018-q4-major/bin/../lib/gcc/arm-none-eabi/8.2.1/thumb/v7e-m+fp/hard/libgcc.a(_arm_muldivdf3.o)
                              build/draw.o (__aeabi_dmul)
/Users/luissousa/opt/gcc-arm-none-eabi-8-2018-q4-major/bin/../lib/gcc/arm-none-eabi/8.2.1/thumb/v7e-m+fp/hard/libgcc.a(_arm_cmpdf2.o)
                              build/draw.o (__aeabi_dcmplt)
/Users/luissousa/opt/gcc-arm-none-eabi-8-2018-q4-major/bin/../lib/gcc/arm-none-eabi/8.2.1/thumb/v7e-m+fp/hard/libgcc.a(_arm_truncdfsf2.o)
                              build/draw.o (__aeabi_d2f)
/Users/luissousa/opt/gcc-arm-none-eabi-8-2018-q4-major/bin/../lib/gcc/arm-none-eabi/8.2.1/thumb/v7e-m+fp/hard/libgcc.a(_aeabi_uldivmod.o)
                              build/stm32f4xx_ll_usart.o (__aeabi_uldivmod)
/Users/luissousa/opt/gcc-arm-none-eabi-8-2018-q4-major/bin/../lib/gcc/arm-none-eabi/8.2.1/thumb/v7e-m+fp/hard/libgcc.a(_udivmoddi4.o)
                              /Users/luissousa/opt/gcc-arm-none-eabi-8-2018-q4-major/bin/../lib/gcc/arm-none-eabi/8.2.1/thumb/v7e-m+fp/hard/libgcc.a(_aeabi_uldivmod.o) (__udivmoddi4)
/Users/luissousa/opt/gcc-arm-none-eabi-8-2018-q4-major/bin/../lib/gcc/arm-none-eabi/8.2.1/thumb/v7e-m+fp/hard/libgcc.a(_dvmd_tls.o)
                              /Users/luissousa/opt/gcc-arm-none-eabi-8-2018-q4-major/bin/../lib/gcc/arm-none-eabi/8.2.1/thumb/v7e-m+fp/hard/libgcc.a(_aeabi_uldivmod.o) (__aeabi_ldiv0)

Allocating common symbols
Common symbol       size              file

callback_function   0x4               build/draw.o
drawshape_function  0x4               build/draw.o
mhst                0x50              build/minihdlc.o
textColor           0x3               build/main.o
timer_reset_pulse_period
                    0x4               build/tim.o
drawtext_function   0x4               build/draw.o
textLayer           0x300             build/main.o
tim_period          0x4               build/tim.o
arrColor            0x4               build/draw.o
note                0x3               build/main.o
noteBuffer          0x3c              build/main.o
backLayer           0x300             build/main.o
backColor           0x3               build/main.o
WS2812_IO_framedata
                    0x600             build/main.o

Discarded input sections

 .text          0x0000000000000000        0x0 /Users/luissousa/opt/gcc-arm-none-eabi-8-2018-q4-major/bin/../lib/gcc/arm-none-eabi/8.2.1/thumb/v7e-m+fp/hard/crti.o
 .data          0x0000000000000000        0x0 /Users/luissousa/opt/gcc-arm-none-eabi-8-2018-q4-major/bin/../lib/gcc/arm-none-eabi/8.2.1/thumb/v7e-m+fp/hard/crti.o
[...]
Memory Configuration

Name             Origin             Length             Attributes
RAM              0x0000000020000000 0x0000000000010000 xrw
FLASH            0x0000000008000000 0x0000000000040000 xr
*default*        0x0000000000000000 0xffffffffffffffff

Linker script and memory map

LOAD /Users/luissousa/opt/gcc-arm-none-eabi-8-2018-q4-major/bin/../lib/gcc/arm-none-eabi/8.2.1/thumb/v7e-m+fp/hard/crti.o
LOAD /Users/luissousa/opt/gcc-arm-none-eabi-8-2018-q4-major/bin/../lib/gcc/arm-none-eabi/8.2.1/thumb/v7e-m+fp/hard/crtbegin.o
LOAD /Users/luissousa/opt/gcc-arm-none-eabi-8-2018-q4-major/bin/../lib/gcc/arm-none-eabi/8.2.1/../../../../arm-none-eabi/lib/thumb/v7e-m+fp/hard/crt0.o
LOAD build/main.o
LOAD build/gpio.o
LOAD build/dma.o
LOAD build/tim.o
LOAD build/usart.o
LOAD build/minihdlc.o
LOAD build/definitions.o
LOAD build/draw.o
LOAD build/ws2812.o
LOAD build/notes.o
LOAD build/bluetooth.o
LOAD build/stm32f4xx_it.o
LOAD build/stm32f4xx_ll_gpio.o
LOAD build/stm32f4xx_ll_dma.o
LOAD build/stm32f4xx_ll_usart.o
LOAD build/stm32f4xx_ll_tim.o
LOAD build/stm32f4xx_ll_rcc.o
LOAD build/stm32f4xx_ll_utils.o
LOAD build/stm32f4xx_ll_exti.o
LOAD build/system_stm32f4xx.o
LOAD build/startup_stm32f401xc.o
LOAD /Users/luissousa/opt/gcc-arm-none-eabi-8-2018-q4-major/bin/../lib/gcc/arm-none-eabi/8.2.1/../../../../arm-none-eabi/lib/thumb/v7e-m+fp/hard/libc_nano.a
LOAD /Users/luissousa/opt/gcc-arm-none-eabi-8-2018-q4-major/bin/../lib/gcc/arm-none-eabi/8.2.1/../../../../arm-none-eabi/lib/thumb/v7e-m+fp/hard/libm.a
LOAD /Users/luissousa/opt/gcc-arm-none-eabi-8-2018-q4-major/bin/../lib/gcc/arm-none-eabi/8.2.1/../../../../arm-none-eabi/lib/thumb/v7e-m+fp/hard/libnosys.a
START GROUP
LOAD /Users/luissousa/opt/gcc-arm-none-eabi-8-2018-q4-major/bin/../lib/gcc/arm-none-eabi/8.2.1/thumb/v7e-m+fp/hard/libgcc.a
LOAD /Users/luissousa/opt/gcc-arm-none-eabi-8-2018-q4-major/bin/../lib/gcc/arm-none-eabi/8.2.1/../../../../arm-none-eabi/lib/thumb/v7e-m+fp/hard/libc_nano.a
END GROUP
START GROUP
LOAD /Users/luissousa/opt/gcc-arm-none-eabi-8-2018-q4-major/bin/../lib/gcc/arm-none-eabi/8.2.1/thumb/v7e-m+fp/hard/libgcc.a
LOAD /Users/luissousa/opt/gcc-arm-none-eabi-8-2018-q4-major/bin/../lib/gcc/arm-none-eabi/8.2.1/../../../../arm-none-eabi/lib/thumb/v7e-m+fp/hard/libc_nano.a
END GROUP
LOAD /Users/luissousa/opt/gcc-arm-none-eabi-8-2018-q4-major/bin/../lib/gcc/arm-none-eabi/8.2.1/thumb/v7e-m+fp/hard/crtend.o
LOAD /Users/luissousa/opt/gcc-arm-none-eabi-8-2018-q4-major/bin/../lib/gcc/arm-none-eabi/8.2.1/thumb/v7e-m+fp/hard/crtn.o
                0x0000000020010000                _estack = 0x20010000
                0x0000000000000200                _Min_Heap_Size = 0x200
                0x0000000000000400                _Min_Stack_Size = 0x400

.isr_vector     0x0000000008000000      0x194
                0x0000000008000000                . = ALIGN (0x4)
 *(.isr_vector)
 .isr_vector    0x0000000008000000      0x194 build/startup_stm32f401xc.o
                0x0000000008000000                g_pfnVectors
                0x0000000008000194                . = ALIGN (0x4)

.text           0x0000000008000198     0x2be0
                0x0000000008000198                . = ALIGN (0x4)
 *(.text)
 .text          0x0000000008000198       0x40 /Users/luissousa/opt/gcc-arm-none-eabi-8-2018-q4-major/bin/../lib/gcc/arm-none-eabi/8.2.1/thumb/v7e-m+fp/hard/crtbegin.o
 .text          0x00000000080001d8       0x10 /Users/luissousa/opt/gcc-arm-none-eabi-8-2018-q4-major/bin/../lib/gcc/arm-none-eabi/8.2.1/../../../../arm-none-eabi/lib/thumb/v7e-m+fp/hard/libc_nano.a(lib_a-strlen.o)
                0x00000000080001d8                strlen
 .text          0x00000000080001e8      0x378 /Users/luissousa/opt/gcc-arm-none-eabi-8-2018-q4-major/bin/../lib/gcc/arm-none-eabi/8.2.1/thumb/v7e-m+fp/hard/libgcc.a(_arm_addsubdf3.o)
                0x00000000080001e8                __aeabi_drsub
                0x00000000080001f0                __subdf3
                0x00000000080001f0                __aeabi_dsub
                0x00000000080001f4                __aeabi_dadd
                0x00000000080001f4                __adddf3
                0x000000000800046c                __aeabi_ui2d
                0x000000000800046c                __floatunsidf
                0x000000000800048c                __floatsidf
                0x000000000800048c                __aeabi_i2d
                0x00000000080004b0                __extendsfdf2
                0x00000000080004b0                __aeabi_f2d
                0x00000000080004f4                __aeabi_ul2d
                0x00000000080004f4                __floatundidf
                0x0000000008000504                __aeabi_l2d
                0x0000000008000504                __floatdidf
 .text          0x0000000008000560      0x424 /Users/luissousa/opt/gcc-arm-none-eabi-8-2018-q4-major/bin/../lib/gcc/arm-none-eabi/8.2.1/thumb/v7e-m+fp/hard/libgcc.a(_arm_muldivdf3.o)
                0x0000000008000560                __aeabi_dmul
                0x0000000008000560                __muldf3
                0x00000000080007b4                __aeabi_ddiv
                0x00000000080007b4                __divdf3
 .text          0x0000000008000984      0x110 /Users/luissousa/opt/gcc-arm-none-eabi-8-2018-q4-major/bin/../lib/gcc/arm-none-eabi/8.2.1/thumb/v7e-m+fp/hard/libgcc.a(_arm_cmpdf2.o)
                0x0000000008000984                __gedf2
                0x0000000008000984                __gtdf2
                0x000000000800098c                __ledf2
                0x000000000800098c                __ltdf2
                0x0000000008000994                __cmpdf2
                0x0000000008000994                __eqdf2
                0x0000000008000994                __nedf2
                0x0000000008000a10                __aeabi_cdrcmple
                0x0000000008000a20                __aeabi_cdcmple
                0x0000000008000a20                __aeabi_cdcmpeq
                0x0000000008000a30                __aeabi_dcmpeq
                0x0000000008000a44                __aeabi_dcmplt
                0x0000000008000a58                __aeabi_dcmple
                0x0000000008000a6c                __aeabi_dcmpge
                0x0000000008000a80                __aeabi_dcmpgt
 .text          0x0000000008000a94       0xa0 /Users/luissousa/opt/gcc-arm-none-eabi-8-2018-q4-major/bin/../lib/gcc/arm-none-eabi/8.2.1/thumb/v7e-m+fp/hard/libgcc.a(_arm_truncdfsf2.o)
                0x0000000008000a94                __aeabi_d2f
                0x0000000008000a94                __truncdfsf2
 .text          0x0000000008000b34       0x30 /Users/luissousa/opt/gcc-arm-none-eabi-8-2018-q4-major/bin/../lib/gcc/arm-none-eabi/8.2.1/thumb/v7e-m+fp/hard/libgcc.a(_aeabi_uldivmod.o)
                0x0000000008000b34                __aeabi_uldivmod
 .text          0x0000000008000b64      0x2d0 /Users/luissousa/opt/gcc-arm-none-eabi-8-2018-q4-major/bin/../lib/gcc/arm-none-eabi/8.2.1/thumb/v7e-m+fp/hard/libgcc.a(_udivmoddi4.o)
                0x0000000008000b64                __udivmoddi4
 .text          0x0000000008000e34        0x4 /Users/luissousa/opt/gcc-arm-none-eabi-8-2018-q4-major/bin/../lib/gcc/arm-none-eabi/8.2.1/thumb/v7e-m+fp/hard/libgcc.a(_dvmd_tls.o)
                0x0000000008000e34                __aeabi_ldiv0
                0x0000000008000e34                __aeabi_idiv0
 *(.text*)
 .text.SystemClock_Config
                0x0000000008000e38       0xd8 build/main.o
                0x0000000008000e38                SystemClock_Config
 .text.main     0x0000000008000f10       0xdc build/main.o
                0x0000000008000f10                main
 .text.DMA2_Stream2_IRQHandler
                0x0000000008000fec       0x54 build/main.o
                0x0000000008000fec                DMA2_Stream2_IRQHandler
 .text.TIM1_UP_TIM10_IRQHandler
                0x0000000008001040       0x4c build/main.o
                0x0000000008001040                TIM1_UP_TIM10_IRQHandler
 .text.MX_GPIO_Init
                0x000000000800108c       0x90 build/gpio.o
                0x000000000800108c                MX_GPIO_Init
 .text.MX_DMA_Init
                0x000000000800111c      0x144 build/dma.o
                0x000000000800111c                MX_DMA_Init
 .text.MX_TIM1_Init
                0x0000000008001260      0x138 build/tim.o
                0x0000000008001260                MX_TIM1_Init
 .text.MX_USART1_UART_Init
                0x0000000008001398       0xb8 build/usart.o
                0x0000000008001398                MX_USART1_UART_Init
 .text._crc_ccitt_update
                0x0000000008001450       0x20 build/minihdlc.o
 .text.minihdlc_init
                0x0000000008001470       0x18 build/minihdlc.o
                0x0000000008001470                minihdlc_init
 .text.minihdlc_char_receiver
                0x0000000008001488       0xa8 build/minihdlc.o
                0x0000000008001488                minihdlc_char_receiver
 .text.minihdlc_send_frame
                0x0000000008001530       0xb0 build/minihdlc.o
                0x0000000008001530                minihdlc_send_frame
 .text.setColor
                0x00000000080015e0       0x12 build/definitions.o
                0x00000000080015e0                setColor
 *fill*         0x00000000080015f2        0x2 
 .text.setColorFB
                0x00000000080015f4       0x30 build/definitions.o
                0x00000000080015f4                setColorFB
 .text.fillFramebuffer
                0x0000000008001624       0xbc build/draw.o
                0x0000000008001624                fillFramebuffer
 .text.clearBack
                0x00000000080016e0       0x3c build/draw.o
                0x00000000080016e0                clearBack
 .text.clearText
                0x000000000800171c       0x3c build/draw.o
                0x000000000800171c                clearText
 .text.clearFramebuffer
                0x0000000008001758       0x5c build/draw.o
                0x0000000008001758                clearFramebuffer
 .text.drawShape
                0x00000000080017b4       0x1c build/draw.o
                0x00000000080017b4                drawShape
 .text.drawShapeNote
                0x00000000080017d0       0xe0 build/draw.o
                0x00000000080017d0                drawShapeNote
 .text.drawShapeNoteGrad
                0x00000000080018b0      0x120 build/draw.o
                0x00000000080018b0                drawShapeNoteGrad
 .text.circle   0x00000000080019d0       0x2c build/draw.o
                0x00000000080019d0                circle
 .text.square   0x00000000080019fc       0x5e build/draw.o
                0x00000000080019fc                square
 *fill*         0x0000000008001a5a        0x6 
 .text.triangle
                0x0000000008001a60       0xb8 build/draw.o
                0x0000000008001a60                triangle
 .text.cross    0x0000000008001b18       0x5e build/draw.o
                0x0000000008001b18                cross
 .text.horizontal
                0x0000000008001b76       0x5e build/draw.o
                0x0000000008001b76                horizontal
 .text.vertical
                0x0000000008001bd4       0x5e build/draw.o
                0x0000000008001bd4                vertical
 *fill*         0x0000000008001c32        0x2 
 .text.getFontLine
                0x0000000008001c34       0x64 build/draw.o
                0x0000000008001c34                getFontLine
 .text.drawLetter
                0x0000000008001c98       0x80 build/draw.o
                0x0000000008001c98                drawLetter
 .text.drawString
                0x0000000008001d18       0x5e build/draw.o
                0x0000000008001d18                drawString
 .text.drawCenter
                0x0000000008001d76       0x46 build/draw.o
                0x0000000008001d76                drawCenter
 .text.checkSequence
                0x0000000008001dbc       0x70 build/draw.o
                0x0000000008001dbc                checkSequence
 .text.drawNote
                0x0000000008001e2c        0x8 build/draw.o
                0x0000000008001e2c                drawNote
 .text.WS2812_sendbuf
                0x0000000008001e34       0xa8 build/ws2812.o
                0x0000000008001e34                WS2812_sendbuf
 .text.WS2812_framedata_setPixel
                0x0000000008001edc       0xa0 build/ws2812.o
                0x0000000008001edc                WS2812_framedata_setPixel
 .text.addNoteBuffer
                0x0000000008001f7c       0x44 build/notes.o
                0x0000000008001f7c                addNoteBuffer
 .text.setNote  0x0000000008001fc0       0xd8 build/notes.o
                0x0000000008001fc0                setNote
 .text.clearNoteBuffer
                0x0000000008002098       0x4c build/notes.o
                0x0000000008002098                clearNoteBuffer
 .text.sendDataBluetooth
                0x00000000080020e4       0x14 build/bluetooth.o
                0x00000000080020e4                sendDataBluetooth
 .text.receiveDataBluetooth
                0x00000000080020f8      0x1f0 build/bluetooth.o
                0x00000000080020f8                receiveDataBluetooth
 .text.startReception
                0x00000000080022e8       0x58 build/bluetooth.o
                0x00000000080022e8                startReception
 .text.USART1_IRQHandler
                0x0000000008002340       0x30 build/bluetooth.o
                0x0000000008002340                USART1_IRQHandler
 .text.NMI_Handler
                0x0000000008002370        0x2 build/stm32f4xx_it.o
                0x0000000008002370                NMI_Handler
 .text.HardFault_Handler
                0x0000000008002372        0x2 build/stm32f4xx_it.o
                0x0000000008002372                HardFault_Handler
 .text.MemManage_Handler
                0x0000000008002374        0x2 build/stm32f4xx_it.o
                0x0000000008002374                MemManage_Handler
 .text.BusFault_Handler
                0x0000000008002376        0x2 build/stm32f4xx_it.o
                0x0000000008002376                BusFault_Handler
 .text.UsageFault_Handler
                0x0000000008002378        0x2 build/stm32f4xx_it.o
                0x0000000008002378                UsageFault_Handler
 .text.SVC_Handler
                0x000000000800237a        0x2 build/stm32f4xx_it.o
                0x000000000800237a                SVC_Handler
 .text.DebugMon_Handler
                0x000000000800237c        0x2 build/stm32f4xx_it.o
                0x000000000800237c                DebugMon_Handler
 .text.PendSV_Handler
                0x000000000800237e        0x2 build/stm32f4xx_it.o
                0x000000000800237e                PendSV_Handler
 .text.SysTick_Handler
                0x0000000008002380        0x2 build/stm32f4xx_it.o
                0x0000000008002380                SysTick_Handler
 .text.DMA2_Stream1_IRQHandler
                0x0000000008002382        0x2 build/stm32f4xx_it.o
                0x0000000008002382                DMA2_Stream1_IRQHandler
 .text.DMA2_Stream5_IRQHandler
                0x0000000008002384        0x2 build/stm32f4xx_it.o
                0x0000000008002384                DMA2_Stream5_IRQHandler
 .text.LL_GPIO_Init
                0x0000000008002386      0x13e build/stm32f4xx_ll_gpio.o
                0x0000000008002386                LL_GPIO_Init
 .text.LL_DMA_DeInit
                0x00000000080024c4      0x208 build/stm32f4xx_ll_dma.o
                0x00000000080024c4                LL_DMA_DeInit
 .text.LL_DMA_Init
                0x00000000080026cc       0x84 build/stm32f4xx_ll_dma.o
                0x00000000080026cc                LL_DMA_Init
 .text.LL_USART_Init
                0x0000000008002750      0x154 build/stm32f4xx_ll_usart.o
                0x0000000008002750                LL_USART_Init
 .text.OC1Config
                0x00000000080028a4       0x6c build/stm32f4xx_ll_tim.o
 .text.OC2Config
                0x0000000008002910       0x74 build/stm32f4xx_ll_tim.o
 .text.OC3Config
                0x0000000008002984       0x70 build/stm32f4xx_ll_tim.o
 .text.OC4Config
                0x00000000080029f4       0x54 build/stm32f4xx_ll_tim.o
 .text.LL_TIM_Init
                0x0000000008002a48       0x98 build/stm32f4xx_ll_tim.o
                0x0000000008002a48                LL_TIM_Init
 .text.LL_TIM_OC_Init
                0x0000000008002ae0       0x40 build/stm32f4xx_ll_tim.o
                0x0000000008002ae0                LL_TIM_OC_Init
 .text.LL_TIM_BDTR_Init
                0x0000000008002b20       0x3a build/stm32f4xx_ll_tim.o
                0x0000000008002b20                LL_TIM_BDTR_Init
 *fill*         0x0000000008002b5a        0x2 
 .text.RCC_GetHCLKClockFreq
                0x0000000008002b5c       0x18 build/stm32f4xx_ll_rcc.o
                0x0000000008002b5c                RCC_GetHCLKClockFreq
 .text.RCC_GetPCLK1ClockFreq
                0x0000000008002b74       0x18 build/stm32f4xx_ll_rcc.o
                0x0000000008002b74                RCC_GetPCLK1ClockFreq
 .text.RCC_GetPCLK2ClockFreq
                0x0000000008002b8c       0x18 build/stm32f4xx_ll_rcc.o
                0x0000000008002b8c                RCC_GetPCLK2ClockFreq
 .text.RCC_PLL_GetFreqDomain_SYS
                0x0000000008002ba4       0x4c build/stm32f4xx_ll_rcc.o
                0x0000000008002ba4                RCC_PLL_GetFreqDomain_SYS
 .text.RCC_GetSystemClockFreq
                0x0000000008002bf0       0x30 build/stm32f4xx_ll_rcc.o
                0x0000000008002bf0                RCC_GetSystemClockFreq
 .text.LL_RCC_GetSystemClocksFreq
                0x0000000008002c20       0x20 build/stm32f4xx_ll_rcc.o
                0x0000000008002c20                LL_RCC_GetSystemClocksFreq
 .text.LL_Init1msTick
                0x0000000008002c40       0x20 build/stm32f4xx_ll_utils.o
                0x0000000008002c40                LL_Init1msTick
 .text.LL_mDelay
                0x0000000008002c60       0x2c build/stm32f4xx_ll_utils.o
                0x0000000008002c60                LL_mDelay
 .text.LL_SetSystemCoreClock
                0x0000000008002c8c        0xc build/stm32f4xx_ll_utils.o
                0x0000000008002c8c                LL_SetSystemCoreClock
 .text.SystemInit
                0x0000000008002c98       0x1c build/system_stm32f4xx.o
                0x0000000008002c98                SystemInit
 .text.Reset_Handler
                0x0000000008002cb4       0x50 build/startup_stm32f401xc.o
                0x0000000008002cb4                Reset_Handler
 .text.Default_Handler
                0x0000000008002d04        0x2 build/startup_stm32f401xc.o
                0x0000000008002d04                DMA1_Stream3_IRQHandler
                0x0000000008002d04                EXTI2_IRQHandler
                0x0000000008002d04                SPI4_IRQHandler
                0x0000000008002d04                TIM1_CC_IRQHandler
                0x0000000008002d04                DMA1_Stream5_IRQHandler
                0x0000000008002d04                PVD_IRQHandler
                0x0000000008002d04                SDIO_IRQHandler
                0x0000000008002d04                TAMP_STAMP_IRQHandler
                0x0000000008002d04                EXTI3_IRQHandler
                0x0000000008002d04                I2C3_ER_IRQHandler
                0x0000000008002d04                EXTI0_IRQHandler
                0x0000000008002d04                I2C2_EV_IRQHandler
                0x0000000008002d04                DMA1_Stream2_IRQHandler
                0x0000000008002d04                FPU_IRQHandler
                0x0000000008002d04                SPI1_IRQHandler
                0x0000000008002d04                TIM1_BRK_TIM9_IRQHandler
                0x0000000008002d04                DMA2_Stream3_IRQHandler
                0x0000000008002d04                USART6_IRQHandler
                0x0000000008002d04                DMA2_Stream0_IRQHandler
                0x0000000008002d04                TIM4_IRQHandler
                0x0000000008002d04                I2C1_EV_IRQHandler
                0x0000000008002d04                DMA1_Stream6_IRQHandler
                0x0000000008002d04                DMA1_Stream1_IRQHandler
                0x0000000008002d04                TIM3_IRQHandler
                0x0000000008002d04                RCC_IRQHandler
                0x0000000008002d04                Default_Handler
                0x0000000008002d04                EXTI15_10_IRQHandler
                0x0000000008002d04                ADC_IRQHandler
                0x0000000008002d04                DMA1_Stream7_IRQHandler
                0x0000000008002d04                TIM5_IRQHandler
                0x0000000008002d04                DMA2_Stream7_IRQHandler
                0x0000000008002d04                I2C3_EV_IRQHandler
                0x0000000008002d04                EXTI9_5_IRQHandler
                0x0000000008002d04                RTC_WKUP_IRQHandler
                0x0000000008002d04                SPI2_IRQHandler
                0x0000000008002d04                DMA1_Stream0_IRQHandler
                0x0000000008002d04                EXTI4_IRQHandler
                0x0000000008002d04                WWDG_IRQHandler
                0x0000000008002d04                TIM2_IRQHandler
                0x0000000008002d04                OTG_FS_WKUP_IRQHandler
                0x0000000008002d04                TIM1_TRG_COM_TIM11_IRQHandler
                0x0000000008002d04                EXTI1_IRQHandler
                0x0000000008002d04                USART2_IRQHandler
                0x0000000008002d04                I2C2_ER_IRQHandler
                0x0000000008002d04                FLASH_IRQHandler
                0x0000000008002d04                DMA2_Stream4_IRQHandler
                0x0000000008002d04                OTG_FS_IRQHandler
                0x0000000008002d04                SPI3_IRQHandler
                0x0000000008002d04                DMA1_Stream4_IRQHandler
                0x0000000008002d04                I2C1_ER_IRQHandler
                0x0000000008002d04                DMA2_Stream6_IRQHandler
                0x0000000008002d04                RTC_Alarm_IRQHandler
 *fill*         0x0000000008002d06        0x2 
 .text.__libc_init_array
                0x0000000008002d08       0x48 /Users/luissousa/opt/gcc-arm-none-eabi-8-2018-q4-major/bin/../lib/gcc/arm-none-eabi/8.2.1/../../../../arm-none-eabi/lib/thumb/v7e-m+fp/hard/libc_nano.a(lib_a-init.o)
                0x0000000008002d08                __libc_init_array
 .text.memset   0x0000000008002d50       0x10 /Users/luissousa/opt/gcc-arm-none-eabi-8-2018-q4-major/bin/../lib/gcc/arm-none-eabi/8.2.1/../../../../arm-none-eabi/lib/thumb/v7e-m+fp/hard/libc_nano.a(lib_a-memset.o)
                0x0000000008002d50                memset
 *(.glue_7)
 .glue_7        0x0000000008002d60        0x0 linker stubs
 *(.glue_7t)
 .glue_7t       0x0000000008002d60        0x0 linker stubs
 *(.eh_frame)
 .eh_frame      0x0000000008002d60        0x0 /Users/luissousa/opt/gcc-arm-none-eabi-8-2018-q4-major/bin/../lib/gcc/arm-none-eabi/8.2.1/thumb/v7e-m+fp/hard/crtbegin.o
 *(.init)
 .init          0x0000000008002d60        0x4 /Users/luissousa/opt/gcc-arm-none-eabi-8-2018-q4-major/bin/../lib/gcc/arm-none-eabi/8.2.1/thumb/v7e-m+fp/hard/crti.o
                0x0000000008002d60                _init
 .init          0x0000000008002d64        0x8 /Users/luissousa/opt/gcc-arm-none-eabi-8-2018-q4-major/bin/../lib/gcc/arm-none-eabi/8.2.1/thumb/v7e-m+fp/hard/crtn.o
 *(.fini)
 .fini          0x0000000008002d6c        0x4 /Users/luissousa/opt/gcc-arm-none-eabi-8-2018-q4-major/bin/../lib/gcc/arm-none-eabi/8.2.1/thumb/v7e-m+fp/hard/crti.o
                0x0000000008002d6c                _fini
 .fini          0x0000000008002d70        0x8 /Users/luissousa/opt/gcc-arm-none-eabi-8-2018-q4-major/bin/../lib/gcc/arm-none-eabi/8.2.1/thumb/v7e-m+fp/hard/crtn.o
                0x0000000008002d78                . = ALIGN (0x4)
                0x0000000008002d78                _etext = .

.vfp11_veneer   0x0000000008002d78        0x0
 .vfp11_veneer  0x0000000008002d78        0x0 linker stubs

.v4_bx          0x0000000008002d78        0x0
 .v4_bx         0x0000000008002d78        0x0 linker stubs

.iplt           0x0000000008002d78        0x0
 .iplt          0x0000000008002d78        0x0 /Users/luissousa/opt/gcc-arm-none-eabi-8-2018-q4-major/bin/../lib/gcc/arm-none-eabi/8.2.1/thumb/v7e-m+fp/hard/crtbegin.o

.rodata         0x0000000008002d78       0xec
                0x0000000008002d78                . = ALIGN (0x4)
 *(.rodata)
 *(.rodata*)
 .rodata.font4x6
                0x0000000008002d78       0xc0 build/draw.o
                0x0000000008002d78                font4x6
 .rodata.startReception.str1.4
                0x0000000008002e38        0xc build/bluetooth.o
                                          0xb (size before relaxing)
 .rodata.STREAM_OFFSET_TAB
                0x0000000008002e44        0x8 build/stm32f4xx_ll_dma.o
 .rodata.AHBPrescTable
                0x0000000008002e4c       0x10 build/system_stm32f4xx.o
                0x0000000008002e4c                AHBPrescTable
 .rodata.APBPrescTable
                0x0000000008002e5c        0x8 build/system_stm32f4xx.o
                0x0000000008002e5c                APBPrescTable
                0x0000000008002e64                . = ALIGN (0x4)

.ARM.extab
 *(.ARM.extab* .gnu.linkonce.armextab.*)

.ARM            0x0000000008002e64        0x8
                0x0000000008002e64                __exidx_start = .
 *(.ARM.exidx*)
 .ARM.exidx     0x0000000008002e64        0x8 /Users/luissousa/opt/gcc-arm-none-eabi-8-2018-q4-major/bin/../lib/gcc/arm-none-eabi/8.2.1/thumb/v7e-m+fp/hard/libgcc.a(_udivmoddi4.o)
                0x0000000008002e6c                __exidx_end = .

.rel.dyn        0x0000000008002e6c        0x0
 .rel.iplt      0x0000000008002e6c        0x0 /Users/luissousa/opt/gcc-arm-none-eabi-8-2018-q4-major/bin/../lib/gcc/arm-none-eabi/8.2.1/thumb/v7e-m+fp/hard/crtbegin.o

.preinit_array  0x0000000008002e6c        0x0
                0x0000000008002e6c                PROVIDE (__preinit_array_start = .)
 *(.preinit_array*)
                0x0000000008002e6c                PROVIDE (__preinit_array_end = .)

.init_array     0x0000000008002e6c        0x4
                0x0000000008002e6c                PROVIDE (__init_array_start = .)
 *(SORT_BY_NAME(.init_array.*))
 *(.init_array*)
 .init_array    0x0000000008002e6c        0x4 /Users/luissousa/opt/gcc-arm-none-eabi-8-2018-q4-major/bin/../lib/gcc/arm-none-eabi/8.2.1/thumb/v7e-m+fp/hard/crtbegin.o
                0x0000000008002e70                PROVIDE (__init_array_end = .)

.fini_array     0x0000000008002e70        0x4
                [!provide]                        PROVIDE (__fini_array_start = .)
 *(SORT_BY_NAME(.fini_array.*))
 *(.fini_array*)
 .fini_array    0x0000000008002e70        0x4 /Users/luissousa/opt/gcc-arm-none-eabi-8-2018-q4-major/bin/../lib/gcc/arm-none-eabi/8.2.1/thumb/v7e-m+fp/hard/crtbegin.o
                [!provide]                        PROVIDE (__fini_array_end = .)
                0x0000000008002e74                _sidata = LOADADDR (.data)

.data           0x0000000020000000       0xd4 load address 0x0000000008002e74
                0x0000000020000000                . = ALIGN (0x4)
                0x0000000020000000                _sdata = .
 *(.data)
 *(.data*)
 .data.MAX_BRIGHT
                0x0000000020000000        0x4 build/draw.o
                0x0000000020000000                MAX_BRIGHT
 .data.MAX_DIV  0x0000000020000004        0x1 build/draw.o
                0x0000000020000004                MAX_DIV
 .data.MODE_BACK
                0x0000000020000005        0x1 build/draw.o
                0x0000000020000005                MODE_BACK
 *fill*         0x0000000020000006        0x2 
 .data.colorBW  0x0000000020000008       0x27 build/draw.o
                0x0000000020000008                colorBW
 *fill*         0x000000002000002f        0x1 
 .data.colorOriginal
                0x0000000020000030       0x27 build/draw.o
                0x0000000020000030                colorOriginal
 *fill*         0x0000000020000057        0x1 
 .data.WS2812_IO_High
                0x0000000020000058        0x2 build/ws2812.o
                0x0000000020000058                WS2812_IO_High
 .data.WS2812_TC
                0x000000002000005a        0x1 build/ws2812.o
                0x000000002000005a                WS2812_TC
 *fill*         0x000000002000005b        0x1 
 .data.noteSequence
                0x000000002000005c       0x72 build/notes.o
                0x000000002000005c                noteSequence
 .data.resto    0x00000000200000ce        0x1 build/notes.o
                0x00000000200000ce                resto
 *fill*         0x00000000200000cf        0x1 
 .data.SystemCoreClock
                0x00000000200000d0        0x4 build/system_stm32f4xx.o
                0x00000000200000d0                SystemCoreClock
                0x00000000200000d4                . = ALIGN (0x4)
                0x00000000200000d4                _edata = .

.igot.plt       0x00000000200000d4        0x0 load address 0x0000000008002f48
 .igot.plt      0x00000000200000d4        0x0 /Users/luissousa/opt/gcc-arm-none-eabi-8-2018-q4-major/bin/../lib/gcc/arm-none-eabi/8.2.1/thumb/v7e-m+fp/hard/crtbegin.o
                0x00000000200000d4                . = ALIGN (0x4)

.bss            0x00000000200000d4      0xcd4 load address 0x0000000008002f48
                0x00000000200000d4                _sbss = .
                0x00000000200000d4                __bss_start__ = _sbss
 *(.bss)
 .bss           0x00000000200000d4       0x1c /Users/luissousa/opt/gcc-arm-none-eabi-8-2018-q4-major/bin/../lib/gcc/arm-none-eabi/8.2.1/thumb/v7e-m+fp/hard/crtbegin.o
 *(.bss*)
 .bss.TIM1_overflows
                0x00000000200000f0        0x1 build/main.o
                0x00000000200000f0                TIM1_overflows
 .bss.MODE_TEXT
                0x00000000200000f1        0x1 build/draw.o
                0x00000000200000f1                MODE_TEXT
 .bss.orientation
                0x00000000200000f2        0x1 build/draw.o
                0x00000000200000f2                orientation
 *fill*         0x00000000200000f3        0x1 
 .bss.WS2812_IO_Low
                0x00000000200000f4        0x2 build/ws2812.o
                0x00000000200000f4                WS2812_IO_Low
 *(COMMON)
 *fill*         0x00000000200000f6        0x2 
 COMMON         0x00000000200000f8      0xc48 build/main.o
                0x00000000200000f8                textColor
                0x00000000200000fc                textLayer
                0x00000000200003fc                note
                0x0000000020000400                noteBuffer
                0x000000002000043c                backLayer
                0x000000002000073c                backColor
                0x0000000020000740                WS2812_IO_framedata
 COMMON         0x0000000020000d40        0x8 build/tim.o
                0x0000000020000d40                timer_reset_pulse_period
                0x0000000020000d44                tim_period
 COMMON         0x0000000020000d48       0x50 build/minihdlc.o
                0x0000000020000d48                mhst
 COMMON         0x0000000020000d98       0x10 build/draw.o
                0x0000000020000d98                callback_function
                0x0000000020000d9c                drawshape_function
                0x0000000020000da0                drawtext_function
                0x0000000020000da4                arrColor
                0x0000000020000da8                . = ALIGN (0x4)
                0x0000000020000da8                _ebss = .
                0x0000000020000da8                __bss_end__ = _ebss

._user_heap_stack
                0x0000000020000da8      0x600 load address 0x0000000008002f48
                0x0000000020000da8                . = ALIGN (0x8)
                [!provide]                        PROVIDE (end = .)
                [!provide]                        PROVIDE (_end = .)
                0x0000000020000fa8                . = (. + _Min_Heap_Size)
 *fill*         0x0000000020000da8      0x200 
                0x00000000200013a8                . = (. + _Min_Stack_Size)
 *fill*         0x0000000020000fa8      0x400 
                0x00000000200013a8                . = ALIGN (0x8)

/DISCARD/
 libc.a(*)
 libm.a(*)
 libgcc.a(*)

.ARM.attributes
                0x0000000000000000       0x30
 *(.ARM.attributes)
 .ARM.attributes
                0x0000000000000000       0x1e /Users/luissousa/opt/gcc-arm-none-eabi-8-2018-q4-major/bin/../lib/gcc/arm-none-eabi/8.2.1/thumb/v7e-m+fp/hard/crti.o
 .ARM.attributes
                0x000000000000001e       0x34 /Users/luissousa/opt/gcc-arm-none-eabi-8-2018-q4-major/bin/../lib/gcc/arm-none-eabi/8.2.1/thumb/v7e-m+fp/hard/crtbegin.o
 .ARM.attributes
                0x0000000000000052       0x34 build/main.o
 .ARM.attributes
                0x0000000000000086       0x34 build/gpio.o
 .ARM.attributes
                0x00000000000000ba       0x34 build/dma.o
 .ARM.attributes
                0x00000000000000ee       0x34 build/tim.o
 .ARM.attributes
                0x0000000000000122       0x34 build/usart.o
 .ARM.attributes
                0x0000000000000156       0x34 build/minihdlc.o
 .ARM.attributes
                0x000000000000018a       0x34 build/definitions.o
 .ARM.attributes
                0x00000000000001be       0x34 build/draw.o
 .ARM.attributes
                0x00000000000001f2       0x34 build/ws2812.o
 .ARM.attributes
                0x0000000000000226       0x34 build/notes.o
 .ARM.attributes
                0x000000000000025a       0x34 build/bluetooth.o
 .ARM.attributes
                0x000000000000028e       0x34 build/stm32f4xx_it.o
 .ARM.attributes
                0x00000000000002c2       0x34 build/stm32f4xx_ll_gpio.o
 .ARM.attributes
                0x00000000000002f6       0x34 build/stm32f4xx_ll_dma.o
 .ARM.attributes
                0x000000000000032a       0x34 build/stm32f4xx_ll_usart.o
 .ARM.attributes
                0x000000000000035e       0x34 build/stm32f4xx_ll_tim.o
 .ARM.attributes
                0x0000000000000392       0x34 build/stm32f4xx_ll_rcc.o
 .ARM.attributes
                0x00000000000003c6       0x34 build/stm32f4xx_ll_utils.o
 .ARM.attributes
                0x00000000000003fa       0x34 build/system_stm32f4xx.o
 .ARM.attributes
                0x000000000000042e       0x21 build/startup_stm32f401xc.o
 .ARM.attributes
                0x000000000000044f       0x34 /Users/luissousa/opt/gcc-arm-none-eabi-8-2018-q4-major/bin/../lib/gcc/arm-none-eabi/8.2.1/../../../../arm-none-eabi/lib/thumb/v7e-m+fp/hard/libc_nano.a(lib_a-init.o)
 .ARM.attributes
                0x0000000000000483       0x34 /Users/luissousa/opt/gcc-arm-none-eabi-8-2018-q4-major/bin/../lib/gcc/arm-none-eabi/8.2.1/../../../../arm-none-eabi/lib/thumb/v7e-m+fp/hard/libc_nano.a(lib_a-memset.o)
 .ARM.attributes
                0x00000000000004b7       0x17 /Users/luissousa/opt/gcc-arm-none-eabi-8-2018-q4-major/bin/../lib/gcc/arm-none-eabi/8.2.1/../../../../arm-none-eabi/lib/thumb/v7e-m+fp/hard/libc_nano.a(lib_a-strlen.o)
 .ARM.attributes
                0x00000000000004ce       0x1e /Users/luissousa/opt/gcc-arm-none-eabi-8-2018-q4-major/bin/../lib/gcc/arm-none-eabi/8.2.1/thumb/v7e-m+fp/hard/libgcc.a(_arm_addsubdf3.o)
 .ARM.attributes
                0x00000000000004ec       0x1e /Users/luissousa/opt/gcc-arm-none-eabi-8-2018-q4-major/bin/../lib/gcc/arm-none-eabi/8.2.1/thumb/v7e-m+fp/hard/libgcc.a(_arm_muldivdf3.o)
 .ARM.attributes
                0x000000000000050a       0x1e /Users/luissousa/opt/gcc-arm-none-eabi-8-2018-q4-major/bin/../lib/gcc/arm-none-eabi/8.2.1/thumb/v7e-m+fp/hard/libgcc.a(_arm_cmpdf2.o)
 .ARM.attributes
                0x0000000000000528       0x1e /Users/luissousa/opt/gcc-arm-none-eabi-8-2018-q4-major/bin/../lib/gcc/arm-none-eabi/8.2.1/thumb/v7e-m+fp/hard/libgcc.a(_arm_truncdfsf2.o)
 .ARM.attributes
                0x0000000000000546       0x1e /Users/luissousa/opt/gcc-arm-none-eabi-8-2018-q4-major/bin/../lib/gcc/arm-none-eabi/8.2.1/thumb/v7e-m+fp/hard/libgcc.a(_aeabi_uldivmod.o)
 .ARM.attributes
                0x0000000000000564       0x34 /Users/luissousa/opt/gcc-arm-none-eabi-8-2018-q4-major/bin/../lib/gcc/arm-none-eabi/8.2.1/thumb/v7e-m+fp/hard/libgcc.a(_udivmoddi4.o)
 .ARM.attributes
                0x0000000000000598       0x1e /Users/luissousa/opt/gcc-arm-none-eabi-8-2018-q4-major/bin/../lib/gcc/arm-none-eabi/8.2.1/thumb/v7e-m+fp/hard/libgcc.a(_dvmd_tls.o)
 .ARM.attributes
                0x00000000000005b6       0x1e /Users/luissousa/opt/gcc-arm-none-eabi-8-2018-q4-major/bin/../lib/gcc/arm-none-eabi/8.2.1/thumb/v7e-m+fp/hard/crtn.o
OUTPUT(build/BlinkTest2.elf elf32-littlearm)

.debug_info     0x0000000000000000    0x1028a
 .debug_info    0x0000000000000000     0x206f build/main.o
 .debug_info    0x000000000000206f      0x6fa build/gpio.o
 .debug_info    0x0000000000002769     0x1013 build/dma.o
 .debug_info    0x000000000000377c     0x11d5 build/tim.o
 .debug_info    0x0000000000004951      0xfde build/usart.o
 .debug_info    0x000000000000592f      0x588 build/minihdlc.o
 .debug_info    0x0000000000005eb7      0x3ac build/definitions.o
 .debug_info    0x0000000000006263     0x20e1 build/draw.o
 .debug_info    0x0000000000008344      0xb94 build/ws2812.o
 .debug_info    0x0000000000008ed8      0xf11 build/notes.o
 .debug_info    0x0000000000009de9      0x90e build/bluetooth.o
 .debug_info    0x000000000000a6f7      0x2a5 build/stm32f4xx_it.o
 .debug_info    0x000000000000a99c      0xdf3 build/stm32f4xx_ll_gpio.o
 .debug_info    0x000000000000b78f      0xba8 build/stm32f4xx_ll_dma.o
 .debug_info    0x000000000000c337      0xa65 build/stm32f4xx_ll_usart.o
 .debug_info    0x000000000000cd9c     0x1669 build/stm32f4xx_ll_tim.o
 .debug_info    0x000000000000e405      0xac8 build/stm32f4xx_ll_rcc.o
 .debug_info    0x000000000000eecd      0xd91 build/stm32f4xx_ll_utils.o
 .debug_info    0x000000000000fc5e      0x60a build/system_stm32f4xx.o
 .debug_info    0x0000000000010268       0x22 build/startup_stm32f401xc.o

.debug_abbrev   0x0000000000000000     0x2dd5
 .debug_abbrev  0x0000000000000000      0x3c6 build/main.o
 .debug_abbrev  0x00000000000003c6      0x1d8 build/gpio.o
 .debug_abbrev  0x000000000000059e      0x284 build/dma.o
 .debug_abbrev  0x0000000000000822      0x29c build/tim.o
 .debug_abbrev  0x0000000000000abe      0x253 build/usart.o
 .debug_abbrev  0x0000000000000d11      0x228 build/minihdlc.o
 .debug_abbrev  0x0000000000000f39      0x107 build/definitions.o
 .debug_abbrev  0x0000000000001040      0x456 build/draw.o
 .debug_abbrev  0x0000000000001496      0x235 build/ws2812.o
 .debug_abbrev  0x00000000000016cb      0x2a9 build/notes.o
 .debug_abbrev  0x0000000000001974      0x256 build/bluetooth.o
 .debug_abbrev  0x0000000000001bca       0xac build/stm32f4xx_it.o
 .debug_abbrev  0x0000000000001c76      0x292 build/stm32f4xx_ll_gpio.o
 .debug_abbrev  0x0000000000001f08      0x28d build/stm32f4xx_ll_dma.o
 .debug_abbrev  0x0000000000002195      0x2d7 build/stm32f4xx_ll_usart.o
 .debug_abbrev  0x000000000000246c      0x2d2 build/stm32f4xx_ll_tim.o
 .debug_abbrev  0x000000000000273e      0x2a3 build/stm32f4xx_ll_rcc.o
 .debug_abbrev  0x00000000000029e1      0x2b4 build/stm32f4xx_ll_utils.o
 .debug_abbrev  0x0000000000002c95      0x12e build/system_stm32f4xx.o
 .debug_abbrev  0x0000000000002dc3       0x12 build/startup_stm32f401xc.o

.debug_loc      0x0000000000000000     0x6651
 .debug_loc     0x0000000000000000      0x34a build/main.o
 .debug_loc     0x000000000000034a       0xdf build/gpio.o
 .debug_loc     0x0000000000000429      0x16f build/dma.o
 .debug_loc     0x0000000000000598      0x2c7 build/tim.o
 .debug_loc     0x000000000000085f      0x1d5 build/usart.o
 .debug_loc     0x0000000000000a34      0x378 build/minihdlc.o
 .debug_loc     0x0000000000000dac       0xc0 build/definitions.o
 .debug_loc     0x0000000000000e6c     0x1a34 build/draw.o
 .debug_loc     0x00000000000028a0      0x465 build/ws2812.o
 .debug_loc     0x0000000000002d05      0x25c build/notes.o
 .debug_loc     0x0000000000002f61      0x296 build/bluetooth.o
 .debug_loc     0x00000000000031f7      0x6a0 build/stm32f4xx_ll_gpio.o
 .debug_loc     0x0000000000003897      0x633 build/stm32f4xx_ll_dma.o
 .debug_loc     0x0000000000003eca      0x57a build/stm32f4xx_ll_usart.o
 .debug_loc     0x0000000000004444     0x1457 build/stm32f4xx_ll_tim.o
 .debug_loc     0x000000000000589b      0x55d build/stm32f4xx_ll_rcc.o
 .debug_loc     0x0000000000005df8      0x6ed build/stm32f4xx_ll_utils.o
 .debug_loc     0x00000000000064e5      0x16c build/system_stm32f4xx.o

.debug_aranges  0x0000000000000000      0x5e8
 .debug_aranges
                0x0000000000000000       0x40 build/main.o
 .debug_aranges
                0x0000000000000040       0x20 build/gpio.o
 .debug_aranges
                0x0000000000000060       0x20 build/dma.o
 .debug_aranges
                0x0000000000000080       0x20 build/tim.o
 .debug_aranges
                0x00000000000000a0       0x28 build/usart.o
 .debug_aranges
                0x00000000000000c8       0x60 build/minihdlc.o
 .debug_aranges
                0x0000000000000128       0x38 build/definitions.o
 .debug_aranges
                0x0000000000000160       0xe0 build/draw.o
 .debug_aranges
                0x0000000000000240       0x30 build/ws2812.o
 .debug_aranges
                0x0000000000000270       0x48 build/notes.o
 .debug_aranges
                0x00000000000002b8       0x38 build/bluetooth.o
 .debug_aranges
                0x00000000000002f0       0x70 build/stm32f4xx_it.o
 .debug_aranges
                0x0000000000000360       0x30 build/stm32f4xx_ll_gpio.o
 .debug_aranges
                0x0000000000000390       0x30 build/stm32f4xx_ll_dma.o
 .debug_aranges
                0x00000000000003c0       0x40 build/stm32f4xx_ll_usart.o
 .debug_aranges
                0x0000000000000400       0xc0 build/stm32f4xx_ll_tim.o
 .debug_aranges
                0x00000000000004c0       0x78 build/stm32f4xx_ll_rcc.o
 .debug_aranges
                0x0000000000000538       0x60 build/stm32f4xx_ll_utils.o
 .debug_aranges
                0x0000000000000598       0x28 build/system_stm32f4xx.o
 .debug_aranges
                0x00000000000005c0       0x28 build/startup_stm32f401xc.o

.debug_ranges   0x0000000000000000      0x700
 .debug_ranges  0x0000000000000000       0x30 build/main.o
 .debug_ranges  0x0000000000000030       0x10 build/gpio.o
 .debug_ranges  0x0000000000000040       0x10 build/dma.o
 .debug_ranges  0x0000000000000050       0x10 build/tim.o
 .debug_ranges  0x0000000000000060       0x18 build/usart.o
 .debug_ranges  0x0000000000000078       0x50 build/minihdlc.o
 .debug_ranges  0x00000000000000c8       0x28 build/definitions.o
 .debug_ranges  0x00000000000000f0      0x2d8 build/draw.o
 .debug_ranges  0x00000000000003c8       0x20 build/ws2812.o
 .debug_ranges  0x00000000000003e8       0x68 build/notes.o
 .debug_ranges  0x0000000000000450       0x28 build/bluetooth.o
 .debug_ranges  0x0000000000000478       0x60 build/stm32f4xx_it.o
 .debug_ranges  0x00000000000004d8       0x20 build/stm32f4xx_ll_gpio.o
 .debug_ranges  0x00000000000004f8       0x20 build/stm32f4xx_ll_dma.o
 .debug_ranges  0x0000000000000518       0x48 build/stm32f4xx_ll_usart.o
 .debug_ranges  0x0000000000000560       0xb0 build/stm32f4xx_ll_tim.o
 .debug_ranges  0x0000000000000610       0x68 build/stm32f4xx_ll_rcc.o
 .debug_ranges  0x0000000000000678       0x50 build/stm32f4xx_ll_utils.o
 .debug_ranges  0x00000000000006c8       0x18 build/system_stm32f4xx.o
 .debug_ranges  0x00000000000006e0       0x20 build/startup_stm32f401xc.o

.debug_line     0x0000000000000000     0x6c23
 .debug_line    0x0000000000000000      0x766 build/main.o
 .debug_line    0x0000000000000766      0x2c8 build/gpio.o
 .debug_line    0x0000000000000a2e      0x3e5 build/dma.o
 .debug_line    0x0000000000000e13      0x3f7 build/tim.o
 .debug_line    0x000000000000120a      0x496 build/usart.o
 .debug_line    0x00000000000016a0      0x4b2 build/minihdlc.o
 .debug_line    0x0000000000001b52      0x265 build/definitions.o
 .debug_line    0x0000000000001db7     0x1017 build/draw.o
 .debug_line    0x0000000000002dce      0x484 build/ws2812.o
 .debug_line    0x0000000000003252      0x439 build/notes.o
 .debug_line    0x000000000000368b      0x4fb build/bluetooth.o
 .debug_line    0x0000000000003b86      0x2a8 build/stm32f4xx_it.o
 .debug_line    0x0000000000003e2e      0x636 build/stm32f4xx_ll_gpio.o
 .debug_line    0x0000000000004464      0x629 build/stm32f4xx_ll_dma.o
 .debug_line    0x0000000000004a8d      0x51b build/stm32f4xx_ll_usart.o
 .debug_line    0x0000000000004fa8      0xbca build/stm32f4xx_ll_tim.o
 .debug_line    0x0000000000005b72      0x6a4 build/stm32f4xx_ll_rcc.o
 .debug_line    0x0000000000006216      0x73c build/stm32f4xx_ll_utils.o
 .debug_line    0x0000000000006952      0x25d build/system_stm32f4xx.o
 .debug_line    0x0000000000006baf       0x74 build/startup_stm32f401xc.o

.debug_str      0x0000000000000000     0x2c91
 .debug_str     0x0000000000000000      0xdd0 build/main.o
                                        0xea5 (size before relaxing)
 .debug_str     0x0000000000000dd0       0xb6 build/gpio.o
                                        0x445 (size before relaxing)
 .debug_str     0x0000000000000e86      0x586 build/dma.o
                                        0xad1 (size before relaxing)
 .debug_str     0x000000000000140c      0x22f build/tim.o
                                        0xb3c (size before relaxing)
 .debug_str     0x000000000000163b       0xfb build/usart.o
                                        0xa14 (size before relaxing)
 .debug_str     0x0000000000001736      0x1a5 build/minihdlc.o
                                        0x36b (size before relaxing)
 .debug_str     0x00000000000018db       0x55 build/definitions.o
                                        0x2d3 (size before relaxing)
 .debug_str     0x0000000000001930      0x1b9 build/draw.o
                                        0x973 (size before relaxing)
 .debug_str     0x0000000000001ae9      0x149 build/ws2812.o
                                        0x51d (size before relaxing)
 .debug_str     0x0000000000001c32       0x3a build/notes.o
                                        0x76e (size before relaxing)
 .debug_str     0x0000000000001c6c       0xf4 build/bluetooth.o
                                        0x561 (size before relaxing)
 .debug_str     0x0000000000001d60       0xd3 build/stm32f4xx_it.o
                                        0x31d (size before relaxing)
 .debug_str     0x0000000000001e33      0x13b build/stm32f4xx_ll_gpio.o
                                        0x4dd (size before relaxing)
 .debug_str     0x0000000000001f6e      0x120 build/stm32f4xx_ll_dma.o
                                        0x631 (size before relaxing)
 .debug_str     0x000000000000208e      0x260 build/stm32f4xx_ll_usart.o
                                        0x643 (size before relaxing)
 .debug_str     0x00000000000022ee      0x3ba build/stm32f4xx_ll_tim.o
                                        0x991 (size before relaxing)
 .debug_str     0x00000000000026a8      0x368 build/stm32f4xx_ll_rcc.o
                                        0x725 (size before relaxing)
 .debug_str     0x0000000000002a10      0x213 build/stm32f4xx_ll_utils.o
                                        0x73b (size before relaxing)
 .debug_str     0x0000000000002c23       0x49 build/system_stm32f4xx.o
                                        0x3a0 (size before relaxing)
 .debug_str     0x0000000000002c6c       0x25 build/startup_stm32f401xc.o
                                         0x58 (size before relaxing)

.comment        0x0000000000000000       0x75
 .comment       0x0000000000000000       0x75 build/main.o
                                         0x76 (size before relaxing)
 .comment       0x0000000000000075       0x76 build/gpio.o
 .comment       0x0000000000000075       0x76 build/dma.o
 .comment       0x0000000000000075       0x76 build/tim.o
 .comment       0x0000000000000075       0x76 build/usart.o
 .comment       0x0000000000000075       0x76 build/minihdlc.o
 .comment       0x0000000000000075       0x76 build/definitions.o
 .comment       0x0000000000000075       0x76 build/draw.o
 .comment       0x0000000000000075       0x76 build/ws2812.o
 .comment       0x0000000000000075       0x76 build/notes.o
 .comment       0x0000000000000075       0x76 build/bluetooth.o
 .comment       0x0000000000000075       0x76 build/stm32f4xx_it.o
 .comment       0x0000000000000075       0x76 build/stm32f4xx_ll_gpio.o
 .comment       0x0000000000000075       0x76 build/stm32f4xx_ll_dma.o
 .comment       0x0000000000000075       0x76 build/stm32f4xx_ll_usart.o
 .comment       0x0000000000000075       0x76 build/stm32f4xx_ll_tim.o
 .comment       0x0000000000000075       0x76 build/stm32f4xx_ll_rcc.o
 .comment       0x0000000000000075       0x76 build/stm32f4xx_ll_utils.o
 .comment       0x0000000000000075       0x76 build/system_stm32f4xx.o

.debug_frame    0x0000000000000000     0x1108
 .debug_frame   0x0000000000000000       0x78 build/main.o
 .debug_frame   0x0000000000000078       0x38 build/gpio.o
 .debug_frame   0x00000000000000b0       0x48 build/dma.o
 .debug_frame   0x00000000000000f8       0x34 build/tim.o
 .debug_frame   0x000000000000012c       0x50 build/usart.o
 .debug_frame   0x000000000000017c       0xd8 build/minihdlc.o
 .debug_frame   0x0000000000000254       0x50 build/definitions.o
 .debug_frame   0x00000000000002a4      0x3c4 build/draw.o
 .debug_frame   0x0000000000000668       0x8c build/ws2812.o
 .debug_frame   0x00000000000006f4       0xac build/notes.o
 .debug_frame   0x00000000000007a0       0x78 build/bluetooth.o
 .debug_frame   0x0000000000000818       0xc0 build/stm32f4xx_it.o
 .debug_frame   0x00000000000008d8       0x5c build/stm32f4xx_ll_gpio.o
 .debug_frame   0x0000000000000934       0x74 build/stm32f4xx_ll_dma.o
 .debug_frame   0x00000000000009a8       0x88 build/stm32f4xx_ll_usart.o
 .debug_frame   0x0000000000000a30      0x21c build/stm32f4xx_ll_tim.o
 .debug_frame   0x0000000000000c4c      0x114 build/stm32f4xx_ll_rcc.o
 .debug_frame   0x0000000000000d60       0xe8 build/stm32f4xx_ll_utils.o
 .debug_frame   0x0000000000000e48       0x30 build/system_stm32f4xx.o
 .debug_frame   0x0000000000000e78       0x2c /Users/luissousa/opt/gcc-arm-none-eabi-8-2018-q4-major/bin/../lib/gcc/arm-none-eabi/8.2.1/../../../../arm-none-eabi/lib/thumb/v7e-m+fp/hard/libc_nano.a(lib_a-init.o)
 .debug_frame   0x0000000000000ea4       0x20 /Users/luissousa/opt/gcc-arm-none-eabi-8-2018-q4-major/bin/../lib/gcc/arm-none-eabi/8.2.1/../../../../arm-none-eabi/lib/thumb/v7e-m+fp/hard/libc_nano.a(lib_a-memset.o)
 .debug_frame   0x0000000000000ec4       0xac /Users/luissousa/opt/gcc-arm-none-eabi-8-2018-q4-major/bin/../lib/gcc/arm-none-eabi/8.2.1/thumb/v7e-m+fp/hard/libgcc.a(_arm_addsubdf3.o)
 .debug_frame   0x0000000000000f70       0x50 /Users/luissousa/opt/gcc-arm-none-eabi-8-2018-q4-major/bin/../lib/gcc/arm-none-eabi/8.2.1/thumb/v7e-m+fp/hard/libgcc.a(_arm_muldivdf3.o)
 .debug_frame   0x0000000000000fc0       0xc4 /Users/luissousa/opt/gcc-arm-none-eabi-8-2018-q4-major/bin/../lib/gcc/arm-none-eabi/8.2.1/thumb/v7e-m+fp/hard/libgcc.a(_arm_cmpdf2.o)
 .debug_frame   0x0000000000001084       0x24 /Users/luissousa/opt/gcc-arm-none-eabi-8-2018-q4-major/bin/../lib/gcc/arm-none-eabi/8.2.1/thumb/v7e-m+fp/hard/libgcc.a(_arm_truncdfsf2.o)
 .debug_frame   0x00000000000010a8       0x2c /Users/luissousa/opt/gcc-arm-none-eabi-8-2018-q4-major/bin/../lib/gcc/arm-none-eabi/8.2.1/thumb/v7e-m+fp/hard/libgcc.a(_aeabi_uldivmod.o)
 .debug_frame   0x00000000000010d4       0x34 /Users/luissousa/opt/gcc-arm-none-eabi-8-2018-q4-major/bin/../lib/gcc/arm-none-eabi/8.2.1/thumb/v7e-m+fp/hard/libgcc.a(_udivmoddi4.o)

Cross Reference Table

Symbol                                            File
ADC_IRQHandler                                    build/startup_stm32f401xc.o
AHBPrescTable                                     build/system_stm32f4xx.o
                                                  build/stm32f4xx_ll_utils.o
                                                  build/stm32f4xx_ll_rcc.o
APBPrescTable                                     build/system_stm32f4xx.o
                                                  build/stm32f4xx_ll_rcc.o
BusFault_Handler                                  build/stm32f4xx_it.o
DMA1_Stream0_IRQHandler                           build/startup_stm32f401xc.o
DMA1_Stream1_IRQHandler                           build/startup_stm32f401xc.o
DMA1_Stream2_IRQHandler                           build/startup_stm32f401xc.o
DMA1_Stream3_IRQHandler                           build/startup_stm32f401xc.o
DMA1_Stream4_IRQHandler                           build/startup_stm32f401xc.o
DMA1_Stream5_IRQHandler                           build/startup_stm32f401xc.o
DMA1_Stream6_IRQHandler                           build/startup_stm32f401xc.o
DMA1_Stream7_IRQHandler                           build/startup_stm32f401xc.o
DMA2_Stream0_IRQHandler                           build/startup_stm32f401xc.o
DMA2_Stream1_IRQHandler                           build/stm32f4xx_it.o
DMA2_Stream2_IRQHandler                           build/main.o
DMA2_Stream3_IRQHandler                           build/startup_stm32f401xc.o
DMA2_Stream4_IRQHandler                           build/startup_stm32f401xc.o
DMA2_Stream5_IRQHandler                           build/stm32f4xx_it.o
DMA2_Stream6_IRQHandler                           build/startup_stm32f401xc.o
DMA2_Stream7_IRQHandler                           build/startup_stm32f401xc.o
DebugMon_Handler                                  build/stm32f4xx_it.o
Default_Handler                                   build/startup_stm32f401xc.o
EXTI0_IRQHandler                                  build/startup_stm32f401xc.o
EXTI15_10_IRQHandler                              build/startup_stm32f401xc.o
EXTI1_IRQHandler                                  build/startup_stm32f401xc.o
EXTI2_IRQHandler                                  build/startup_stm32f401xc.o
EXTI3_IRQHandler                                  build/startup_stm32f401xc.o
EXTI4_IRQHandler                                  build/startup_stm32f401xc.o
EXTI9_5_IRQHandler                                build/startup_stm32f401xc.o
Error_Handler                                     build/main.o
FLASH_IRQHandler                                  build/startup_stm32f401xc.o
FPU_IRQHandler                                    build/startup_stm32f401xc.o
HardFault_Handler                                 build/stm32f4xx_it.o
I2C1_ER_IRQHandler                                build/startup_stm32f401xc.o
I2C1_EV_IRQHandler                                build/startup_stm32f401xc.o
I2C2_ER_IRQHandler                                build/startup_stm32f401xc.o
I2C2_EV_IRQHandler                                build/startup_stm32f401xc.o
I2C3_ER_IRQHandler                                build/startup_stm32f401xc.o
I2C3_EV_IRQHandler                                build/startup_stm32f401xc.o
LL_DMA_DeInit                                     build/stm32f4xx_ll_dma.o
                                                  build/dma.o
LL_DMA_Init                                       build/stm32f4xx_ll_dma.o
                                                  build/dma.o
LL_DMA_StructInit                                 build/stm32f4xx_ll_dma.o
LL_EXTI_DeInit                                    build/stm32f4xx_ll_exti.o
LL_EXTI_Init                                      build/stm32f4xx_ll_exti.o
LL_EXTI_StructInit                                build/stm32f4xx_ll_exti.o
LL_GPIO_DeInit                                    build/stm32f4xx_ll_gpio.o
LL_GPIO_Init                                      build/stm32f4xx_ll_gpio.o
                                                  build/usart.o
                                                  build/gpio.o
LL_GPIO_StructInit                                build/stm32f4xx_ll_gpio.o
LL_Init1msTick                                    build/stm32f4xx_ll_utils.o
                                                  build/main.o
LL_PLL_ConfigSystemClock_HSE                      build/stm32f4xx_ll_utils.o
LL_PLL_ConfigSystemClock_HSI                      build/stm32f4xx_ll_utils.o
LL_RCC_DeInit                                     build/stm32f4xx_ll_rcc.o
LL_RCC_GetI2SClockFreq                            build/stm32f4xx_ll_rcc.o
LL_RCC_GetSDIOClockFreq                           build/stm32f4xx_ll_rcc.o
LL_RCC_GetSystemClocksFreq                        build/stm32f4xx_ll_rcc.o
                                                  build/stm32f4xx_ll_usart.o
LL_RCC_GetUSBClockFreq                            build/stm32f4xx_ll_rcc.o
LL_SetSystemCoreClock                             build/stm32f4xx_ll_utils.o
                                                  build/main.o
LL_TIM_BDTR_Init                                  build/stm32f4xx_ll_tim.o
                                                  build/tim.o
LL_TIM_BDTR_StructInit                            build/stm32f4xx_ll_tim.o
LL_TIM_DeInit                                     build/stm32f4xx_ll_tim.o
LL_TIM_ENCODER_Init                               build/stm32f4xx_ll_tim.o
LL_TIM_ENCODER_StructInit                         build/stm32f4xx_ll_tim.o
LL_TIM_HALLSENSOR_Init                            build/stm32f4xx_ll_tim.o
LL_TIM_HALLSENSOR_StructInit                      build/stm32f4xx_ll_tim.o
LL_TIM_IC_Init                                    build/stm32f4xx_ll_tim.o
LL_TIM_IC_StructInit                              build/stm32f4xx_ll_tim.o
LL_TIM_Init                                       build/stm32f4xx_ll_tim.o
                                                  build/tim.o
LL_TIM_OC_Init                                    build/stm32f4xx_ll_tim.o
                                                  build/tim.o
LL_TIM_OC_StructInit                              build/stm32f4xx_ll_tim.o
LL_TIM_StructInit                                 build/stm32f4xx_ll_tim.o
LL_USART_ClockInit                                build/stm32f4xx_ll_usart.o
LL_USART_ClockStructInit                          build/stm32f4xx_ll_usart.o
LL_USART_DeInit                                   build/stm32f4xx_ll_usart.o
LL_USART_Init                                     build/stm32f4xx_ll_usart.o
                                                  build/usart.o
LL_USART_StructInit                               build/stm32f4xx_ll_usart.o
LL_mDelay                                         build/stm32f4xx_ll_utils.o
                                                  build/main.o
MAX_BRIGHT                                        build/draw.o
                                                  build/bluetooth.o
                                                  build/notes.o
                                                  build/definitions.o
MAX_DIV                                           build/draw.o
                                                  build/bluetooth.o
MODE_BACK                                         build/draw.o
                                                  build/bluetooth.o
MODE_TEXT                                         build/draw.o
                                                  build/bluetooth.o
MX_DMA_Init                                       build/dma.o
                                                  build/main.o
MX_GPIO_Init                                      build/gpio.o
                                                  build/main.o
MX_TIM1_Init                                      build/tim.o
                                                  build/main.o
MX_USART1_UART_Init                               build/usart.o
                                                  build/main.o
MX_USART6_UART_Init                               build/usart.o
MemManage_Handler                                 build/stm32f4xx_it.o
NMI_Handler                                       build/stm32f4xx_it.o
OTG_FS_IRQHandler                                 build/startup_stm32f401xc.o
OTG_FS_WKUP_IRQHandler                            build/startup_stm32f401xc.o
PVD_IRQHandler                                    build/startup_stm32f401xc.o
PendSV_Handler                                    build/stm32f4xx_it.o
RCC_GetHCLKClockFreq                              build/stm32f4xx_ll_rcc.o
RCC_GetPCLK1ClockFreq                             build/stm32f4xx_ll_rcc.o
RCC_GetPCLK2ClockFreq                             build/stm32f4xx_ll_rcc.o
RCC_GetSystemClockFreq                            build/stm32f4xx_ll_rcc.o
RCC_IRQHandler                                    build/startup_stm32f401xc.o
RCC_PLLI2S_GetFreqDomain_I2S                      build/stm32f4xx_ll_rcc.o
RCC_PLL_GetFreqDomain_48M                         build/stm32f4xx_ll_rcc.o
RCC_PLL_GetFreqDomain_SYS                         build/stm32f4xx_ll_rcc.o
RTC_Alarm_IRQHandler                              build/startup_stm32f401xc.o
RTC_WKUP_IRQHandler                               build/startup_stm32f401xc.o
Reset_Handler                                     build/startup_stm32f401xc.o
SDIO_IRQHandler                                   build/startup_stm32f401xc.o
SPI1_IRQHandler                                   build/startup_stm32f401xc.o
SPI2_IRQHandler                                   build/startup_stm32f401xc.o
SPI3_IRQHandler                                   build/startup_stm32f401xc.o
SPI4_IRQHandler                                   build/startup_stm32f401xc.o
SVC_Handler                                       build/stm32f4xx_it.o
SysTick_Handler                                   build/stm32f4xx_it.o
SystemClock_Config                                build/main.o
SystemCoreClock                                   build/system_stm32f4xx.o
                                                  build/stm32f4xx_ll_utils.o
                                                  build/tim.o
SystemCoreClockUpdate                             build/system_stm32f4xx.o
SystemInit                                        build/system_stm32f4xx.o
                                                  build/startup_stm32f401xc.o
TAMP_STAMP_IRQHandler                             build/startup_stm32f401xc.o
TIM1_BRK_TIM9_IRQHandler                          build/startup_stm32f401xc.o
TIM1_CC_IRQHandler                                build/startup_stm32f401xc.o
TIM1_TRG_COM_TIM11_IRQHandler                     build/startup_stm32f401xc.o
TIM1_UP_TIM10_IRQHandler                          build/main.o
TIM1_overflows                                    build/main.o
TIM2_IRQHandler                                   build/startup_stm32f401xc.o
TIM3_IRQHandler                                   build/startup_stm32f401xc.o
TIM4_IRQHandler                                   build/startup_stm32f401xc.o
TIM5_IRQHandler                                   build/startup_stm32f401xc.o
USART1_IRQHandler                                 build/bluetooth.o
USART2_IRQHandler                                 build/startup_stm32f401xc.o
USART6_IRQHandler                                 build/startup_stm32f401xc.o
UsageFault_Handler                                build/stm32f4xx_it.o
WS2812_IO_High                                    build/ws2812.o
                                                  build/dma.o
WS2812_IO_Low                                     build/ws2812.o
                                                  build/dma.o
WS2812_IO_framedata                               build/bluetooth.o
                                                  build/ws2812.o
                                                  build/draw.o
                                                  build/dma.o
                                                  build/main.o
WS2812_TC                                         build/ws2812.o
                                                  build/main.o
WS2812_framedata_setPixel                         build/ws2812.o
                                                  build/draw.o
WS2812_framedata_setRow                           build/ws2812.o
WS2812_sendbuf                                    build/ws2812.o
                                                  build/bluetooth.o
                                                  build/main.o
WWDG_IRQHandler                                   build/startup_stm32f401xc.o
__adddf3                                          /Users/luissousa/opt/gcc-arm-none-eabi-8-2018-q4-major/bin/../lib/gcc/arm-none-eabi/8.2.1/thumb/v7e-m+fp/hard/libgcc.a(_arm_addsubdf3.o)
__aeabi_cdcmpeq                                   /Users/luissousa/opt/gcc-arm-none-eabi-8-2018-q4-major/bin/../lib/gcc/arm-none-eabi/8.2.1/thumb/v7e-m+fp/hard/libgcc.a(_arm_cmpdf2.o)
__aeabi_cdcmple                                   /Users/luissousa/opt/gcc-arm-none-eabi-8-2018-q4-major/bin/../lib/gcc/arm-none-eabi/8.2.1/thumb/v7e-m+fp/hard/libgcc.a(_arm_cmpdf2.o)
__aeabi_cdrcmple                                  /Users/luissousa/opt/gcc-arm-none-eabi-8-2018-q4-major/bin/../lib/gcc/arm-none-eabi/8.2.1/thumb/v7e-m+fp/hard/libgcc.a(_arm_cmpdf2.o)
__aeabi_d2f                                       /Users/luissousa/opt/gcc-arm-none-eabi-8-2018-q4-major/bin/../lib/gcc/arm-none-eabi/8.2.1/thumb/v7e-m+fp/hard/libgcc.a(_arm_truncdfsf2.o)
                                                  build/draw.o
__aeabi_dadd                                      /Users/luissousa/opt/gcc-arm-none-eabi-8-2018-q4-major/bin/../lib/gcc/arm-none-eabi/8.2.1/thumb/v7e-m+fp/hard/libgcc.a(_arm_addsubdf3.o)
                                                  build/draw.o
__aeabi_dcmpeq                                    /Users/luissousa/opt/gcc-arm-none-eabi-8-2018-q4-major/bin/../lib/gcc/arm-none-eabi/8.2.1/thumb/v7e-m+fp/hard/libgcc.a(_arm_cmpdf2.o)
__aeabi_dcmpge                                    /Users/luissousa/opt/gcc-arm-none-eabi-8-2018-q4-major/bin/../lib/gcc/arm-none-eabi/8.2.1/thumb/v7e-m+fp/hard/libgcc.a(_arm_cmpdf2.o)
__aeabi_dcmpgt                                    /Users/luissousa/opt/gcc-arm-none-eabi-8-2018-q4-major/bin/../lib/gcc/arm-none-eabi/8.2.1/thumb/v7e-m+fp/hard/libgcc.a(_arm_cmpdf2.o)
__aeabi_dcmple                                    /Users/luissousa/opt/gcc-arm-none-eabi-8-2018-q4-major/bin/../lib/gcc/arm-none-eabi/8.2.1/thumb/v7e-m+fp/hard/libgcc.a(_arm_cmpdf2.o)
__aeabi_dcmplt                                    /Users/luissousa/opt/gcc-arm-none-eabi-8-2018-q4-major/bin/../lib/gcc/arm-none-eabi/8.2.1/thumb/v7e-m+fp/hard/libgcc.a(_arm_cmpdf2.o)
                                                  build/draw.o
__aeabi_ddiv                                      /Users/luissousa/opt/gcc-arm-none-eabi-8-2018-q4-major/bin/../lib/gcc/arm-none-eabi/8.2.1/thumb/v7e-m+fp/hard/libgcc.a(_arm_muldivdf3.o)
__aeabi_dmul                                      /Users/luissousa/opt/gcc-arm-none-eabi-8-2018-q4-major/bin/../lib/gcc/arm-none-eabi/8.2.1/thumb/v7e-m+fp/hard/libgcc.a(_arm_muldivdf3.o)
                                                  build/draw.o
__aeabi_drsub                                     /Users/luissousa/opt/gcc-arm-none-eabi-8-2018-q4-major/bin/../lib/gcc/arm-none-eabi/8.2.1/thumb/v7e-m+fp/hard/libgcc.a(_arm_addsubdf3.o)
__aeabi_dsub                                      /Users/luissousa/opt/gcc-arm-none-eabi-8-2018-q4-major/bin/../lib/gcc/arm-none-eabi/8.2.1/thumb/v7e-m+fp/hard/libgcc.a(_arm_addsubdf3.o)
__aeabi_f2d                                       /Users/luissousa/opt/gcc-arm-none-eabi-8-2018-q4-major/bin/../lib/gcc/arm-none-eabi/8.2.1/thumb/v7e-m+fp/hard/libgcc.a(_arm_addsubdf3.o)
                                                  build/draw.o
__aeabi_i2d                                       /Users/luissousa/opt/gcc-arm-none-eabi-8-2018-q4-major/bin/../lib/gcc/arm-none-eabi/8.2.1/thumb/v7e-m+fp/hard/libgcc.a(_arm_addsubdf3.o)
                                                  build/draw.o
__aeabi_idiv0                                     /Users/luissousa/opt/gcc-arm-none-eabi-8-2018-q4-major/bin/../lib/gcc/arm-none-eabi/8.2.1/thumb/v7e-m+fp/hard/libgcc.a(_dvmd_tls.o)
__aeabi_l2d                                       /Users/luissousa/opt/gcc-arm-none-eabi-8-2018-q4-major/bin/../lib/gcc/arm-none-eabi/8.2.1/thumb/v7e-m+fp/hard/libgcc.a(_arm_addsubdf3.o)
__aeabi_ldiv0                                     /Users/luissousa/opt/gcc-arm-none-eabi-8-2018-q4-major/bin/../lib/gcc/arm-none-eabi/8.2.1/thumb/v7e-m+fp/hard/libgcc.a(_dvmd_tls.o)
                                                  /Users/luissousa/opt/gcc-arm-none-eabi-8-2018-q4-major/bin/../lib/gcc/arm-none-eabi/8.2.1/thumb/v7e-m+fp/hard/libgcc.a(_aeabi_uldivmod.o)
__aeabi_ui2d                                      /Users/luissousa/opt/gcc-arm-none-eabi-8-2018-q4-major/bin/../lib/gcc/arm-none-eabi/8.2.1/thumb/v7e-m+fp/hard/libgcc.a(_arm_addsubdf3.o)
__aeabi_ul2d                                      /Users/luissousa/opt/gcc-arm-none-eabi-8-2018-q4-major/bin/../lib/gcc/arm-none-eabi/8.2.1/thumb/v7e-m+fp/hard/libgcc.a(_arm_addsubdf3.o)
__aeabi_uldivmod                                  /Users/luissousa/opt/gcc-arm-none-eabi-8-2018-q4-major/bin/../lib/gcc/arm-none-eabi/8.2.1/thumb/v7e-m+fp/hard/libgcc.a(_aeabi_uldivmod.o)
                                                  build/stm32f4xx_ll_usart.o
__bss_end__                                       /Users/luissousa/opt/gcc-arm-none-eabi-8-2018-q4-major/bin/../lib/gcc/arm-none-eabi/8.2.1/../../../../arm-none-eabi/lib/thumb/v7e-m+fp/hard/crt0.o
__bss_start__                                     /Users/luissousa/opt/gcc-arm-none-eabi-8-2018-q4-major/bin/../lib/gcc/arm-none-eabi/8.2.1/../../../../arm-none-eabi/lib/thumb/v7e-m+fp/hard/crt0.o
__call_exitprocs                                  /Users/luissousa/opt/gcc-arm-none-eabi-8-2018-q4-major/bin/../lib/gcc/arm-none-eabi/8.2.1/../../../../arm-none-eabi/lib/thumb/v7e-m+fp/hard/libc_nano.a(lib_a-exit.o)
__cmpdf2                                          /Users/luissousa/opt/gcc-arm-none-eabi-8-2018-q4-major/bin/../lib/gcc/arm-none-eabi/8.2.1/thumb/v7e-m+fp/hard/libgcc.a(_arm_cmpdf2.o)
__deregister_frame_info                           /Users/luissousa/opt/gcc-arm-none-eabi-8-2018-q4-major/bin/../lib/gcc/arm-none-eabi/8.2.1/thumb/v7e-m+fp/hard/crtbegin.o
__divdf3                                          /Users/luissousa/opt/gcc-arm-none-eabi-8-2018-q4-major/bin/../lib/gcc/arm-none-eabi/8.2.1/thumb/v7e-m+fp/hard/libgcc.a(_arm_muldivdf3.o)
__dso_handle                                      /Users/luissousa/opt/gcc-arm-none-eabi-8-2018-q4-major/bin/../lib/gcc/arm-none-eabi/8.2.1/thumb/v7e-m+fp/hard/crtbegin.o
__eqdf2                                           /Users/luissousa/opt/gcc-arm-none-eabi-8-2018-q4-major/bin/../lib/gcc/arm-none-eabi/8.2.1/thumb/v7e-m+fp/hard/libgcc.a(_arm_cmpdf2.o)
__extendsfdf2                                     /Users/luissousa/opt/gcc-arm-none-eabi-8-2018-q4-major/bin/../lib/gcc/arm-none-eabi/8.2.1/thumb/v7e-m+fp/hard/libgcc.a(_arm_addsubdf3.o)
__floatdidf                                       /Users/luissousa/opt/gcc-arm-none-eabi-8-2018-q4-major/bin/../lib/gcc/arm-none-eabi/8.2.1/thumb/v7e-m+fp/hard/libgcc.a(_arm_addsubdf3.o)
__floatsidf                                       /Users/luissousa/opt/gcc-arm-none-eabi-8-2018-q4-major/bin/../lib/gcc/arm-none-eabi/8.2.1/thumb/v7e-m+fp/hard/libgcc.a(_arm_addsubdf3.o)
__floatundidf                                     /Users/luissousa/opt/gcc-arm-none-eabi-8-2018-q4-major/bin/../lib/gcc/arm-none-eabi/8.2.1/thumb/v7e-m+fp/hard/libgcc.a(_arm_addsubdf3.o)
__floatunsidf                                     /Users/luissousa/opt/gcc-arm-none-eabi-8-2018-q4-major/bin/../lib/gcc/arm-none-eabi/8.2.1/thumb/v7e-m+fp/hard/libgcc.a(_arm_addsubdf3.o)
__gedf2                                           /Users/luissousa/opt/gcc-arm-none-eabi-8-2018-q4-major/bin/../lib/gcc/arm-none-eabi/8.2.1/thumb/v7e-m+fp/hard/libgcc.a(_arm_cmpdf2.o)
__gtdf2                                           /Users/luissousa/opt/gcc-arm-none-eabi-8-2018-q4-major/bin/../lib/gcc/arm-none-eabi/8.2.1/thumb/v7e-m+fp/hard/libgcc.a(_arm_cmpdf2.o)
__init_array_end                                  /Users/luissousa/opt/gcc-arm-none-eabi-8-2018-q4-major/bin/../lib/gcc/arm-none-eabi/8.2.1/../../../../arm-none-eabi/lib/thumb/v7e-m+fp/hard/libc_nano.a(lib_a-init.o)
__init_array_start                                /Users/luissousa/opt/gcc-arm-none-eabi-8-2018-q4-major/bin/../lib/gcc/arm-none-eabi/8.2.1/../../../../arm-none-eabi/lib/thumb/v7e-m+fp/hard/libc_nano.a(lib_a-init.o)
__ledf2                                           /Users/luissousa/opt/gcc-arm-none-eabi-8-2018-q4-major/bin/../lib/gcc/arm-none-eabi/8.2.1/thumb/v7e-m+fp/hard/libgcc.a(_arm_cmpdf2.o)
__libc_fini_array                                 /Users/luissousa/opt/gcc-arm-none-eabi-8-2018-q4-major/bin/../lib/gcc/arm-none-eabi/8.2.1/../../../../arm-none-eabi/lib/thumb/v7e-m+fp/hard/crt0.o
__libc_init_array                                 /Users/luissousa/opt/gcc-arm-none-eabi-8-2018-q4-major/bin/../lib/gcc/arm-none-eabi/8.2.1/../../../../arm-none-eabi/lib/thumb/v7e-m+fp/hard/libc_nano.a(lib_a-init.o)
                                                  build/startup_stm32f401xc.o
                                                  /Users/luissousa/opt/gcc-arm-none-eabi-8-2018-q4-major/bin/../lib/gcc/arm-none-eabi/8.2.1/../../../../arm-none-eabi/lib/thumb/v7e-m+fp/hard/crt0.o
__ltdf2                                           /Users/luissousa/opt/gcc-arm-none-eabi-8-2018-q4-major/bin/../lib/gcc/arm-none-eabi/8.2.1/thumb/v7e-m+fp/hard/libgcc.a(_arm_cmpdf2.o)
__muldf3                                          /Users/luissousa/opt/gcc-arm-none-eabi-8-2018-q4-major/bin/../lib/gcc/arm-none-eabi/8.2.1/thumb/v7e-m+fp/hard/libgcc.a(_arm_muldivdf3.o)
__nedf2                                           /Users/luissousa/opt/gcc-arm-none-eabi-8-2018-q4-major/bin/../lib/gcc/arm-none-eabi/8.2.1/thumb/v7e-m+fp/hard/libgcc.a(_arm_cmpdf2.o)
__preinit_array_end                               /Users/luissousa/opt/gcc-arm-none-eabi-8-2018-q4-major/bin/../lib/gcc/arm-none-eabi/8.2.1/../../../../arm-none-eabi/lib/thumb/v7e-m+fp/hard/libc_nano.a(lib_a-init.o)
__preinit_array_start                             /Users/luissousa/opt/gcc-arm-none-eabi-8-2018-q4-major/bin/../lib/gcc/arm-none-eabi/8.2.1/../../../../arm-none-eabi/lib/thumb/v7e-m+fp/hard/libc_nano.a(lib_a-init.o)
__register_frame_info                             /Users/luissousa/opt/gcc-arm-none-eabi-8-2018-q4-major/bin/../lib/gcc/arm-none-eabi/8.2.1/thumb/v7e-m+fp/hard/crtbegin.o
__sf_fake_stderr                                  /Users/luissousa/opt/gcc-arm-none-eabi-8-2018-q4-major/bin/../lib/gcc/arm-none-eabi/8.2.1/../../../../arm-none-eabi/lib/thumb/v7e-m+fp/hard/libc_nano.a(lib_a-impure.o)
__sf_fake_stdin                                   /Users/luissousa/opt/gcc-arm-none-eabi-8-2018-q4-major/bin/../lib/gcc/arm-none-eabi/8.2.1/../../../../arm-none-eabi/lib/thumb/v7e-m+fp/hard/libc_nano.a(lib_a-impure.o)
__sf_fake_stdout                                  /Users/luissousa/opt/gcc-arm-none-eabi-8-2018-q4-major/bin/../lib/gcc/arm-none-eabi/8.2.1/../../../../arm-none-eabi/lib/thumb/v7e-m+fp/hard/libc_nano.a(lib_a-impure.o)
__stack                                           /Users/luissousa/opt/gcc-arm-none-eabi-8-2018-q4-major/bin/../lib/gcc/arm-none-eabi/8.2.1/../../../../arm-none-eabi/lib/thumb/v7e-m+fp/hard/crt0.o
__subdf3                                          /Users/luissousa/opt/gcc-arm-none-eabi-8-2018-q4-major/bin/../lib/gcc/arm-none-eabi/8.2.1/thumb/v7e-m+fp/hard/libgcc.a(_arm_addsubdf3.o)
__truncdfsf2                                      /Users/luissousa/opt/gcc-arm-none-eabi-8-2018-q4-major/bin/../lib/gcc/arm-none-eabi/8.2.1/thumb/v7e-m+fp/hard/libgcc.a(_arm_truncdfsf2.o)
__udivmoddi4                                      /Users/luissousa/opt/gcc-arm-none-eabi-8-2018-q4-major/bin/../lib/gcc/arm-none-eabi/8.2.1/thumb/v7e-m+fp/hard/libgcc.a(_udivmoddi4.o)
                                                  /Users/luissousa/opt/gcc-arm-none-eabi-8-2018-q4-major/bin/../lib/gcc/arm-none-eabi/8.2.1/thumb/v7e-m+fp/hard/libgcc.a(_aeabi_uldivmod.o)
_ebss                                             build/startup_stm32f401xc.o
_edata                                            build/startup_stm32f401xc.o
_estack                                           build/startup_stm32f401xc.o
_exit                                             /Users/luissousa/opt/gcc-arm-none-eabi-8-2018-q4-major/bin/../lib/gcc/arm-none-eabi/8.2.1/../../../../arm-none-eabi/lib/thumb/v7e-m+fp/hard/libnosys.a(_exit.o)
                                                  /Users/luissousa/opt/gcc-arm-none-eabi-8-2018-q4-major/bin/../lib/gcc/arm-none-eabi/8.2.1/../../../../arm-none-eabi/lib/thumb/v7e-m+fp/hard/libc_nano.a(lib_a-exit.o)
_fini                                             /Users/luissousa/opt/gcc-arm-none-eabi-8-2018-q4-major/bin/../lib/gcc/arm-none-eabi/8.2.1/thumb/v7e-m+fp/hard/crti.o
_global_impure_ptr                                /Users/luissousa/opt/gcc-arm-none-eabi-8-2018-q4-major/bin/../lib/gcc/arm-none-eabi/8.2.1/../../../../arm-none-eabi/lib/thumb/v7e-m+fp/hard/libc_nano.a(lib_a-impure.o)
                                                  /Users/luissousa/opt/gcc-arm-none-eabi-8-2018-q4-major/bin/../lib/gcc/arm-none-eabi/8.2.1/../../../../arm-none-eabi/lib/thumb/v7e-m+fp/hard/libc_nano.a(lib_a-exit.o)
_impure_ptr                                       /Users/luissousa/opt/gcc-arm-none-eabi-8-2018-q4-major/bin/../lib/gcc/arm-none-eabi/8.2.1/../../../../arm-none-eabi/lib/thumb/v7e-m+fp/hard/libc_nano.a(lib_a-impure.o)
_init                                             /Users/luissousa/opt/gcc-arm-none-eabi-8-2018-q4-major/bin/../lib/gcc/arm-none-eabi/8.2.1/thumb/v7e-m+fp/hard/crti.o
                                                  /Users/luissousa/opt/gcc-arm-none-eabi-8-2018-q4-major/bin/../lib/gcc/arm-none-eabi/8.2.1/../../../../arm-none-eabi/lib/thumb/v7e-m+fp/hard/libc_nano.a(lib_a-init.o)
_mainCRTStartup                                   /Users/luissousa/opt/gcc-arm-none-eabi-8-2018-q4-major/bin/../lib/gcc/arm-none-eabi/8.2.1/../../../../arm-none-eabi/lib/thumb/v7e-m+fp/hard/crt0.o
_sbss                                             build/startup_stm32f401xc.o
_sdata                                            build/startup_stm32f401xc.o
_sidata                                           build/startup_stm32f401xc.o
_start                                            /Users/luissousa/opt/gcc-arm-none-eabi-8-2018-q4-major/bin/../lib/gcc/arm-none-eabi/8.2.1/../../../../arm-none-eabi/lib/thumb/v7e-m+fp/hard/crt0.o
addNoteBuffer                                     build/notes.o
arrColor                                          build/draw.o
                                                  build/bluetooth.o
                                                  build/notes.o
                                                  build/main.o
atexit                                            /Users/luissousa/opt/gcc-arm-none-eabi-8-2018-q4-major/bin/../lib/gcc/arm-none-eabi/8.2.1/../../../../arm-none-eabi/lib/thumb/v7e-m+fp/hard/crt0.o
backColor                                         build/bluetooth.o
                                                  build/notes.o
                                                  build/ws2812.o
                                                  build/draw.o
                                                  build/definitions.o
                                                  build/dma.o
                                                  build/main.o
backLayer                                         build/bluetooth.o
                                                  build/notes.o
                                                  build/ws2812.o
                                                  build/draw.o
                                                  build/definitions.o
                                                  build/dma.o
                                                  build/main.o
calculateLeds                                     build/notes.o
callback_function                                 build/draw.o
                                                  build/bluetooth.o
                                                  build/main.o
checkSequence                                     build/draw.o
circle                                            build/draw.o
                                                  build/bluetooth.o
                                                  build/main.o
clearBack                                         build/draw.o
                                                  build/bluetooth.o
                                                  build/main.o
clearFramebuffer                                  build/draw.o
                                                  build/main.o
clearNoteBuffer                                   build/notes.o
                                                  build/main.o
clearText                                         build/draw.o
                                                  build/bluetooth.o
                                                  build/main.o
cntMessage                                        build/notes.o
colorBW                                           build/draw.o
                                                  build/bluetooth.o
colorOriginal                                     build/draw.o
                                                  build/bluetooth.o
                                                  build/main.o
cross                                             build/draw.o
                                                  build/bluetooth.o
drawCenter                                        build/draw.o
drawColor                                         build/draw.o
drawLetter                                        build/draw.o
drawLine                                          build/draw.o
drawNote                                          build/draw.o
                                                  build/bluetooth.o
drawPixel                                         build/draw.o
drawShape                                         build/draw.o
                                                  build/main.o
drawShapeNote                                     build/draw.o
                                                  build/bluetooth.o
                                                  build/main.o
drawShapeNoteGrad                                 build/draw.o
                                                  build/bluetooth.o
drawShapeNoteTemp                                 build/draw.o
drawString                                        build/draw.o
drawStringArray                                   build/draw.o
drawText                                          build/draw.o
drawshape_function                                build/draw.o
                                                  build/bluetooth.o
                                                  build/main.o
drawtext_function                                 build/draw.o
                                                  build/bluetooth.o
exit                                              /Users/luissousa/opt/gcc-arm-none-eabi-8-2018-q4-major/bin/../lib/gcc/arm-none-eabi/8.2.1/../../../../arm-none-eabi/lib/thumb/v7e-m+fp/hard/libc_nano.a(lib_a-exit.o)
                                                  /Users/luissousa/opt/gcc-arm-none-eabi-8-2018-q4-major/bin/../lib/gcc/arm-none-eabi/8.2.1/../../../../arm-none-eabi/lib/thumb/v7e-m+fp/hard/crt0.o
fillFramebuffer                                   build/draw.o
                                                  build/bluetooth.o
                                                  build/main.o
font4x6                                           build/draw.o
g_pfnVectors                                      build/startup_stm32f401xc.o
gammaCorrection                                   build/definitions.o
getFontLine                                       build/draw.o
getNoteBuffer                                     build/notes.o
                                                  build/draw.o
hardware_init_hook                                /Users/luissousa/opt/gcc-arm-none-eabi-8-2018-q4-major/bin/../lib/gcc/arm-none-eabi/8.2.1/../../../../arm-none-eabi/lib/thumb/v7e-m+fp/hard/crt0.o
horizontal                                        build/draw.o
                                                  build/bluetooth.o
main                                              build/main.o
                                                  build/startup_stm32f401xc.o
                                                  /Users/luissousa/opt/gcc-arm-none-eabi-8-2018-q4-major/bin/../lib/gcc/arm-none-eabi/8.2.1/../../../../arm-none-eabi/lib/thumb/v7e-m+fp/hard/crt0.o
memset                                            /Users/luissousa/opt/gcc-arm-none-eabi-8-2018-q4-major/bin/../lib/gcc/arm-none-eabi/8.2.1/../../../../arm-none-eabi/lib/thumb/v7e-m+fp/hard/libc_nano.a(lib_a-memset.o)
                                                  build/tim.o
                                                  build/dma.o
                                                  /Users/luissousa/opt/gcc-arm-none-eabi-8-2018-q4-major/bin/../lib/gcc/arm-none-eabi/8.2.1/../../../../arm-none-eabi/lib/thumb/v7e-m+fp/hard/crt0.o
mhst                                              build/minihdlc.o
minihdlc_char_receiver                            build/minihdlc.o
                                                  build/bluetooth.o
minihdlc_get_buffer                               build/minihdlc.o
minihdlc_get_buffer_size                          build/minihdlc.o
minihdlc_init                                     build/minihdlc.o
                                                  build/bluetooth.o
minihdlc_send_frame                               build/minihdlc.o
                                                  build/bluetooth.o
minihdlc_send_frame_to_buffer                     build/minihdlc.o
note                                              build/notes.o
                                                  build/draw.o
                                                  build/main.o
noteBuffer                                        build/notes.o
                                                  build/draw.o
                                                  build/main.o
noteSequence                                      build/notes.o
                                                  build/draw.o
                                                  build/main.o
orientation                                       build/draw.o
                                                  build/bluetooth.o
receiveDataBluetooth                              build/bluetooth.o
resto                                             build/notes.o
sendDataBluetooth                                 build/bluetooth.o
setBackColor                                      build/definitions.o
setColor                                          build/definitions.o
                                                  build/notes.o
                                                  build/draw.o
setColorFB                                        build/definitions.o
                                                  build/draw.o
setNote                                           build/notes.o
                                                  build/main.o
setTextColor                                      build/definitions.o
                                                  build/draw.o
setVelocity                                       build/notes.o
software_init_hook                                /Users/luissousa/opt/gcc-arm-none-eabi-8-2018-q4-major/bin/../lib/gcc/arm-none-eabi/8.2.1/../../../../arm-none-eabi/lib/thumb/v7e-m+fp/hard/crt0.o
square                                            build/draw.o
                                                  build/bluetooth.o
startReception                                    build/bluetooth.o
                                                  build/main.o
strlen                                            /Users/luissousa/opt/gcc-arm-none-eabi-8-2018-q4-major/bin/../lib/gcc/arm-none-eabi/8.2.1/../../../../arm-none-eabi/lib/thumb/v7e-m+fp/hard/libc_nano.a(lib_a-strlen.o)
                                                  build/draw.o
textColor                                         build/bluetooth.o
                                                  build/notes.o
                                                  build/ws2812.o
                                                  build/draw.o
                                                  build/definitions.o
                                                  build/dma.o
                                                  build/main.o
textLayer                                         build/bluetooth.o
                                                  build/notes.o
                                                  build/ws2812.o
                                                  build/draw.o
                                                  build/definitions.o
                                                  build/dma.o
                                                  build/main.o
tim_period                                        build/tim.o
timer_reset_pulse_period                          build/tim.o
triangle                                          build/draw.o
                                                  build/bluetooth.o
velocity                                          build/notes.o
vertical                                          build/draw.o
                                                  build/bluetooth.o
waitForMessage                                    build/notes.o
