Archive member included to satisfy reference by file (symbol)

/Users/luissousa/opt/gcc-arm-none-eabi-8-2018-q4-major/bin/../lib/gcc/arm-none-eabi/8.2.1/../../../../arm-none-eabi/lib/thumb/v7-m/nofp/libc_nano.a(lib_a-exit.o)
                              /Users/luissousa/opt/gcc-arm-none-eabi-8-2018-q4-major/bin/../lib/gcc/arm-none-eabi/8.2.1/../../../../arm-none-eabi/lib/thumb/v7-m/nofp/crt0.o (exit)
/Users/luissousa/opt/gcc-arm-none-eabi-8-2018-q4-major/bin/../lib/gcc/arm-none-eabi/8.2.1/../../../../arm-none-eabi/lib/thumb/v7-m/nofp/libc_nano.a(lib_a-impure.o)
                              /Users/luissousa/opt/gcc-arm-none-eabi-8-2018-q4-major/bin/../lib/gcc/arm-none-eabi/8.2.1/../../../../arm-none-eabi/lib/thumb/v7-m/nofp/libc_nano.a(lib_a-exit.o) (_global_impure_ptr)
/Users/luissousa/opt/gcc-arm-none-eabi-8-2018-q4-major/bin/../lib/gcc/arm-none-eabi/8.2.1/../../../../arm-none-eabi/lib/thumb/v7-m/nofp/libc_nano.a(lib_a-init.o)
                              /Users/luissousa/opt/gcc-arm-none-eabi-8-2018-q4-major/bin/../lib/gcc/arm-none-eabi/8.2.1/../../../../arm-none-eabi/lib/thumb/v7-m/nofp/crt0.o (__libc_init_array)
/Users/luissousa/opt/gcc-arm-none-eabi-8-2018-q4-major/bin/../lib/gcc/arm-none-eabi/8.2.1/../../../../arm-none-eabi/lib/thumb/v7-m/nofp/libc_nano.a(lib_a-memset.o)
                              /Users/luissousa/opt/gcc-arm-none-eabi-8-2018-q4-major/bin/../lib/gcc/arm-none-eabi/8.2.1/../../../../arm-none-eabi/lib/thumb/v7-m/nofp/crt0.o (memset)
/Users/luissousa/opt/gcc-arm-none-eabi-8-2018-q4-major/bin/../lib/gcc/arm-none-eabi/8.2.1/../../../../arm-none-eabi/lib/thumb/v7-m/nofp/libc_nano.a(lib_a-sprintf.o)
                              build/main.o (sprintf)
/Users/luissousa/opt/gcc-arm-none-eabi-8-2018-q4-major/bin/../lib/gcc/arm-none-eabi/8.2.1/../../../../arm-none-eabi/lib/thumb/v7-m/nofp/libc_nano.a(lib_a-strcpy.o)
                              build/main.o (strcpy)
/Users/luissousa/opt/gcc-arm-none-eabi-8-2018-q4-major/bin/../lib/gcc/arm-none-eabi/8.2.1/../../../../arm-none-eabi/lib/thumb/v7-m/nofp/libc_nano.a(lib_a-strlen.o)
                              build/main.o (strlen)
/Users/luissousa/opt/gcc-arm-none-eabi-8-2018-q4-major/bin/../lib/gcc/arm-none-eabi/8.2.1/../../../../arm-none-eabi/lib/thumb/v7-m/nofp/libc_nano.a(lib_a-strtol.o)
                              build/main.o (strtol)
/Users/luissousa/opt/gcc-arm-none-eabi-8-2018-q4-major/bin/../lib/gcc/arm-none-eabi/8.2.1/../../../../arm-none-eabi/lib/thumb/v7-m/nofp/libc_nano.a(lib_a-ctype_.o)
                              /Users/luissousa/opt/gcc-arm-none-eabi-8-2018-q4-major/bin/../lib/gcc/arm-none-eabi/8.2.1/../../../../arm-none-eabi/lib/thumb/v7-m/nofp/libc_nano.a(lib_a-strtol.o) (_ctype_)
/Users/luissousa/opt/gcc-arm-none-eabi-8-2018-q4-major/bin/../lib/gcc/arm-none-eabi/8.2.1/../../../../arm-none-eabi/lib/thumb/v7-m/nofp/libc_nano.a(lib_a-nano-svfprintf.o)
                              /Users/luissousa/opt/gcc-arm-none-eabi-8-2018-q4-major/bin/../lib/gcc/arm-none-eabi/8.2.1/../../../../arm-none-eabi/lib/thumb/v7-m/nofp/libc_nano.a(lib_a-sprintf.o) (_svfprintf_r)
/Users/luissousa/opt/gcc-arm-none-eabi-8-2018-q4-major/bin/../lib/gcc/arm-none-eabi/8.2.1/../../../../arm-none-eabi/lib/thumb/v7-m/nofp/libc_nano.a(lib_a-nano-vfprintf_i.o)
                              /Users/luissousa/opt/gcc-arm-none-eabi-8-2018-q4-major/bin/../lib/gcc/arm-none-eabi/8.2.1/../../../../arm-none-eabi/lib/thumb/v7-m/nofp/libc_nano.a(lib_a-nano-svfprintf.o) (_printf_i)
/Users/luissousa/opt/gcc-arm-none-eabi-8-2018-q4-major/bin/../lib/gcc/arm-none-eabi/8.2.1/../../../../arm-none-eabi/lib/thumb/v7-m/nofp/libc_nano.a(lib_a-memchr-stub.o)
                              /Users/luissousa/opt/gcc-arm-none-eabi-8-2018-q4-major/bin/../lib/gcc/arm-none-eabi/8.2.1/../../../../arm-none-eabi/lib/thumb/v7-m/nofp/libc_nano.a(lib_a-nano-svfprintf.o) (memchr)
/Users/luissousa/opt/gcc-arm-none-eabi-8-2018-q4-major/bin/../lib/gcc/arm-none-eabi/8.2.1/../../../../arm-none-eabi/lib/thumb/v7-m/nofp/libc_nano.a(lib_a-memcpy-stub.o)
                              /Users/luissousa/opt/gcc-arm-none-eabi-8-2018-q4-major/bin/../lib/gcc/arm-none-eabi/8.2.1/../../../../arm-none-eabi/lib/thumb/v7-m/nofp/libc_nano.a(lib_a-nano-svfprintf.o) (memcpy)
/Users/luissousa/opt/gcc-arm-none-eabi-8-2018-q4-major/bin/../lib/gcc/arm-none-eabi/8.2.1/../../../../arm-none-eabi/lib/thumb/v7-m/nofp/libc_nano.a(lib_a-memmove.o)
                              /Users/luissousa/opt/gcc-arm-none-eabi-8-2018-q4-major/bin/../lib/gcc/arm-none-eabi/8.2.1/../../../../arm-none-eabi/lib/thumb/v7-m/nofp/libc_nano.a(lib_a-nano-svfprintf.o) (memmove)
/Users/luissousa/opt/gcc-arm-none-eabi-8-2018-q4-major/bin/../lib/gcc/arm-none-eabi/8.2.1/../../../../arm-none-eabi/lib/thumb/v7-m/nofp/libc_nano.a(lib_a-nano-freer.o)
[...]
Memory Configuration

Name             Origin             Length             Attributes
RAM              0x0000000020000000 0x0000000000005000 xrw
FLASH            0x0000000008000000 0x0000000000010000 xr
*default*        0x0000000000000000 0xffffffffffffffff

Linker script and memory map

LOAD /Users/luissousa/opt/gcc-arm-none-eabi-8-2018-q4-major/bin/../lib/gcc/arm-none-eabi/8.2.1/thumb/v7-m/nofp/crti.o
LOAD /Users/luissousa/opt/gcc-arm-none-eabi-8-2018-q4-major/bin/../lib/gcc/arm-none-eabi/8.2.1/thumb/v7-m/nofp/crtbegin.o
LOAD /Users/luissousa/opt/gcc-arm-none-eabi-8-2018-q4-major/bin/../lib/gcc/arm-none-eabi/8.2.1/../../../../arm-none-eabi/lib/thumb/v7-m/nofp/crt0.o
LOAD build/main.o
LOAD build/stm32f1xx_it.o
LOAD build/stm32f1xx_ll_gpio.o
LOAD build/stm32f1xx_ll_dma.o
LOAD build/stm32f1xx_ll_exti.o
LOAD build/stm32f1xx_ll_tim.o
LOAD build/stm32f1xx_ll_rcc.o
LOAD build/stm32f1xx_ll_utils.o
LOAD build/system_stm32f1xx.o
LOAD build/stm32f1xx_ll_pwr.o
LOAD build/stm32f1xx_ll_usart.o
LOAD build/startup_stm32f103xb.o
LOAD /Users/luissousa/opt/gcc-arm-none-eabi-8-2018-q4-major/bin/../lib/gcc/arm-none-eabi/8.2.1/../../../../arm-none-eabi/lib/thumb/v7-m/nofp/libc_nano.a
LOAD /Users/luissousa/opt/gcc-arm-none-eabi-8-2018-q4-major/bin/../lib/gcc/arm-none-eabi/8.2.1/../../../../arm-none-eabi/lib/thumb/v7-m/nofp/libm.a
LOAD /Users/luissousa/opt/gcc-arm-none-eabi-8-2018-q4-major/bin/../lib/gcc/arm-none-eabi/8.2.1/../../../../arm-none-eabi/lib/thumb/v7-m/nofp/libnosys.a
START GROUP
LOAD /Users/luissousa/opt/gcc-arm-none-eabi-8-2018-q4-major/bin/../lib/gcc/arm-none-eabi/8.2.1/thumb/v7-m/nofp/libgcc.a
LOAD /Users/luissousa/opt/gcc-arm-none-eabi-8-2018-q4-major/bin/../lib/gcc/arm-none-eabi/8.2.1/../../../../arm-none-eabi/lib/thumb/v7-m/nofp/libc_nano.a
END GROUP
START GROUP
LOAD /Users/luissousa/opt/gcc-arm-none-eabi-8-2018-q4-major/bin/../lib/gcc/arm-none-eabi/8.2.1/thumb/v7-m/nofp/libgcc.a
LOAD /Users/luissousa/opt/gcc-arm-none-eabi-8-2018-q4-major/bin/../lib/gcc/arm-none-eabi/8.2.1/../../../../arm-none-eabi/lib/thumb/v7-m/nofp/libc_nano.a
END GROUP
LOAD /Users/luissousa/opt/gcc-arm-none-eabi-8-2018-q4-major/bin/../lib/gcc/arm-none-eabi/8.2.1/thumb/v7-m/nofp/crtend.o
LOAD /Users/luissousa/opt/gcc-arm-none-eabi-8-2018-q4-major/bin/../lib/gcc/arm-none-eabi/8.2.1/thumb/v7-m/nofp/crtn.o
                0x0000000020005000                _estack = 0x20005000
                0x0000000000000200                _Min_Heap_Size = 0x200
                0x0000000000000400                _Min_Stack_Size = 0x400

.isr_vector     0x0000000008000000      0x10c
                0x0000000008000000                . = ALIGN (0x4)
 *(.isr_vector)
 .isr_vector    0x0000000008000000      0x10c build/startup_stm32f103xb.o
                0x0000000008000000                g_pfnVectors
                0x000000000800010c                . = ALIGN (0x4)

.text           0x0000000008000110     0x26b4
                0x0000000008000110                . = ALIGN (0x4)
 *(.text)
 .text          0x0000000008000110       0x40 /Users/luissousa/opt/gcc-arm-none-eabi-8-2018-q4-major/bin/../lib/gcc/arm-none-eabi/8.2.1/thumb/v7-m/nofp/crtbegin.o
 .text          0x0000000008000150       0x10 /Users/luissousa/opt/gcc-arm-none-eabi-8-2018-q4-major/bin/../lib/gcc/arm-none-eabi/8.2.1/../../../../arm-none-eabi/lib/thumb/v7-m/nofp/libc_nano.a(lib_a-strlen.o)
                0x0000000008000150                strlen
 .text          0x0000000008000160      0x378 /Users/luissousa/opt/gcc-arm-none-eabi-8-2018-q4-major/bin/../lib/gcc/arm-none-eabi/8.2.1/thumb/v7-m/nofp/libgcc.a(_arm_addsubdf3.o)
                0x0000000008000160                __aeabi_drsub
                0x0000000008000168                __subdf3
                0x0000000008000168                __aeabi_dsub
                0x000000000800016c                __aeabi_dadd
                0x000000000800016c                __adddf3
                0x00000000080003e4                __aeabi_ui2d
                0x00000000080003e4                __floatunsidf
                0x0000000008000404                __floatsidf
                0x0000000008000404                __aeabi_i2d
                0x0000000008000428                __extendsfdf2
                0x0000000008000428                __aeabi_f2d
                0x000000000800046c                __aeabi_ul2d
                0x000000000800046c                __floatundidf
                0x000000000800047c                __aeabi_l2d
                0x000000000800047c                __floatdidf
 .text          0x00000000080004d8      0x424 /Users/luissousa/opt/gcc-arm-none-eabi-8-2018-q4-major/bin/../lib/gcc/arm-none-eabi/8.2.1/thumb/v7-m/nofp/libgcc.a(_arm_muldivdf3.o)
                0x00000000080004d8                __aeabi_dmul
                0x00000000080004d8                __muldf3
                0x000000000800072c                __aeabi_ddiv
                0x000000000800072c                __divdf3
 .text          0x00000000080008fc       0x40 /Users/luissousa/opt/gcc-arm-none-eabi-8-2018-q4-major/bin/../lib/gcc/arm-none-eabi/8.2.1/thumb/v7-m/nofp/libgcc.a(_arm_fixunsdfsi.o)
                0x00000000080008fc                __fixunsdfsi
                0x00000000080008fc                __aeabi_d2uiz
 *(.text*)
 .text.MX_DMA_Init
                0x000000000800093c       0x38 build/main.o
 .text.MX_GPIO_Init
                0x0000000008000974       0x98 build/main.o
 .text.MX_USART3_UART_Init
                0x0000000008000a0c       0xc8 build/main.o
 .text.MX_TIM2_Init
                0x0000000008000ad4      0x184 build/main.o
 .text.getFontLine
                0x0000000008000c58       0x64 build/main.o
                0x0000000008000c58                getFontLine
 *fill*         0x0000000008000cbc        0x4 
 .text.calculateLeds
                0x0000000008000cc0       0xbc build/main.o
                0x0000000008000cc0                calculateLeds
 .text.setVelocity
                0x0000000008000d7c        0xc build/main.o
                0x0000000008000d7c                setVelocity
 .text.setNote  0x0000000008000d88      0x19c build/main.o
                0x0000000008000d88                setNote
 .text.WS2812_framedata_setPixel
                0x0000000008000f24       0xa0 build/main.o
                0x0000000008000f24                WS2812_framedata_setPixel
 .text.clearFramebuffer
                0x0000000008000fc4       0x58 build/main.o
                0x0000000008000fc4                clearFramebuffer
 .text.clearText
                0x000000000800101c       0x18 build/main.o
                0x000000000800101c                clearText
 .text.fillFramebuffer
                0x0000000008001034       0xe4 build/main.o
                0x0000000008001034                fillFramebuffer
 .text.WS2812_sendbuf
                0x0000000008001118       0x98 build/main.o
                0x0000000008001118                WS2812_sendbuf
 .text.drawColor
                0x00000000080011b0       0x38 build/main.o
                0x00000000080011b0                drawColor
 .text.drawLetter
                0x00000000080011e8       0xac build/main.o
                0x00000000080011e8                drawLetter
 .text.drawStringArray
                0x0000000008001294       0x78 build/main.o
                0x0000000008001294                drawStringArray
 .text.SystemClock_Config
                0x000000000800130c       0xa8 build/main.o
                0x000000000800130c                SystemClock_Config
 .text.main     0x00000000080013b4       0x94 build/main.o
                0x00000000080013b4                main
 .text.DMA1_Channel7_IRQHandler
                0x0000000008001448       0x54 build/main.o
                0x0000000008001448                DMA1_Channel7_IRQHandler
 .text.TIM2_IRQHandler
                0x000000000800149c       0x4c build/main.o
                0x000000000800149c                TIM2_IRQHandler
 .text.drawNote
                0x00000000080014e8       0x10 build/main.o
                0x00000000080014e8                drawNote
 .text.USART3_IRQHandler
                0x00000000080014f8      0x1f8 build/main.o
                0x00000000080014f8                USART3_IRQHandler
 .text.NMI_Handler
                0x00000000080016f0        0x2 build/stm32f1xx_it.o
                0x00000000080016f0                NMI_Handler
 .text.HardFault_Handler
                0x00000000080016f2        0x2 build/stm32f1xx_it.o
                0x00000000080016f2                HardFault_Handler
 .text.MemManage_Handler
                0x00000000080016f4        0x2 build/stm32f1xx_it.o
                0x00000000080016f4                MemManage_Handler
 .text.BusFault_Handler
                0x00000000080016f6        0x2 build/stm32f1xx_it.o
                0x00000000080016f6                BusFault_Handler
 .text.UsageFault_Handler
                0x00000000080016f8        0x2 build/stm32f1xx_it.o
                0x00000000080016f8                UsageFault_Handler
 .text.SVC_Handler
                0x00000000080016fa        0x2 build/stm32f1xx_it.o
                0x00000000080016fa                SVC_Handler
 .text.DebugMon_Handler
                0x00000000080016fc        0x2 build/stm32f1xx_it.o
                0x00000000080016fc                DebugMon_Handler
 .text.PendSV_Handler
                0x00000000080016fe        0x2 build/stm32f1xx_it.o
                0x00000000080016fe                PendSV_Handler
 .text.SysTick_Handler
                0x0000000008001700        0x2 build/stm32f1xx_it.o
                0x0000000008001700                SysTick_Handler
 .text.DMA1_Channel2_IRQHandler
                0x0000000008001702        0x2 build/stm32f1xx_it.o
                0x0000000008001702                DMA1_Channel2_IRQHandler
 .text.DMA1_Channel5_IRQHandler
                0x0000000008001704        0x2 build/stm32f1xx_it.o
                0x0000000008001704                DMA1_Channel5_IRQHandler
 .text.LL_GPIO_Init
                0x0000000008001706       0xf4 build/stm32f1xx_ll_gpio.o
                0x0000000008001706                LL_GPIO_Init
 *fill*         0x00000000080017fa        0x2 
 .text.LL_DMA_DeInit
                0x00000000080017fc       0xf0 build/stm32f1xx_ll_dma.o
                0x00000000080017fc                LL_DMA_DeInit
 .text.LL_DMA_Init
                0x00000000080018ec       0x50 build/stm32f1xx_ll_dma.o
                0x00000000080018ec                LL_DMA_Init
 .text.OC1Config
                0x000000000800193c       0x6c build/stm32f1xx_ll_tim.o
 .text.OC2Config
                0x00000000080019a8       0x74 build/stm32f1xx_ll_tim.o
 .text.OC3Config
                0x0000000008001a1c       0x70 build/stm32f1xx_ll_tim.o
 .text.OC4Config
                0x0000000008001a8c       0x54 build/stm32f1xx_ll_tim.o
 .text.LL_TIM_Init
                0x0000000008001ae0       0x70 build/stm32f1xx_ll_tim.o
                0x0000000008001ae0                LL_TIM_Init
 .text.LL_TIM_OC_Init
                0x0000000008001b50       0x40 build/stm32f1xx_ll_tim.o
                0x0000000008001b50                LL_TIM_OC_Init
 .text.RCC_GetHCLKClockFreq
                0x0000000008001b90       0x18 build/stm32f1xx_ll_rcc.o
                0x0000000008001b90                RCC_GetHCLKClockFreq
 .text.RCC_GetPCLK1ClockFreq
                0x0000000008001ba8       0x18 build/stm32f1xx_ll_rcc.o
                0x0000000008001ba8                RCC_GetPCLK1ClockFreq
 .text.RCC_GetPCLK2ClockFreq
                0x0000000008001bc0       0x18 build/stm32f1xx_ll_rcc.o
                0x0000000008001bc0                RCC_GetPCLK2ClockFreq
 .text.RCC_PLL_GetFreqDomain_SYS
                0x0000000008001bd8       0x3c build/stm32f1xx_ll_rcc.o
                0x0000000008001bd8                RCC_PLL_GetFreqDomain_SYS
 .text.RCC_GetSystemClockFreq
                0x0000000008001c14       0x20 build/stm32f1xx_ll_rcc.o
                0x0000000008001c14                RCC_GetSystemClockFreq
 .text.LL_RCC_GetSystemClocksFreq
                0x0000000008001c34       0x20 build/stm32f1xx_ll_rcc.o
                0x0000000008001c34                LL_RCC_GetSystemClocksFreq
 .text.LL_Init1msTick
                0x0000000008001c54       0x20 build/stm32f1xx_ll_utils.o
                0x0000000008001c54                LL_Init1msTick
 .text.LL_SetSystemCoreClock
                0x0000000008001c74        0xc build/stm32f1xx_ll_utils.o
                0x0000000008001c74                LL_SetSystemCoreClock
 .text.SystemInit
                0x0000000008001c80       0x4c build/system_stm32f1xx.o
                0x0000000008001c80                SystemInit
 .text.LL_USART_Init
                0x0000000008001ccc       0xcc build/stm32f1xx_ll_usart.o
                0x0000000008001ccc                LL_USART_Init
 .text.Reset_Handler
                0x0000000008001d98       0x48 build/startup_stm32f103xb.o
                0x0000000008001d98                Reset_Handler
 .text.Default_Handler
                0x0000000008001de0        0x2 build/startup_stm32f103xb.o
                0x0000000008001de0                USBWakeUp_IRQHandler
                0x0000000008001de0                EXTI2_IRQHandler
                0x0000000008001de0                TIM1_CC_IRQHandler
                0x0000000008001de0                PVD_IRQHandler
                0x0000000008001de0                EXTI3_IRQHandler
                0x0000000008001de0                EXTI0_IRQHandler
                0x0000000008001de0                I2C2_EV_IRQHandler
                0x0000000008001de0                ADC1_2_IRQHandler
                0x0000000008001de0                SPI1_IRQHandler
                0x0000000008001de0                TAMPER_IRQHandler
                0x0000000008001de0                DMA1_Channel4_IRQHandler
                0x0000000008001de0                RTC_IRQHandler
                0x0000000008001de0                CAN1_RX1_IRQHandler
                0x0000000008001de0                TIM4_IRQHandler
                0x0000000008001de0                I2C1_EV_IRQHandler
                0x0000000008001de0                DMA1_Channel6_IRQHandler
                0x0000000008001de0                TIM3_IRQHandler
                0x0000000008001de0                RCC_IRQHandler
                0x0000000008001de0                TIM1_TRG_COM_IRQHandler
                0x0000000008001de0                DMA1_Channel1_IRQHandler
                0x0000000008001de0                Default_Handler
                0x0000000008001de0                EXTI15_10_IRQHandler
                0x0000000008001de0                EXTI9_5_IRQHandler
                0x0000000008001de0                SPI2_IRQHandler
                0x0000000008001de0                EXTI4_IRQHandler
                0x0000000008001de0                USB_LP_CAN1_RX0_IRQHandler
                0x0000000008001de0                USB_HP_CAN1_TX_IRQHandler
                0x0000000008001de0                DMA1_Channel3_IRQHandler
                0x0000000008001de0                TIM1_UP_IRQHandler
                0x0000000008001de0                WWDG_IRQHandler
                0x0000000008001de0                TIM1_BRK_IRQHandler
                0x0000000008001de0                EXTI1_IRQHandler
                0x0000000008001de0                USART2_IRQHandler
                0x0000000008001de0                I2C2_ER_IRQHandler
                0x0000000008001de0                CAN1_SCE_IRQHandler
                0x0000000008001de0                FLASH_IRQHandler
                0x0000000008001de0                USART1_IRQHandler
                0x0000000008001de0                I2C1_ER_IRQHandler
                0x0000000008001de0                RTC_Alarm_IRQHandler
 *fill*         0x0000000008001de2        0x2 
 .text.__libc_init_array
                0x0000000008001de4       0x48 /Users/luissousa/opt/gcc-arm-none-eabi-8-2018-q4-major/bin/../lib/gcc/arm-none-eabi/8.2.1/../../../../arm-none-eabi/lib/thumb/v7-m/nofp/libc_nano.a(lib_a-init.o)
                0x0000000008001de4                __libc_init_array
 .text.sprintf  0x0000000008001e2c       0x40 /Users/luissousa/opt/gcc-arm-none-eabi-8-2018-q4-major/bin/../lib/gcc/arm-none-eabi/8.2.1/../../../../arm-none-eabi/lib/thumb/v7-m/nofp/libc_nano.a(lib_a-sprintf.o)
                0x0000000008001e2c                sprintf
                0x0000000008001e2c                siprintf
 .text.strcpy   0x0000000008001e6c       0x10 /Users/luissousa/opt/gcc-arm-none-eabi-8-2018-q4-major/bin/../lib/gcc/arm-none-eabi/8.2.1/../../../../arm-none-eabi/lib/thumb/v7-m/nofp/libc_nano.a(lib_a-strcpy.o)
                0x0000000008001e6c                strcpy
 .text._strtol_l.isra.0
                0x0000000008001e7c       0xf0 /Users/luissousa/opt/gcc-arm-none-eabi-8-2018-q4-major/bin/../lib/gcc/arm-none-eabi/8.2.1/../../../../arm-none-eabi/lib/thumb/v7-m/nofp/libc_nano.a(lib_a-strtol.o)
 .text.strtol   0x0000000008001f6c       0x14 /Users/luissousa/opt/gcc-arm-none-eabi-8-2018-q4-major/bin/../lib/gcc/arm-none-eabi/8.2.1/../../../../arm-none-eabi/lib/thumb/v7-m/nofp/libc_nano.a(lib_a-strtol.o)
                0x0000000008001f6c                strtol
 .text.__ssputs_r
                0x0000000008001f80       0xb6 /Users/luissousa/opt/gcc-arm-none-eabi-8-2018-q4-major/bin/../lib/gcc/arm-none-eabi/8.2.1/../../../../arm-none-eabi/lib/thumb/v7-m/nofp/libc_nano.a(lib_a-nano-svfprintf.o)
                0x0000000008001f80                __ssputs_r
 *fill*         0x0000000008002036        0x2 
 .text._svfprintf_r
                0x0000000008002038      0x1f0 /Users/luissousa/opt/gcc-arm-none-eabi-8-2018-q4-major/bin/../lib/gcc/arm-none-eabi/8.2.1/../../../../arm-none-eabi/lib/thumb/v7-m/nofp/libc_nano.a(lib_a-nano-svfprintf.o)
                0x0000000008002038                _svfprintf_r
                0x0000000008002038                _svfiprintf_r
 .text._printf_common
                0x0000000008002228       0xec /Users/luissousa/opt/gcc-arm-none-eabi-8-2018-q4-major/bin/../lib/gcc/arm-none-eabi/8.2.1/../../../../arm-none-eabi/lib/thumb/v7-m/nofp/libc_nano.a(lib_a-nano-vfprintf_i.o)
                0x0000000008002228                _printf_common
 .text._printf_i
                0x0000000008002314      0x22c /Users/luissousa/opt/gcc-arm-none-eabi-8-2018-q4-major/bin/../lib/gcc/arm-none-eabi/8.2.1/../../../../arm-none-eabi/lib/thumb/v7-m/nofp/libc_nano.a(lib_a-nano-vfprintf_i.o)
                0x0000000008002314                _printf_i
 .text.memchr   0x0000000008002540       0x1c /Users/luissousa/opt/gcc-arm-none-eabi-8-2018-q4-major/bin/../lib/gcc/arm-none-eabi/8.2.1/../../../../arm-none-eabi/lib/thumb/v7-m/nofp/libc_nano.a(lib_a-memchr-stub.o)
                0x0000000008002540                memchr
 .text.memcpy   0x000000000800255c       0x1c /Users/luissousa/opt/gcc-arm-none-eabi-8-2018-q4-major/bin/../lib/gcc/arm-none-eabi/8.2.1/../../../../arm-none-eabi/lib/thumb/v7-m/nofp/libc_nano.a(lib_a-memcpy-stub.o)
                0x000000000800255c                memcpy
 .text.memmove  0x0000000008002578       0x34 /Users/luissousa/opt/gcc-arm-none-eabi-8-2018-q4-major/bin/../lib/gcc/arm-none-eabi/8.2.1/../../../../arm-none-eabi/lib/thumb/v7-m/nofp/libc_nano.a(lib_a-memmove.o)
                0x0000000008002578                memmove
 .text._free_r  0x00000000080025ac       0x98 /Users/luissousa/opt/gcc-arm-none-eabi-8-2018-q4-major/bin/../lib/gcc/arm-none-eabi/8.2.1/../../../../arm-none-eabi/lib/thumb/v7-m/nofp/libc_nano.a(lib_a-nano-freer.o)
                0x00000000080025ac                _free_r
 .text._malloc_r
                0x0000000008002644       0xb4 /Users/luissousa/opt/gcc-arm-none-eabi-8-2018-q4-major/bin/../lib/gcc/arm-none-eabi/8.2.1/../../../../arm-none-eabi/lib/thumb/v7-m/nofp/libc_nano.a(lib_a-nano-mallocr.o)
                0x0000000008002644                _malloc_r
 .text._realloc_r
                0x00000000080026f8       0x4c /Users/luissousa/opt/gcc-arm-none-eabi-8-2018-q4-major/bin/../lib/gcc/arm-none-eabi/8.2.1/../../../../arm-none-eabi/lib/thumb/v7-m/nofp/libc_nano.a(lib_a-nano-reallocr.o)
                0x00000000080026f8                _realloc_r
 .text._sbrk_r  0x0000000008002744       0x20 /Users/luissousa/opt/gcc-arm-none-eabi-8-2018-q4-major/bin/../lib/gcc/arm-none-eabi/8.2.1/../../../../arm-none-eabi/lib/thumb/v7-m/nofp/libc_nano.a(lib_a-sbrkr.o)
                0x0000000008002744                _sbrk_r
 .text.__malloc_lock
                0x0000000008002764        0xc /Users/luissousa/opt/gcc-arm-none-eabi-8-2018-q4-major/bin/../lib/gcc/arm-none-eabi/8.2.1/../../../../arm-none-eabi/lib/thumb/v7-m/nofp/libc_nano.a(lib_a-mlock.o)
                0x0000000008002764                __malloc_lock
 .text.__malloc_unlock
                0x0000000008002770        0xc /Users/luissousa/opt/gcc-arm-none-eabi-8-2018-q4-major/bin/../lib/gcc/arm-none-eabi/8.2.1/../../../../arm-none-eabi/lib/thumb/v7-m/nofp/libc_nano.a(lib_a-mlock.o)
                0x0000000008002770                __malloc_unlock
 .text._malloc_usable_size_r
                0x000000000800277c       0x10 /Users/luissousa/opt/gcc-arm-none-eabi-8-2018-q4-major/bin/../lib/gcc/arm-none-eabi/8.2.1/../../../../arm-none-eabi/lib/thumb/v7-m/nofp/libc_nano.a(lib_a-nano-msizer.o)
                0x000000000800277c                _malloc_usable_size_r
 .text.__retarget_lock_acquire_recursive
                0x000000000800278c        0x2 /Users/luissousa/opt/gcc-arm-none-eabi-8-2018-q4-major/bin/../lib/gcc/arm-none-eabi/8.2.1/../../../../arm-none-eabi/lib/thumb/v7-m/nofp/libc_nano.a(lib_a-lock.o)
                0x000000000800278c                __retarget_lock_acquire_recursive
 .text.__retarget_lock_release_recursive
                0x000000000800278e        0x2 /Users/luissousa/opt/gcc-arm-none-eabi-8-2018-q4-major/bin/../lib/gcc/arm-none-eabi/8.2.1/../../../../arm-none-eabi/lib/thumb/v7-m/nofp/libc_nano.a(lib_a-lock.o)
                0x000000000800278e                __retarget_lock_release_recursive
 .text._sbrk    0x0000000008002790       0x1c /Users/luissousa/opt/gcc-arm-none-eabi-8-2018-q4-major/bin/../lib/gcc/arm-none-eabi/8.2.1/../../../../arm-none-eabi/lib/thumb/v7-m/nofp/libnosys.a(sbrk.o)
                0x0000000008002790                _sbrk
 *(.glue_7)
 .glue_7        0x00000000080027ac        0x0 linker stubs
 *(.glue_7t)
 .glue_7t       0x00000000080027ac        0x0 linker stubs
 *(.eh_frame)
 .eh_frame      0x00000000080027ac        0x0 /Users/luissousa/opt/gcc-arm-none-eabi-8-2018-q4-major/bin/../lib/gcc/arm-none-eabi/8.2.1/thumb/v7-m/nofp/crtbegin.o
 *(.init)
 .init          0x00000000080027ac        0x4 /Users/luissousa/opt/gcc-arm-none-eabi-8-2018-q4-major/bin/../lib/gcc/arm-none-eabi/8.2.1/thumb/v7-m/nofp/crti.o
                0x00000000080027ac                _init
 .init          0x00000000080027b0        0x8 /Users/luissousa/opt/gcc-arm-none-eabi-8-2018-q4-major/bin/../lib/gcc/arm-none-eabi/8.2.1/thumb/v7-m/nofp/crtn.o
 *(.fini)
 .fini          0x00000000080027b8        0x4 /Users/luissousa/opt/gcc-arm-none-eabi-8-2018-q4-major/bin/../lib/gcc/arm-none-eabi/8.2.1/thumb/v7-m/nofp/crti.o
                0x00000000080027b8                _fini
 .fini          0x00000000080027bc        0x8 /Users/luissousa/opt/gcc-arm-none-eabi-8-2018-q4-major/bin/../lib/gcc/arm-none-eabi/8.2.1/thumb/v7-m/nofp/crtn.o
                0x00000000080027c4                . = ALIGN (0x4)
                0x00000000080027c4                _etext = .

.vfp11_veneer   0x00000000080027c4        0x0
 .vfp11_veneer  0x00000000080027c4        0x0 linker stubs

.v4_bx          0x00000000080027c4        0x0
 .v4_bx         0x00000000080027c4        0x0 linker stubs

.iplt           0x00000000080027c4        0x0
 .iplt          0x00000000080027c4        0x0 /Users/luissousa/opt/gcc-arm-none-eabi-8-2018-q4-major/bin/../lib/gcc/arm-none-eabi/8.2.1/thumb/v7-m/nofp/crtbegin.o

.rodata         0x00000000080027c4      0x260
                0x00000000080027c4                . = ALIGN (0x4)
 *(.rodata)
 .rodata        0x00000000080027c4        0x3 build/main.o
 *(.rodata*)
 *fill*         0x00000000080027c7        0x1 
 .rodata.USART3_IRQHandler.str1.4
                0x00000000080027c8        0xf build/main.o
 *fill*         0x00000000080027d7        0x1 
 .rodata.font4x6
                0x00000000080027d8       0xc0 build/main.o
                0x00000000080027d8                font4x6
 .rodata.setNote.str1.4
                0x0000000008002898       0x38 build/main.o
                                         0x37 (size before relaxing)
 .rodata.CHANNEL_OFFSET_TAB
                0x00000000080028d0        0x7 build/stm32f1xx_ll_dma.o
 *fill*         0x00000000080028d7        0x1 
 .rodata.AHBPrescTable
                0x00000000080028d8       0x10 build/system_stm32f1xx.o
                0x00000000080028d8                AHBPrescTable
 .rodata.APBPrescTable
                0x00000000080028e8        0x8 build/system_stm32f1xx.o
                0x00000000080028e8                APBPrescTable
 .rodata._ctype_
                0x00000000080028f0      0x101 /Users/luissousa/opt/gcc-arm-none-eabi-8-2018-q4-major/bin/../lib/gcc/arm-none-eabi/8.2.1/../../../../arm-none-eabi/lib/thumb/v7-m/nofp/libc_nano.a(lib_a-ctype_.o)
                0x00000000080028f0                _ctype_
 .rodata._svfprintf_r.str1.1
                0x00000000080029f1       0x11 /Users/luissousa/opt/gcc-arm-none-eabi-8-2018-q4-major/bin/../lib/gcc/arm-none-eabi/8.2.1/../../../../arm-none-eabi/lib/thumb/v7-m/nofp/libc_nano.a(lib_a-nano-svfprintf.o)
 .rodata._printf_i.str1.1
                0x0000000008002a02       0x22 /Users/luissousa/opt/gcc-arm-none-eabi-8-2018-q4-major/bin/../lib/gcc/arm-none-eabi/8.2.1/../../../../arm-none-eabi/lib/thumb/v7-m/nofp/libc_nano.a(lib_a-nano-vfprintf_i.o)
                0x0000000008002a24                . = ALIGN (0x4)

.rel.dyn        0x0000000008002a24        0x0
 .rel.iplt      0x0000000008002a24        0x0 /Users/luissousa/opt/gcc-arm-none-eabi-8-2018-q4-major/bin/../lib/gcc/arm-none-eabi/8.2.1/thumb/v7-m/nofp/crtbegin.o

.ARM.extab
 *(.ARM.extab* .gnu.linkonce.armextab.*)

.ARM            0x0000000008002a24        0x0
                0x0000000008002a24                __exidx_start = .
 *(.ARM.exidx*)
                0x0000000008002a24                __exidx_end = .

.preinit_array  0x0000000008002a24        0x0
                0x0000000008002a24                PROVIDE (__preinit_array_start = .)
 *(.preinit_array*)
                0x0000000008002a24                PROVIDE (__preinit_array_end = .)

.init_array     0x0000000008002a24        0x4
                0x0000000008002a24                PROVIDE (__init_array_start = .)
 *(SORT_BY_NAME(.init_array.*))
 *(.init_array*)
 .init_array    0x0000000008002a24        0x4 /Users/luissousa/opt/gcc-arm-none-eabi-8-2018-q4-major/bin/../lib/gcc/arm-none-eabi/8.2.1/thumb/v7-m/nofp/crtbegin.o
                0x0000000008002a28                PROVIDE (__init_array_end = .)

.fini_array     0x0000000008002a28        0x4
                [!provide]                        PROVIDE (__fini_array_start = .)
 *(SORT_BY_NAME(.fini_array.*))
 *(.fini_array*)
 .fini_array    0x0000000008002a28        0x4 /Users/luissousa/opt/gcc-arm-none-eabi-8-2018-q4-major/bin/../lib/gcc/arm-none-eabi/8.2.1/thumb/v7-m/nofp/crtbegin.o
                [!provide]                        PROVIDE (__fini_array_end = .)
                0x0000000008002a2c                _sidata = LOADADDR (.data)

.data           0x0000000020000000       0x9c load address 0x0000000008002a2c
                0x0000000020000000                . = ALIGN (0x4)
                0x0000000020000000                _sdata = .
 *(.data)
 *(.data*)
 .data.WS2812_IO_High
                0x0000000020000000        0x2 build/main.o
                0x0000000020000000                WS2812_IO_High
 .data.WS2812_TC
                0x0000000020000002        0x1 build/main.o
                0x0000000020000002                WS2812_TC
 *fill*         0x0000000020000003        0x1 
 .data.arrCol   0x0000000020000004       0x27 build/main.o
                0x0000000020000004                arrCol
 *fill*         0x000000002000002b        0x1 
 .data.letterColor
                0x000000002000002c        0x3 build/main.o
                0x000000002000002c                letterColor
 *fill*         0x000000002000002f        0x1 
 .data.resto    0x0000000020000030        0x4 build/main.o
                0x0000000020000030                resto
 .data.SystemCoreClock
                0x0000000020000034        0x4 build/system_stm32f1xx.o
                0x0000000020000034                SystemCoreClock
 .data._impure_ptr
                0x0000000020000038        0x4 /Users/luissousa/opt/gcc-arm-none-eabi-8-2018-q4-major/bin/../lib/gcc/arm-none-eabi/8.2.1/../../../../arm-none-eabi/lib/thumb/v7-m/nofp/libc_nano.a(lib_a-impure.o)
                0x0000000020000038                _impure_ptr
 .data.impure_data
                0x000000002000003c       0x60 /Users/luissousa/opt/gcc-arm-none-eabi-8-2018-q4-major/bin/../lib/gcc/arm-none-eabi/8.2.1/../../../../arm-none-eabi/lib/thumb/v7-m/nofp/libc_nano.a(lib_a-impure.o)
                0x000000002000009c                . = ALIGN (0x4)
                0x000000002000009c                _edata = .

.igot.plt       0x000000002000009c        0x0 load address 0x0000000008002ac8
 .igot.plt      0x000000002000009c        0x0 /Users/luissousa/opt/gcc-arm-none-eabi-8-2018-q4-major/bin/../lib/gcc/arm-none-eabi/8.2.1/thumb/v7-m/nofp/crtbegin.o
                0x000000002000009c                . = ALIGN (0x4)

.bss            0x000000002000009c      0xa34 load address 0x0000000008002ac8
                0x000000002000009c                _sbss = .
                0x000000002000009c                __bss_start__ = _sbss
 *(.bss)
 .bss           0x000000002000009c       0x1c /Users/luissousa/opt/gcc-arm-none-eabi-8-2018-q4-major/bin/../lib/gcc/arm-none-eabi/8.2.1/thumb/v7-m/nofp/crtbegin.o
 *(.bss*)
 .bss.DMA_InitStruct
                0x00000000200000b8       0x28 build/main.o
                0x00000000200000b8                DMA_InitStruct
 .bss.GPIO_InitStruct
                0x00000000200000e0       0x14 build/main.o
                0x00000000200000e0                GPIO_InitStruct
 .bss.TIM2_overflows
                0x00000000200000f4        0x1 build/main.o
                0x00000000200000f4                TIM2_overflows
 *fill*         0x00000000200000f5        0x3 
 .bss.TIM_InitStruct
                0x00000000200000f8       0x14 build/main.o
                0x00000000200000f8                TIM_InitStruct
 .bss.TIM_OC_InitStruct
                0x000000002000010c       0x20 build/main.o
                0x000000002000010c                TIM_OC_InitStruct
 .bss.USART_InitStruct
                0x000000002000012c       0x18 build/main.o
                0x000000002000012c                USART_InitStruct
 .bss.WS2812_IO_Low
                0x0000000020000144        0x2 build/main.o
                0x0000000020000144                WS2812_IO_Low
 *fill*         0x0000000020000146        0x2 
 .bss.arr       0x0000000020000148        0x3 build/main.o
                0x0000000020000148                arr
 *fill*         0x000000002000014b        0x1 
 .bss.cntMessage
                0x000000002000014c        0x4 build/main.o
                0x000000002000014c                cntMessage
 .bss.noteBuffer
                0x0000000020000150       0x32 build/main.o
                0x0000000020000150                noteBuffer
 .bss.sizeMsg.9382
                0x0000000020000182        0x1 build/main.o
 *fill*         0x0000000020000183        0x1 
 .bss.usart_rx_message.9379
                0x0000000020000184        0x3 build/main.o
 .bss.velocity  0x0000000020000187        0x1 build/main.o
                0x0000000020000187                velocity
 .bss.waitForMessage
                0x0000000020000188        0x4 build/main.o
                0x0000000020000188                waitForMessage
 .bss.__malloc_free_list
                0x000000002000018c        0x4 /Users/luissousa/opt/gcc-arm-none-eabi-8-2018-q4-major/bin/../lib/gcc/arm-none-eabi/8.2.1/../../../../arm-none-eabi/lib/thumb/v7-m/nofp/libc_nano.a(lib_a-nano-mallocr.o)
                0x000000002000018c                __malloc_free_list
 .bss.__malloc_sbrk_start
                0x0000000020000190        0x4 /Users/luissousa/opt/gcc-arm-none-eabi-8-2018-q4-major/bin/../lib/gcc/arm-none-eabi/8.2.1/../../../../arm-none-eabi/lib/thumb/v7-m/nofp/libc_nano.a(lib_a-nano-mallocr.o)
                0x0000000020000190                __malloc_sbrk_start
 .bss.heap_end.4194
                0x0000000020000194        0x4 /Users/luissousa/opt/gcc-arm-none-eabi-8-2018-q4-major/bin/../lib/gcc/arm-none-eabi/8.2.1/../../../../arm-none-eabi/lib/thumb/v7-m/nofp/libnosys.a(sbrk.o)
 *(COMMON)
 COMMON         0x0000000020000198      0x928 build/main.o
                0x0000000020000198                textLayer
                0x00000000200001b8                note
                0x00000000200001c0                backLayer
                0x00000000200004c0                WS2812_IO_framedata
 COMMON         0x0000000020000ac0        0x4 /Users/luissousa/opt/gcc-arm-none-eabi-8-2018-q4-major/bin/../lib/gcc/arm-none-eabi/8.2.1/../../../../arm-none-eabi/lib/thumb/v7-m/nofp/libc_nano.a(lib_a-reent.o)
                0x0000000020000ac0                errno
 COMMON         0x0000000020000ac4        0x9 /Users/luissousa/opt/gcc-arm-none-eabi-8-2018-q4-major/bin/../lib/gcc/arm-none-eabi/8.2.1/../../../../arm-none-eabi/lib/thumb/v7-m/nofp/libc_nano.a(lib_a-lock.o)
                0x0000000020000ac4                __lock___atexit_recursive_mutex
                0x0000000020000ac5                __lock___arc4random_mutex
                0x0000000020000ac6                __lock___env_recursive_mutex
                0x0000000020000ac7                __lock___sinit_recursive_mutex
                0x0000000020000ac8                __lock___malloc_recursive_mutex
                0x0000000020000ac9                __lock___at_quick_exit_mutex
                0x0000000020000aca                __lock___dd_hash_mutex
                0x0000000020000acb                __lock___tz_mutex
                0x0000000020000acc                __lock___sfp_recursive_mutex
                0x0000000020000ad0                . = ALIGN (0x4)
 *fill*         0x0000000020000acd        0x3 
                0x0000000020000ad0                _ebss = .
                0x0000000020000ad0                __bss_end__ = _ebss

._user_heap_stack
                0x0000000020000ad0      0x600 load address 0x0000000008002ac8
                0x0000000020000ad0                . = ALIGN (0x8)
                0x0000000020000ad0                PROVIDE (end = .)
                [!provide]                        PROVIDE (_end = .)
                0x0000000020000cd0                . = (. + _Min_Heap_Size)
 *fill*         0x0000000020000ad0      0x200 
                0x00000000200010d0                . = (. + _Min_Stack_Size)
 *fill*         0x0000000020000cd0      0x400 
                0x00000000200010d0                . = ALIGN (0x8)

/DISCARD/
 libc.a(*)
 libm.a(*)
 libgcc.a(*)

.ARM.attributes
                0x0000000000000000       0x29
 *(.ARM.attributes)
 .ARM.attributes
                0x0000000000000000       0x1d /Users/luissousa/opt/gcc-arm-none-eabi-8-2018-q4-major/bin/../lib/gcc/arm-none-eabi/8.2.1/thumb/v7-m/nofp/crti.o
 .ARM.attributes
                0x000000000000001d       0x2d /Users/luissousa/opt/gcc-arm-none-eabi-8-2018-q4-major/bin/../lib/gcc/arm-none-eabi/8.2.1/thumb/v7-m/nofp/crtbegin.o
 .ARM.attributes
                0x000000000000004a       0x2d build/main.o
 .ARM.attributes
                0x0000000000000077       0x2d build/stm32f1xx_it.o
 .ARM.attributes
                0x00000000000000a4       0x2d build/stm32f1xx_ll_gpio.o
 .ARM.attributes
                0x00000000000000d1       0x2d build/stm32f1xx_ll_dma.o
 .ARM.attributes
                0x00000000000000fe       0x2d build/stm32f1xx_ll_tim.o
 .ARM.attributes
                0x000000000000012b       0x2d build/stm32f1xx_ll_rcc.o
 .ARM.attributes
                0x0000000000000158       0x2d build/stm32f1xx_ll_utils.o
 .ARM.attributes
                0x0000000000000185       0x2d build/system_stm32f1xx.o
 .ARM.attributes
                0x00000000000001b2       0x2d build/stm32f1xx_ll_usart.o
 .ARM.attributes
                0x00000000000001df       0x21 build/startup_stm32f103xb.o
 .ARM.attributes
                0x0000000000000200       0x2d /Users/luissousa/opt/gcc-arm-none-eabi-8-2018-q4-major/bin/../lib/gcc/arm-none-eabi/8.2.1/../../../../arm-none-eabi/lib/thumb/v7-m/nofp/libc_nano.a(lib_a-impure.o)
 .ARM.attributes
                0x000000000000022d       0x2d /Users/luissousa/opt/gcc-arm-none-eabi-8-2018-q4-major/bin/../lib/gcc/arm-none-eabi/8.2.1/../../../../arm-none-eabi/lib/thumb/v7-m/nofp/libc_nano.a(lib_a-init.o)
 .ARM.attributes
                0x000000000000025a       0x2d /Users/luissousa/opt/gcc-arm-none-eabi-8-2018-q4-major/bin/../lib/gcc/arm-none-eabi/8.2.1/../../../../arm-none-eabi/lib/thumb/v7-m/nofp/libc_nano.a(lib_a-sprintf.o)
 .ARM.attributes
                0x0000000000000287       0x2d /Users/luissousa/opt/gcc-arm-none-eabi-8-2018-q4-major/bin/../lib/gcc/arm-none-eabi/8.2.1/../../../../arm-none-eabi/lib/thumb/v7-m/nofp/libc_nano.a(lib_a-strcpy.o)
 .ARM.attributes
                0x00000000000002b4       0x17 /Users/luissousa/opt/gcc-arm-none-eabi-8-2018-q4-major/bin/../lib/gcc/arm-none-eabi/8.2.1/../../../../arm-none-eabi/lib/thumb/v7-m/nofp/libc_nano.a(lib_a-strlen.o)
 .ARM.attributes
                0x00000000000002cb       0x2d /Users/luissousa/opt/gcc-arm-none-eabi-8-2018-q4-major/bin/../lib/gcc/arm-none-eabi/8.2.1/../../../../arm-none-eabi/lib/thumb/v7-m/nofp/libc_nano.a(lib_a-strtol.o)
 .ARM.attributes
                0x00000000000002f8       0x2d /Users/luissousa/opt/gcc-arm-none-eabi-8-2018-q4-major/bin/../lib/gcc/arm-none-eabi/8.2.1/../../../../arm-none-eabi/lib/thumb/v7-m/nofp/libc_nano.a(lib_a-ctype_.o)
 .ARM.attributes
                0x0000000000000325       0x2d /Users/luissousa/opt/gcc-arm-none-eabi-8-2018-q4-major/bin/../lib/gcc/arm-none-eabi/8.2.1/../../../../arm-none-eabi/lib/thumb/v7-m/nofp/libc_nano.a(lib_a-nano-svfprintf.o)
 .ARM.attributes
                0x0000000000000352       0x2d /Users/luissousa/opt/gcc-arm-none-eabi-8-2018-q4-major/bin/../lib/gcc/arm-none-eabi/8.2.1/../../../../arm-none-eabi/lib/thumb/v7-m/nofp/libc_nano.a(lib_a-nano-vfprintf_i.o)
 .ARM.attributes
                0x000000000000037f       0x2d /Users/luissousa/opt/gcc-arm-none-eabi-8-2018-q4-major/bin/../lib/gcc/arm-none-eabi/8.2.1/../../../../arm-none-eabi/lib/thumb/v7-m/nofp/libc_nano.a(lib_a-memchr-stub.o)
 .ARM.attributes
                0x00000000000003ac       0x2d /Users/luissousa/opt/gcc-arm-none-eabi-8-2018-q4-major/bin/../lib/gcc/arm-none-eabi/8.2.1/../../../../arm-none-eabi/lib/thumb/v7-m/nofp/libc_nano.a(lib_a-memcpy-stub.o)
 .ARM.attributes
                0x00000000000003d9       0x2d /Users/luissousa/opt/gcc-arm-none-eabi-8-2018-q4-major/bin/../lib/gcc/arm-none-eabi/8.2.1/../../../../arm-none-eabi/lib/thumb/v7-m/nofp/libc_nano.a(lib_a-memmove.o)
 .ARM.attributes
                0x0000000000000406       0x2d /Users/luissousa/opt/gcc-arm-none-eabi-8-2018-q4-major/bin/../lib/gcc/arm-none-eabi/8.2.1/../../../../arm-none-eabi/lib/thumb/v7-m/nofp/libc_nano.a(lib_a-nano-freer.o)
 .ARM.attributes
                0x0000000000000433       0x2d /Users/luissousa/opt/gcc-arm-none-eabi-8-2018-q4-major/bin/../lib/gcc/arm-none-eabi/8.2.1/../../../../arm-none-eabi/lib/thumb/v7-m/nofp/libc_nano.a(lib_a-nano-mallocr.o)
 .ARM.attributes
                0x0000000000000460       0x2d /Users/luissousa/opt/gcc-arm-none-eabi-8-2018-q4-major/bin/../lib/gcc/arm-none-eabi/8.2.1/../../../../arm-none-eabi/lib/thumb/v7-m/nofp/libc_nano.a(lib_a-nano-reallocr.o)
 .ARM.attributes
                0x000000000000048d       0x2d /Users/luissousa/opt/gcc-arm-none-eabi-8-2018-q4-major/bin/../lib/gcc/arm-none-eabi/8.2.1/../../../../arm-none-eabi/lib/thumb/v7-m/nofp/libc_nano.a(lib_a-sbrkr.o)
 .ARM.attributes
                0x00000000000004ba       0x2d /Users/luissousa/opt/gcc-arm-none-eabi-8-2018-q4-major/bin/../lib/gcc/arm-none-eabi/8.2.1/../../../../arm-none-eabi/lib/thumb/v7-m/nofp/libc_nano.a(lib_a-mlock.o)
 .ARM.attributes
                0x00000000000004e7       0x2d /Users/luissousa/opt/gcc-arm-none-eabi-8-2018-q4-major/bin/../lib/gcc/arm-none-eabi/8.2.1/../../../../arm-none-eabi/lib/thumb/v7-m/nofp/libc_nano.a(lib_a-nano-msizer.o)
 .ARM.attributes
                0x0000000000000514       0x2d /Users/luissousa/opt/gcc-arm-none-eabi-8-2018-q4-major/bin/../lib/gcc/arm-none-eabi/8.2.1/../../../../arm-none-eabi/lib/thumb/v7-m/nofp/libc_nano.a(lib_a-reent.o)
 .ARM.attributes
                0x0000000000000541       0x2d /Users/luissousa/opt/gcc-arm-none-eabi-8-2018-q4-major/bin/../lib/gcc/arm-none-eabi/8.2.1/../../../../arm-none-eabi/lib/thumb/v7-m/nofp/libc_nano.a(lib_a-lock.o)
 .ARM.attributes
                0x000000000000056e       0x2d /Users/luissousa/opt/gcc-arm-none-eabi-8-2018-q4-major/bin/../lib/gcc/arm-none-eabi/8.2.1/../../../../arm-none-eabi/lib/thumb/v7-m/nofp/libnosys.a(sbrk.o)
 .ARM.attributes
                0x000000000000059b       0x1d /Users/luissousa/opt/gcc-arm-none-eabi-8-2018-q4-major/bin/../lib/gcc/arm-none-eabi/8.2.1/thumb/v7-m/nofp/libgcc.a(_arm_addsubdf3.o)
 .ARM.attributes
                0x00000000000005b8       0x1d /Users/luissousa/opt/gcc-arm-none-eabi-8-2018-q4-major/bin/../lib/gcc/arm-none-eabi/8.2.1/thumb/v7-m/nofp/libgcc.a(_arm_muldivdf3.o)
 .ARM.attributes
                0x00000000000005d5       0x1d /Users/luissousa/opt/gcc-arm-none-eabi-8-2018-q4-major/bin/../lib/gcc/arm-none-eabi/8.2.1/thumb/v7-m/nofp/libgcc.a(_arm_fixunsdfsi.o)
 .ARM.attributes
                0x00000000000005f2       0x1d /Users/luissousa/opt/gcc-arm-none-eabi-8-2018-q4-major/bin/../lib/gcc/arm-none-eabi/8.2.1/thumb/v7-m/nofp/crtn.o
OUTPUT(build/multiDMAF103.elf elf32-littlearm)

.debug_info     0x0000000000000000     0x8acd
 .debug_info    0x0000000000000000     0x4285 build/main.o
 .debug_info    0x0000000000004285      0x2a4 build/stm32f1xx_it.o
 .debug_info    0x0000000000004529      0x9ff build/stm32f1xx_ll_gpio.o
 .debug_info    0x0000000000004f28      0x76a build/stm32f1xx_ll_dma.o
 .debug_info    0x0000000000005692     0x13ac build/stm32f1xx_ll_tim.o
 .debug_info    0x0000000000006a3e      0x81b build/stm32f1xx_ll_rcc.o
 .debug_info    0x0000000000007259      0xb30 build/stm32f1xx_ll_utils.o
 .debug_info    0x0000000000007d89      0x47d build/system_stm32f1xx.o
 .debug_info    0x0000000000008206      0x8a5 build/stm32f1xx_ll_usart.o
 .debug_info    0x0000000000008aab       0x22 build/startup_stm32f103xb.o

.debug_abbrev   0x0000000000000000     0x17d3
 .debug_abbrev  0x0000000000000000      0x58b build/main.o
 .debug_abbrev  0x000000000000058b       0xac build/stm32f1xx_it.o
 .debug_abbrev  0x0000000000000637      0x281 build/stm32f1xx_ll_gpio.o
 .debug_abbrev  0x00000000000008b8      0x268 build/stm32f1xx_ll_dma.o
 .debug_abbrev  0x0000000000000b20      0x2d2 build/stm32f1xx_ll_tim.o
 .debug_abbrev  0x0000000000000df2      0x2c6 build/stm32f1xx_ll_rcc.o
 .debug_abbrev  0x00000000000010b8      0x2f5 build/stm32f1xx_ll_utils.o
 .debug_abbrev  0x00000000000013ad      0x153 build/system_stm32f1xx.o
 .debug_abbrev  0x0000000000001500      0x2c1 build/stm32f1xx_ll_usart.o
 .debug_abbrev  0x00000000000017c1       0x12 build/startup_stm32f103xb.o

.debug_loc      0x0000000000000000     0x4b12
 .debug_loc     0x0000000000000000     0x1daa build/main.o
 .debug_loc     0x0000000000001daa      0x4fc build/stm32f1xx_ll_gpio.o
 .debug_loc     0x00000000000022a6      0x4ae build/stm32f1xx_ll_dma.o
 .debug_loc     0x0000000000002754     0x1437 build/stm32f1xx_ll_tim.o
 .debug_loc     0x0000000000003b8b      0x33d build/stm32f1xx_ll_rcc.o
 .debug_loc     0x0000000000003ec8      0x662 build/stm32f1xx_ll_utils.o
 .debug_loc     0x000000000000452a       0xff build/system_stm32f1xx.o
 .debug_loc     0x0000000000004629      0x4e9 build/stm32f1xx_ll_usart.o

.debug_aranges  0x0000000000000000      0x3e0
 .debug_aranges
                0x0000000000000000      0x100 build/main.o
 .debug_aranges
                0x0000000000000100       0x70 build/stm32f1xx_it.o
 .debug_aranges
                0x0000000000000170       0x30 build/stm32f1xx_ll_gpio.o
 .debug_aranges
                0x00000000000001a0       0x30 build/stm32f1xx_ll_dma.o
 .debug_aranges
                0x00000000000001d0       0xc0 build/stm32f1xx_ll_tim.o
 .debug_aranges
                0x0000000000000290       0x60 build/stm32f1xx_ll_rcc.o
 .debug_aranges
                0x00000000000002f0       0x60 build/stm32f1xx_ll_utils.o
 .debug_aranges
                0x0000000000000350       0x28 build/system_stm32f1xx.o
 .debug_aranges
                0x0000000000000378       0x40 build/stm32f1xx_ll_usart.o
 .debug_aranges
                0x00000000000003b8       0x28 build/startup_stm32f103xb.o

.debug_ranges   0x0000000000000000      0x528
 .debug_ranges  0x0000000000000000      0x2d0 build/main.o
 .debug_ranges  0x00000000000002d0       0x60 build/stm32f1xx_it.o
 .debug_ranges  0x0000000000000330       0x20 build/stm32f1xx_ll_gpio.o
 .debug_ranges  0x0000000000000350       0x20 build/stm32f1xx_ll_dma.o
 .debug_ranges  0x0000000000000370       0xb0 build/stm32f1xx_ll_tim.o
 .debug_ranges  0x0000000000000420       0x50 build/stm32f1xx_ll_rcc.o
 .debug_ranges  0x0000000000000470       0x50 build/stm32f1xx_ll_utils.o
 .debug_ranges  0x00000000000004c0       0x18 build/system_stm32f1xx.o
 .debug_ranges  0x00000000000004d8       0x30 build/stm32f1xx_ll_usart.o
 .debug_ranges  0x0000000000000508       0x20 build/startup_stm32f103xb.o

.debug_line     0x0000000000000000     0x46f5
 .debug_line    0x0000000000000000     0x1be9 build/main.o
 .debug_line    0x0000000000001be9      0x2a8 build/stm32f1xx_it.o
 .debug_line    0x0000000000001e91      0x537 build/stm32f1xx_ll_gpio.o
 .debug_line    0x00000000000023c8      0x46c build/stm32f1xx_ll_dma.o
 .debug_line    0x0000000000002834      0xaca build/stm32f1xx_ll_tim.o
 .debug_line    0x00000000000032fe      0x583 build/stm32f1xx_ll_rcc.o
 .debug_line    0x0000000000003881      0x6a1 build/stm32f1xx_ll_utils.o
 .debug_line    0x0000000000003f22      0x28c build/system_stm32f1xx.o
 .debug_line    0x00000000000041ae      0x4d5 build/stm32f1xx_ll_usart.o
 .debug_line    0x0000000000004683       0x72 build/startup_stm32f103xb.o

.debug_str      0x0000000000000000     0x24cd
 .debug_str     0x0000000000000000     0x163b build/main.o
                                       0x175a (size before relaxing)
 .debug_str     0x000000000000163b      0x110 build/stm32f1xx_it.o
                                        0x312 (size before relaxing)
 .debug_str     0x000000000000174b      0x11e build/stm32f1xx_ll_gpio.o
                                        0x3bd (size before relaxing)
 .debug_str     0x0000000000001869      0x12d build/stm32f1xx_ll_dma.o
                                        0x492 (size before relaxing)
 .debug_str     0x0000000000001996      0x478 build/stm32f1xx_ll_tim.o
                                        0x8b4 (size before relaxing)
 .debug_str     0x0000000000001e0e      0x2d9 build/stm32f1xx_ll_rcc.o
                                        0x57b (size before relaxing)
 .debug_str     0x00000000000020e7      0x1fa build/stm32f1xx_ll_utils.o
                                        0x633 (size before relaxing)
 .debug_str     0x00000000000022e1       0x46 build/system_stm32f1xx.o
                                        0x2ca (size before relaxing)
 .debug_str     0x0000000000002327      0x181 build/stm32f1xx_ll_usart.o
                                        0x545 (size before relaxing)
 .debug_str     0x00000000000024a8       0x25 build/startup_stm32f103xb.o
                                         0x60 (size before relaxing)

.comment        0x0000000000000000       0x75
 .comment       0x0000000000000000       0x75 build/main.o
                                         0x76 (size before relaxing)
 .comment       0x0000000000000075       0x76 build/stm32f1xx_it.o
 .comment       0x0000000000000075       0x76 build/stm32f1xx_ll_gpio.o
 .comment       0x0000000000000075       0x76 build/stm32f1xx_ll_dma.o
 .comment       0x0000000000000075       0x76 build/stm32f1xx_ll_tim.o
 .comment       0x0000000000000075       0x76 build/stm32f1xx_ll_rcc.o
 .comment       0x0000000000000075       0x76 build/stm32f1xx_ll_utils.o
 .comment       0x0000000000000075       0x76 build/system_stm32f1xx.o
 .comment       0x0000000000000075       0x76 build/stm32f1xx_ll_usart.o

.debug_frame    0x0000000000000000     0x1020
 .debug_frame   0x0000000000000000      0x440 build/main.o
 .debug_frame   0x0000000000000440       0xc0 build/stm32f1xx_it.o
 .debug_frame   0x0000000000000500       0x54 build/stm32f1xx_ll_gpio.o
 .debug_frame   0x0000000000000554       0x50 build/stm32f1xx_ll_dma.o
 .debug_frame   0x00000000000005a4      0x21c build/stm32f1xx_ll_tim.o
 .debug_frame   0x00000000000007c0       0xd4 build/stm32f1xx_ll_rcc.o
 .debug_frame   0x0000000000000894       0xe8 build/stm32f1xx_ll_utils.o
 .debug_frame   0x000000000000097c       0x30 build/system_stm32f1xx.o
 .debug_frame   0x00000000000009ac       0x84 build/stm32f1xx_ll_usart.o
 .debug_frame   0x0000000000000a30       0x2c /Users/luissousa/opt/gcc-arm-none-eabi-8-2018-q4-major/bin/../lib/gcc/arm-none-eabi/8.2.1/../../../../arm-none-eabi/lib/thumb/v7-m/nofp/libc_nano.a(lib_a-init.o)
 .debug_frame   0x0000000000000a5c       0x6c /Users/luissousa/opt/gcc-arm-none-eabi-8-2018-q4-major/bin/../lib/gcc/arm-none-eabi/8.2.1/../../../../arm-none-eabi/lib/thumb/v7-m/nofp/libc_nano.a(lib_a-sprintf.o)
 .debug_frame   0x0000000000000ac8       0x20 /Users/luissousa/opt/gcc-arm-none-eabi-8-2018-q4-major/bin/../lib/gcc/arm-none-eabi/8.2.1/../../../../arm-none-eabi/lib/thumb/v7-m/nofp/libc_nano.a(lib_a-strcpy.o)
 .debug_frame   0x0000000000000ae8       0x64 /Users/luissousa/opt/gcc-arm-none-eabi-8-2018-q4-major/bin/../lib/gcc/arm-none-eabi/8.2.1/../../../../arm-none-eabi/lib/thumb/v7-m/nofp/libc_nano.a(lib_a-strtol.o)
 .debug_frame   0x0000000000000b4c       0x90 /Users/luissousa/opt/gcc-arm-none-eabi-8-2018-q4-major/bin/../lib/gcc/arm-none-eabi/8.2.1/../../../../arm-none-eabi/lib/thumb/v7-m/nofp/libc_nano.a(lib_a-nano-svfprintf.o)
 .debug_frame   0x0000000000000bdc       0x60 /Users/luissousa/opt/gcc-arm-none-eabi-8-2018-q4-major/bin/../lib/gcc/arm-none-eabi/8.2.1/../../../../arm-none-eabi/lib/thumb/v7-m/nofp/libc_nano.a(lib_a-nano-vfprintf_i.o)
 .debug_frame   0x0000000000000c3c       0x28 /Users/luissousa/opt/gcc-arm-none-eabi-8-2018-q4-major/bin/../lib/gcc/arm-none-eabi/8.2.1/../../../../arm-none-eabi/lib/thumb/v7-m/nofp/libc_nano.a(lib_a-memchr-stub.o)
 .debug_frame   0x0000000000000c64       0x28 /Users/luissousa/opt/gcc-arm-none-eabi-8-2018-q4-major/bin/../lib/gcc/arm-none-eabi/8.2.1/../../../../arm-none-eabi/lib/thumb/v7-m/nofp/libc_nano.a(lib_a-memcpy-stub.o)
 .debug_frame   0x0000000000000c8c       0x28 /Users/luissousa/opt/gcc-arm-none-eabi-8-2018-q4-major/bin/../lib/gcc/arm-none-eabi/8.2.1/../../../../arm-none-eabi/lib/thumb/v7-m/nofp/libc_nano.a(lib_a-memmove.o)
 .debug_frame   0x0000000000000cb4       0x38 /Users/luissousa/opt/gcc-arm-none-eabi-8-2018-q4-major/bin/../lib/gcc/arm-none-eabi/8.2.1/../../../../arm-none-eabi/lib/thumb/v7-m/nofp/libc_nano.a(lib_a-nano-freer.o)
 .debug_frame   0x0000000000000cec       0x30 /Users/luissousa/opt/gcc-arm-none-eabi-8-2018-q4-major/bin/../lib/gcc/arm-none-eabi/8.2.1/../../../../arm-none-eabi/lib/thumb/v7-m/nofp/libc_nano.a(lib_a-nano-mallocr.o)
 .debug_frame   0x0000000000000d1c       0x3c /Users/luissousa/opt/gcc-arm-none-eabi-8-2018-q4-major/bin/../lib/gcc/arm-none-eabi/8.2.1/../../../../arm-none-eabi/lib/thumb/v7-m/nofp/libc_nano.a(lib_a-nano-reallocr.o)
 .debug_frame   0x0000000000000d58       0x2c /Users/luissousa/opt/gcc-arm-none-eabi-8-2018-q4-major/bin/../lib/gcc/arm-none-eabi/8.2.1/../../../../arm-none-eabi/lib/thumb/v7-m/nofp/libc_nano.a(lib_a-sbrkr.o)
 .debug_frame   0x0000000000000d84       0x30 /Users/luissousa/opt/gcc-arm-none-eabi-8-2018-q4-major/bin/../lib/gcc/arm-none-eabi/8.2.1/../../../../arm-none-eabi/lib/thumb/v7-m/nofp/libc_nano.a(lib_a-mlock.o)
 .debug_frame   0x0000000000000db4       0x20 /Users/luissousa/opt/gcc-arm-none-eabi-8-2018-q4-major/bin/../lib/gcc/arm-none-eabi/8.2.1/../../../../arm-none-eabi/lib/thumb/v7-m/nofp/libc_nano.a(lib_a-nano-msizer.o)
 .debug_frame   0x0000000000000dd4       0x5c /Users/luissousa/opt/gcc-arm-none-eabi-8-2018-q4-major/bin/../lib/gcc/arm-none-eabi/8.2.1/../../../../arm-none-eabi/lib/thumb/v7-m/nofp/libc_nano.a(lib_a-reent.o)
 .debug_frame   0x0000000000000e30       0xb0 /Users/luissousa/opt/gcc-arm-none-eabi-8-2018-q4-major/bin/../lib/gcc/arm-none-eabi/8.2.1/../../../../arm-none-eabi/lib/thumb/v7-m/nofp/libc_nano.a(lib_a-lock.o)
 .debug_frame   0x0000000000000ee0       0x20 /Users/luissousa/opt/gcc-arm-none-eabi-8-2018-q4-major/bin/../lib/gcc/arm-none-eabi/8.2.1/../../../../arm-none-eabi/lib/thumb/v7-m/nofp/libnosys.a(sbrk.o)
 .debug_frame   0x0000000000000f00       0xac /Users/luissousa/opt/gcc-arm-none-eabi-8-2018-q4-major/bin/../lib/gcc/arm-none-eabi/8.2.1/thumb/v7-m/nofp/libgcc.a(_arm_addsubdf3.o)
 .debug_frame   0x0000000000000fac       0x50 /Users/luissousa/opt/gcc-arm-none-eabi-8-2018-q4-major/bin/../lib/gcc/arm-none-eabi/8.2.1/thumb/v7-m/nofp/libgcc.a(_arm_muldivdf3.o)
 .debug_frame   0x0000000000000ffc       0x24 /Users/luissousa/opt/gcc-arm-none-eabi-8-2018-q4-major/bin/../lib/gcc/arm-none-eabi/8.2.1/thumb/v7-m/nofp/libgcc.a(_arm_fixunsdfsi.o)

Cross Reference Table

Symbol                                            File
ADC1_2_IRQHandler                                 build/startup_stm32f103xb.o
AHBPrescTable                                     build/system_stm32f1xx.o
                                                  build/stm32f1xx_ll_utils.o
                                                  build/stm32f1xx_ll_rcc.o
APBPrescTable                                     build/system_stm32f1xx.o
                                                  build/stm32f1xx_ll_rcc.o
BusFault_Handler                                  build/stm32f1xx_it.o
CAN1_RX1_IRQHandler                               build/startup_stm32f103xb.o
CAN1_SCE_IRQHandler                               build/startup_stm32f103xb.o
DMA1_Channel1_IRQHandler                          build/startup_stm32f103xb.o
DMA1_Channel2_IRQHandler                          build/stm32f1xx_it.o
DMA1_Channel3_IRQHandler                          build/startup_stm32f103xb.o
DMA1_Channel4_IRQHandler                          build/startup_stm32f103xb.o
DMA1_Channel5_IRQHandler                          build/stm32f1xx_it.o
DMA1_Channel6_IRQHandler                          build/startup_stm32f103xb.o
DMA1_Channel7_IRQHandler                          build/main.o
DMA_InitStruct                                    build/main.o
DebugMon_Handler                                  build/stm32f1xx_it.o
Default_Handler                                   build/startup_stm32f103xb.o
EXTI0_IRQHandler                                  build/startup_stm32f103xb.o
EXTI15_10_IRQHandler                              build/startup_stm32f103xb.o
EXTI1_IRQHandler                                  build/startup_stm32f103xb.o
EXTI2_IRQHandler                                  build/startup_stm32f103xb.o
EXTI3_IRQHandler                                  build/startup_stm32f103xb.o
EXTI4_IRQHandler                                  build/startup_stm32f103xb.o
EXTI9_5_IRQHandler                                build/startup_stm32f103xb.o
Error_Handler                                     build/main.o
FLASH_IRQHandler                                  build/startup_stm32f103xb.o
GPIO_InitStruct                                   build/main.o
HardFault_Handler                                 build/stm32f1xx_it.o
I2C1_ER_IRQHandler                                build/startup_stm32f103xb.o
I2C1_EV_IRQHandler                                build/startup_stm32f103xb.o
I2C2_ER_IRQHandler                                build/startup_stm32f103xb.o
I2C2_EV_IRQHandler                                build/startup_stm32f103xb.o
LL_DMA_DeInit                                     build/stm32f1xx_ll_dma.o
                                                  build/main.o
LL_DMA_Init                                       build/stm32f1xx_ll_dma.o
                                                  build/main.o
LL_DMA_StructInit                                 build/stm32f1xx_ll_dma.o
LL_EXTI_DeInit                                    build/stm32f1xx_ll_exti.o
LL_EXTI_Init                                      build/stm32f1xx_ll_exti.o
LL_EXTI_StructInit                                build/stm32f1xx_ll_exti.o
LL_GPIO_DeInit                                    build/stm32f1xx_ll_gpio.o
LL_GPIO_Init                                      build/stm32f1xx_ll_gpio.o
                                                  build/main.o
LL_GPIO_StructInit                                build/stm32f1xx_ll_gpio.o
LL_Init1msTick                                    build/stm32f1xx_ll_utils.o
                                                  build/main.o
LL_PLL_ConfigSystemClock_HSE                      build/stm32f1xx_ll_utils.o
LL_PLL_ConfigSystemClock_HSI                      build/stm32f1xx_ll_utils.o
LL_PWR_DeInit                                     build/stm32f1xx_ll_pwr.o
LL_RCC_DeInit                                     build/stm32f1xx_ll_rcc.o
LL_RCC_GetADCClockFreq                            build/stm32f1xx_ll_rcc.o
LL_RCC_GetSystemClocksFreq                        build/stm32f1xx_ll_rcc.o
                                                  build/stm32f1xx_ll_usart.o
LL_RCC_GetUSBClockFreq                            build/stm32f1xx_ll_rcc.o
LL_SetSystemCoreClock                             build/stm32f1xx_ll_utils.o
                                                  build/main.o
LL_TIM_BDTR_Init                                  build/stm32f1xx_ll_tim.o
LL_TIM_BDTR_StructInit                            build/stm32f1xx_ll_tim.o
LL_TIM_DeInit                                     build/stm32f1xx_ll_tim.o
LL_TIM_ENCODER_Init                               build/stm32f1xx_ll_tim.o
LL_TIM_ENCODER_StructInit                         build/stm32f1xx_ll_tim.o
LL_TIM_HALLSENSOR_Init                            build/stm32f1xx_ll_tim.o
LL_TIM_HALLSENSOR_StructInit                      build/stm32f1xx_ll_tim.o
LL_TIM_IC_Init                                    build/stm32f1xx_ll_tim.o
LL_TIM_IC_StructInit                              build/stm32f1xx_ll_tim.o
LL_TIM_Init                                       build/stm32f1xx_ll_tim.o
                                                  build/main.o
LL_TIM_OC_Init                                    build/stm32f1xx_ll_tim.o
                                                  build/main.o
LL_TIM_OC_StructInit                              build/stm32f1xx_ll_tim.o
LL_TIM_StructInit                                 build/stm32f1xx_ll_tim.o
LL_USART_ClockInit                                build/stm32f1xx_ll_usart.o
LL_USART_ClockStructInit                          build/stm32f1xx_ll_usart.o
LL_USART_DeInit                                   build/stm32f1xx_ll_usart.o
LL_USART_Init                                     build/stm32f1xx_ll_usart.o
                                                  build/main.o
LL_USART_StructInit                               build/stm32f1xx_ll_usart.o
LL_mDelay                                         build/stm32f1xx_ll_utils.o
                                                  build/main.o
MemManage_Handler                                 build/stm32f1xx_it.o
NMI_Handler                                       build/stm32f1xx_it.o
PVD_IRQHandler                                    build/startup_stm32f103xb.o
PendSV_Handler                                    build/stm32f1xx_it.o
RCC_GetHCLKClockFreq                              build/stm32f1xx_ll_rcc.o
RCC_GetPCLK1ClockFreq                             build/stm32f1xx_ll_rcc.o
RCC_GetPCLK2ClockFreq                             build/stm32f1xx_ll_rcc.o
RCC_GetSystemClockFreq                            build/stm32f1xx_ll_rcc.o
RCC_IRQHandler                                    build/startup_stm32f103xb.o
RCC_PLL_GetFreqDomain_SYS                         build/stm32f1xx_ll_rcc.o
RTC_Alarm_IRQHandler                              build/startup_stm32f103xb.o
RTC_IRQHandler                                    build/startup_stm32f103xb.o
Reset_Handler                                     build/startup_stm32f103xb.o
SPI1_IRQHandler                                   build/startup_stm32f103xb.o
SPI2_IRQHandler                                   build/startup_stm32f103xb.o
SVC_Handler                                       build/stm32f1xx_it.o
SysTick_Handler                                   build/stm32f1xx_it.o
SystemClock_Config                                build/main.o
SystemCoreClock                                   build/system_stm32f1xx.o
                                                  build/stm32f1xx_ll_utils.o
                                                  build/main.o
SystemCoreClockUpdate                             build/system_stm32f1xx.o
SystemInit                                        build/system_stm32f1xx.o
                                                  build/startup_stm32f103xb.o
TAMPER_IRQHandler                                 build/startup_stm32f103xb.o
TIM1_BRK_IRQHandler                               build/startup_stm32f103xb.o
TIM1_CC_IRQHandler                                build/startup_stm32f103xb.o
TIM1_TRG_COM_IRQHandler                           build/startup_stm32f103xb.o
TIM1_UP_IRQHandler                                build/startup_stm32f103xb.o
TIM2_IRQHandler                                   build/main.o
TIM2_overflows                                    build/main.o
TIM3_IRQHandler                                   build/startup_stm32f103xb.o
TIM4_IRQHandler                                   build/startup_stm32f103xb.o
TIM_InitStruct                                    build/main.o
TIM_OC_InitStruct                                 build/main.o
USART1_IRQHandler                                 build/startup_stm32f103xb.o
USART2_IRQHandler                                 build/startup_stm32f103xb.o
USART3_IRQHandler                                 build/main.o
USART_InitStruct                                  build/main.o
USBWakeUp_IRQHandler                              build/startup_stm32f103xb.o
USB_HP_CAN1_TX_IRQHandler                         build/startup_stm32f103xb.o
USB_LP_CAN1_RX0_IRQHandler                        build/startup_stm32f103xb.o
UsageFault_Handler                                build/stm32f1xx_it.o
WS2812_IO_High                                    build/main.o
WS2812_IO_Low                                     build/main.o
WS2812_IO_framedata                               build/main.o
WS2812_TC                                         build/main.o
WS2812_framedata_setPixel                         build/main.o
WS2812_framedata_setRow                           build/main.o
WS2812_sendbuf                                    build/main.o
WWDG_IRQHandler                                   build/startup_stm32f103xb.o
__adddf3                                          /Users/luissousa/opt/gcc-arm-none-eabi-8-2018-q4-major/bin/../lib/gcc/arm-none-eabi/8.2.1/thumb/v7-m/nofp/libgcc.a(_arm_addsubdf3.o)
__addsf3                                          /Users/luissousa/opt/gcc-arm-none-eabi-8-2018-q4-major/bin/../lib/gcc/arm-none-eabi/8.2.1/thumb/v7-m/nofp/libgcc.a(_arm_addsubsf3.o)
__aeabi_cfcmpeq                                   /Users/luissousa/opt/gcc-arm-none-eabi-8-2018-q4-major/bin/../lib/gcc/arm-none-eabi/8.2.1/thumb/v7-m/nofp/libgcc.a(_arm_cmpsf2.o)
__aeabi_cfcmple                                   /Users/luissousa/opt/gcc-arm-none-eabi-8-2018-q4-major/bin/../lib/gcc/arm-none-eabi/8.2.1/thumb/v7-m/nofp/libgcc.a(_arm_cmpsf2.o)
__aeabi_cfrcmple                                  /Users/luissousa/opt/gcc-arm-none-eabi-8-2018-q4-major/bin/../lib/gcc/arm-none-eabi/8.2.1/thumb/v7-m/nofp/libgcc.a(_arm_cmpsf2.o)
__aeabi_d2uiz                                     /Users/luissousa/opt/gcc-arm-none-eabi-8-2018-q4-major/bin/../lib/gcc/arm-none-eabi/8.2.1/thumb/v7-m/nofp/libgcc.a(_arm_fixunsdfsi.o)
                                                  build/main.o
__aeabi_dadd                                      /Users/luissousa/opt/gcc-arm-none-eabi-8-2018-q4-major/bin/../lib/gcc/arm-none-eabi/8.2.1/thumb/v7-m/nofp/libgcc.a(_arm_addsubdf3.o)
__aeabi_ddiv                                      /Users/luissousa/opt/gcc-arm-none-eabi-8-2018-q4-major/bin/../lib/gcc/arm-none-eabi/8.2.1/thumb/v7-m/nofp/libgcc.a(_arm_muldivdf3.o)
__aeabi_dmul                                      /Users/luissousa/opt/gcc-arm-none-eabi-8-2018-q4-major/bin/../lib/gcc/arm-none-eabi/8.2.1/thumb/v7-m/nofp/libgcc.a(_arm_muldivdf3.o)
                                                  build/main.o
__aeabi_drsub                                     /Users/luissousa/opt/gcc-arm-none-eabi-8-2018-q4-major/bin/../lib/gcc/arm-none-eabi/8.2.1/thumb/v7-m/nofp/libgcc.a(_arm_addsubdf3.o)
__aeabi_dsub                                      /Users/luissousa/opt/gcc-arm-none-eabi-8-2018-q4-major/bin/../lib/gcc/arm-none-eabi/8.2.1/thumb/v7-m/nofp/libgcc.a(_arm_addsubdf3.o)
__aeabi_f2d                                       /Users/luissousa/opt/gcc-arm-none-eabi-8-2018-q4-major/bin/../lib/gcc/arm-none-eabi/8.2.1/thumb/v7-m/nofp/libgcc.a(_arm_addsubdf3.o)
__aeabi_fadd                                      /Users/luissousa/opt/gcc-arm-none-eabi-8-2018-q4-major/bin/../lib/gcc/arm-none-eabi/8.2.1/thumb/v7-m/nofp/libgcc.a(_arm_addsubsf3.o)
__aeabi_fcmpeq                                    /Users/luissousa/opt/gcc-arm-none-eabi-8-2018-q4-major/bin/../lib/gcc/arm-none-eabi/8.2.1/thumb/v7-m/nofp/libgcc.a(_arm_cmpsf2.o)
__aeabi_fcmpge                                    /Users/luissousa/opt/gcc-arm-none-eabi-8-2018-q4-major/bin/../lib/gcc/arm-none-eabi/8.2.1/thumb/v7-m/nofp/libgcc.a(_arm_cmpsf2.o)
                                                  build/main.o
__aeabi_fcmpgt                                    /Users/luissousa/opt/gcc-arm-none-eabi-8-2018-q4-major/bin/../lib/gcc/arm-none-eabi/8.2.1/thumb/v7-m/nofp/libgcc.a(_arm_cmpsf2.o)
__aeabi_fcmple                                    /Users/luissousa/opt/gcc-arm-none-eabi-8-2018-q4-major/bin/../lib/gcc/arm-none-eabi/8.2.1/thumb/v7-m/nofp/libgcc.a(_arm_cmpsf2.o)
                                                  build/main.o
__aeabi_fcmplt                                    /Users/luissousa/opt/gcc-arm-none-eabi-8-2018-q4-major/bin/../lib/gcc/arm-none-eabi/8.2.1/thumb/v7-m/nofp/libgcc.a(_arm_cmpsf2.o)
__aeabi_fdiv                                      /Users/luissousa/opt/gcc-arm-none-eabi-8-2018-q4-major/bin/../lib/gcc/arm-none-eabi/8.2.1/thumb/v7-m/nofp/libgcc.a(_arm_muldivsf3.o)
                                                  build/main.o
__aeabi_fmul                                      /Users/luissousa/opt/gcc-arm-none-eabi-8-2018-q4-major/bin/../lib/gcc/arm-none-eabi/8.2.1/thumb/v7-m/nofp/libgcc.a(_arm_muldivsf3.o)
                                                  build/main.o
__aeabi_frsub                                     /Users/luissousa/opt/gcc-arm-none-eabi-8-2018-q4-major/bin/../lib/gcc/arm-none-eabi/8.2.1/thumb/v7-m/nofp/libgcc.a(_arm_addsubsf3.o)
__aeabi_fsub                                      /Users/luissousa/opt/gcc-arm-none-eabi-8-2018-q4-major/bin/../lib/gcc/arm-none-eabi/8.2.1/thumb/v7-m/nofp/libgcc.a(_arm_addsubsf3.o)
                                                  build/main.o
__aeabi_i2d                                       /Users/luissousa/opt/gcc-arm-none-eabi-8-2018-q4-major/bin/../lib/gcc/arm-none-eabi/8.2.1/thumb/v7-m/nofp/libgcc.a(_arm_addsubdf3.o)
                                                  build/main.o
__aeabi_i2f                                       /Users/luissousa/opt/gcc-arm-none-eabi-8-2018-q4-major/bin/../lib/gcc/arm-none-eabi/8.2.1/thumb/v7-m/nofp/libgcc.a(_arm_addsubsf3.o)
                                                  build/main.o
__aeabi_l2d                                       /Users/luissousa/opt/gcc-arm-none-eabi-8-2018-q4-major/bin/../lib/gcc/arm-none-eabi/8.2.1/thumb/v7-m/nofp/libgcc.a(_arm_addsubdf3.o)
__aeabi_l2f                                       /Users/luissousa/opt/gcc-arm-none-eabi-8-2018-q4-major/bin/../lib/gcc/arm-none-eabi/8.2.1/thumb/v7-m/nofp/libgcc.a(_arm_addsubsf3.o)
__aeabi_ui2d                                      /Users/luissousa/opt/gcc-arm-none-eabi-8-2018-q4-major/bin/../lib/gcc/arm-none-eabi/8.2.1/thumb/v7-m/nofp/libgcc.a(_arm_addsubdf3.o)
__aeabi_ui2f                                      /Users/luissousa/opt/gcc-arm-none-eabi-8-2018-q4-major/bin/../lib/gcc/arm-none-eabi/8.2.1/thumb/v7-m/nofp/libgcc.a(_arm_addsubsf3.o)
__aeabi_ul2d                                      /Users/luissousa/opt/gcc-arm-none-eabi-8-2018-q4-major/bin/../lib/gcc/arm-none-eabi/8.2.1/thumb/v7-m/nofp/libgcc.a(_arm_addsubdf3.o)
__aeabi_ul2f                                      /Users/luissousa/opt/gcc-arm-none-eabi-8-2018-q4-major/bin/../lib/gcc/arm-none-eabi/8.2.1/thumb/v7-m/nofp/libgcc.a(_arm_addsubsf3.o)
__bss_end__                                       /Users/luissousa/opt/gcc-arm-none-eabi-8-2018-q4-major/bin/../lib/gcc/arm-none-eabi/8.2.1/../../../../arm-none-eabi/lib/thumb/v7-m/nofp/crt0.o
__bss_start__                                     /Users/luissousa/opt/gcc-arm-none-eabi-8-2018-q4-major/bin/../lib/gcc/arm-none-eabi/8.2.1/../../../../arm-none-eabi/lib/thumb/v7-m/nofp/crt0.o
__call_exitprocs                                  /Users/luissousa/opt/gcc-arm-none-eabi-8-2018-q4-major/bin/../lib/gcc/arm-none-eabi/8.2.1/../../../../arm-none-eabi/lib/thumb/v7-m/nofp/libc_nano.a(lib_a-exit.o)
__cmpsf2                                          /Users/luissousa/opt/gcc-arm-none-eabi-8-2018-q4-major/bin/../lib/gcc/arm-none-eabi/8.2.1/thumb/v7-m/nofp/libgcc.a(_arm_cmpsf2.o)
__deregister_frame_info                           /Users/luissousa/opt/gcc-arm-none-eabi-8-2018-q4-major/bin/../lib/gcc/arm-none-eabi/8.2.1/thumb/v7-m/nofp/crtbegin.o
__divdf3                                          /Users/luissousa/opt/gcc-arm-none-eabi-8-2018-q4-major/bin/../lib/gcc/arm-none-eabi/8.2.1/thumb/v7-m/nofp/libgcc.a(_arm_muldivdf3.o)
__divsf3                                          /Users/luissousa/opt/gcc-arm-none-eabi-8-2018-q4-major/bin/../lib/gcc/arm-none-eabi/8.2.1/thumb/v7-m/nofp/libgcc.a(_arm_muldivsf3.o)
__dso_handle                                      /Users/luissousa/opt/gcc-arm-none-eabi-8-2018-q4-major/bin/../lib/gcc/arm-none-eabi/8.2.1/thumb/v7-m/nofp/crtbegin.o
__eqsf2                                           /Users/luissousa/opt/gcc-arm-none-eabi-8-2018-q4-major/bin/../lib/gcc/arm-none-eabi/8.2.1/thumb/v7-m/nofp/libgcc.a(_arm_cmpsf2.o)
__extendsfdf2                                     /Users/luissousa/opt/gcc-arm-none-eabi-8-2018-q4-major/bin/../lib/gcc/arm-none-eabi/8.2.1/thumb/v7-m/nofp/libgcc.a(_arm_addsubdf3.o)
__fixunsdfsi                                      /Users/luissousa/opt/gcc-arm-none-eabi-8-2018-q4-major/bin/../lib/gcc/arm-none-eabi/8.2.1/thumb/v7-m/nofp/libgcc.a(_arm_fixunsdfsi.o)
__floatdidf                                       /Users/luissousa/opt/gcc-arm-none-eabi-8-2018-q4-major/bin/../lib/gcc/arm-none-eabi/8.2.1/thumb/v7-m/nofp/libgcc.a(_arm_addsubdf3.o)
__floatdisf                                       /Users/luissousa/opt/gcc-arm-none-eabi-8-2018-q4-major/bin/../lib/gcc/arm-none-eabi/8.2.1/thumb/v7-m/nofp/libgcc.a(_arm_addsubsf3.o)
__floatsidf                                       /Users/luissousa/opt/gcc-arm-none-eabi-8-2018-q4-major/bin/../lib/gcc/arm-none-eabi/8.2.1/thumb/v7-m/nofp/libgcc.a(_arm_addsubdf3.o)
__floatsisf                                       /Users/luissousa/opt/gcc-arm-none-eabi-8-2018-q4-major/bin/../lib/gcc/arm-none-eabi/8.2.1/thumb/v7-m/nofp/libgcc.a(_arm_addsubsf3.o)
__floatundidf                                     /Users/luissousa/opt/gcc-arm-none-eabi-8-2018-q4-major/bin/../lib/gcc/arm-none-eabi/8.2.1/thumb/v7-m/nofp/libgcc.a(_arm_addsubdf3.o)
__floatundisf                                     /Users/luissousa/opt/gcc-arm-none-eabi-8-2018-q4-major/bin/../lib/gcc/arm-none-eabi/8.2.1/thumb/v7-m/nofp/libgcc.a(_arm_addsubsf3.o)
__floatunsidf                                     /Users/luissousa/opt/gcc-arm-none-eabi-8-2018-q4-major/bin/../lib/gcc/arm-none-eabi/8.2.1/thumb/v7-m/nofp/libgcc.a(_arm_addsubdf3.o)
__floatunsisf                                     /Users/luissousa/opt/gcc-arm-none-eabi-8-2018-q4-major/bin/../lib/gcc/arm-none-eabi/8.2.1/thumb/v7-m/nofp/libgcc.a(_arm_addsubsf3.o)
__gesf2                                           /Users/luissousa/opt/gcc-arm-none-eabi-8-2018-q4-major/bin/../lib/gcc/arm-none-eabi/8.2.1/thumb/v7-m/nofp/libgcc.a(_arm_cmpsf2.o)
__gtsf2                                           /Users/luissousa/opt/gcc-arm-none-eabi-8-2018-q4-major/bin/../lib/gcc/arm-none-eabi/8.2.1/thumb/v7-m/nofp/libgcc.a(_arm_cmpsf2.o)
__init_array_end                                  /Users/luissousa/opt/gcc-arm-none-eabi-8-2018-q4-major/bin/../lib/gcc/arm-none-eabi/8.2.1/../../../../arm-none-eabi/lib/thumb/v7-m/nofp/libc_nano.a(lib_a-init.o)
__init_array_start                                /Users/luissousa/opt/gcc-arm-none-eabi-8-2018-q4-major/bin/../lib/gcc/arm-none-eabi/8.2.1/../../../../arm-none-eabi/lib/thumb/v7-m/nofp/libc_nano.a(lib_a-init.o)
__lesf2                                           /Users/luissousa/opt/gcc-arm-none-eabi-8-2018-q4-major/bin/../lib/gcc/arm-none-eabi/8.2.1/thumb/v7-m/nofp/libgcc.a(_arm_cmpsf2.o)
__libc_fini_array                                 /Users/luissousa/opt/gcc-arm-none-eabi-8-2018-q4-major/bin/../lib/gcc/arm-none-eabi/8.2.1/../../../../arm-none-eabi/lib/thumb/v7-m/nofp/crt0.o
__libc_init_array                                 /Users/luissousa/opt/gcc-arm-none-eabi-8-2018-q4-major/bin/../lib/gcc/arm-none-eabi/8.2.1/../../../../arm-none-eabi/lib/thumb/v7-m/nofp/libc_nano.a(lib_a-init.o)
                                                  build/startup_stm32f103xb.o
                                                  /Users/luissousa/opt/gcc-arm-none-eabi-8-2018-q4-major/bin/../lib/gcc/arm-none-eabi/8.2.1/../../../../arm-none-eabi/lib/thumb/v7-m/nofp/crt0.o
__lock___arc4random_mutex                         /Users/luissousa/opt/gcc-arm-none-eabi-8-2018-q4-major/bin/../lib/gcc/arm-none-eabi/8.2.1/../../../../arm-none-eabi/lib/thumb/v7-m/nofp/libc_nano.a(lib_a-lock.o)
__lock___at_quick_exit_mutex                      /Users/luissousa/opt/gcc-arm-none-eabi-8-2018-q4-major/bin/../lib/gcc/arm-none-eabi/8.2.1/../../../../arm-none-eabi/lib/thumb/v7-m/nofp/libc_nano.a(lib_a-lock.o)
__lock___atexit_recursive_mutex                   /Users/luissousa/opt/gcc-arm-none-eabi-8-2018-q4-major/bin/../lib/gcc/arm-none-eabi/8.2.1/../../../../arm-none-eabi/lib/thumb/v7-m/nofp/libc_nano.a(lib_a-lock.o)
__lock___dd_hash_mutex                            /Users/luissousa/opt/gcc-arm-none-eabi-8-2018-q4-major/bin/../lib/gcc/arm-none-eabi/8.2.1/../../../../arm-none-eabi/lib/thumb/v7-m/nofp/libc_nano.a(lib_a-lock.o)
__lock___env_recursive_mutex                      /Users/luissousa/opt/gcc-arm-none-eabi-8-2018-q4-major/bin/../lib/gcc/arm-none-eabi/8.2.1/../../../../arm-none-eabi/lib/thumb/v7-m/nofp/libc_nano.a(lib_a-lock.o)
__lock___malloc_recursive_mutex                   /Users/luissousa/opt/gcc-arm-none-eabi-8-2018-q4-major/bin/../lib/gcc/arm-none-eabi/8.2.1/../../../../arm-none-eabi/lib/thumb/v7-m/nofp/libc_nano.a(lib_a-lock.o)
                                                  /Users/luissousa/opt/gcc-arm-none-eabi-8-2018-q4-major/bin/../lib/gcc/arm-none-eabi/8.2.1/../../../../arm-none-eabi/lib/thumb/v7-m/nofp/libc_nano.a(lib_a-mlock.o)
__lock___sfp_recursive_mutex                      /Users/luissousa/opt/gcc-arm-none-eabi-8-2018-q4-major/bin/../lib/gcc/arm-none-eabi/8.2.1/../../../../arm-none-eabi/lib/thumb/v7-m/nofp/libc_nano.a(lib_a-lock.o)
__lock___sinit_recursive_mutex                    /Users/luissousa/opt/gcc-arm-none-eabi-8-2018-q4-major/bin/../lib/gcc/arm-none-eabi/8.2.1/../../../../arm-none-eabi/lib/thumb/v7-m/nofp/libc_nano.a(lib_a-lock.o)
__lock___tz_mutex                                 /Users/luissousa/opt/gcc-arm-none-eabi-8-2018-q4-major/bin/../lib/gcc/arm-none-eabi/8.2.1/../../../../arm-none-eabi/lib/thumb/v7-m/nofp/libc_nano.a(lib_a-lock.o)
__ltsf2                                           /Users/luissousa/opt/gcc-arm-none-eabi-8-2018-q4-major/bin/../lib/gcc/arm-none-eabi/8.2.1/thumb/v7-m/nofp/libgcc.a(_arm_cmpsf2.o)
__malloc_free_list                                /Users/luissousa/opt/gcc-arm-none-eabi-8-2018-q4-major/bin/../lib/gcc/arm-none-eabi/8.2.1/../../../../arm-none-eabi/lib/thumb/v7-m/nofp/libc_nano.a(lib_a-nano-mallocr.o)
                                                  /Users/luissousa/opt/gcc-arm-none-eabi-8-2018-q4-major/bin/../lib/gcc/arm-none-eabi/8.2.1/../../../../arm-none-eabi/lib/thumb/v7-m/nofp/libc_nano.a(lib_a-nano-freer.o)
__malloc_lock                                     /Users/luissousa/opt/gcc-arm-none-eabi-8-2018-q4-major/bin/../lib/gcc/arm-none-eabi/8.2.1/../../../../arm-none-eabi/lib/thumb/v7-m/nofp/libc_nano.a(lib_a-mlock.o)
                                                  /Users/luissousa/opt/gcc-arm-none-eabi-8-2018-q4-major/bin/../lib/gcc/arm-none-eabi/8.2.1/../../../../arm-none-eabi/lib/thumb/v7-m/nofp/libc_nano.a(lib_a-nano-mallocr.o)
                                                  /Users/luissousa/opt/gcc-arm-none-eabi-8-2018-q4-major/bin/../lib/gcc/arm-none-eabi/8.2.1/../../../../arm-none-eabi/lib/thumb/v7-m/nofp/libc_nano.a(lib_a-nano-freer.o)
__malloc_sbrk_start                               /Users/luissousa/opt/gcc-arm-none-eabi-8-2018-q4-major/bin/../lib/gcc/arm-none-eabi/8.2.1/../../../../arm-none-eabi/lib/thumb/v7-m/nofp/libc_nano.a(lib_a-nano-mallocr.o)
__malloc_unlock                                   /Users/luissousa/opt/gcc-arm-none-eabi-8-2018-q4-major/bin/../lib/gcc/arm-none-eabi/8.2.1/../../../../arm-none-eabi/lib/thumb/v7-m/nofp/libc_nano.a(lib_a-mlock.o)
                                                  /Users/luissousa/opt/gcc-arm-none-eabi-8-2018-q4-major/bin/../lib/gcc/arm-none-eabi/8.2.1/../../../../arm-none-eabi/lib/thumb/v7-m/nofp/libc_nano.a(lib_a-nano-mallocr.o)
                                                  /Users/luissousa/opt/gcc-arm-none-eabi-8-2018-q4-major/bin/../lib/gcc/arm-none-eabi/8.2.1/../../../../arm-none-eabi/lib/thumb/v7-m/nofp/libc_nano.a(lib_a-nano-freer.o)
__muldf3                                          /Users/luissousa/opt/gcc-arm-none-eabi-8-2018-q4-major/bin/../lib/gcc/arm-none-eabi/8.2.1/thumb/v7-m/nofp/libgcc.a(_arm_muldivdf3.o)
__mulsf3                                          /Users/luissousa/opt/gcc-arm-none-eabi-8-2018-q4-major/bin/../lib/gcc/arm-none-eabi/8.2.1/thumb/v7-m/nofp/libgcc.a(_arm_muldivsf3.o)
__nesf2                                           /Users/luissousa/opt/gcc-arm-none-eabi-8-2018-q4-major/bin/../lib/gcc/arm-none-eabi/8.2.1/thumb/v7-m/nofp/libgcc.a(_arm_cmpsf2.o)
__preinit_array_end                               /Users/luissousa/opt/gcc-arm-none-eabi-8-2018-q4-major/bin/../lib/gcc/arm-none-eabi/8.2.1/../../../../arm-none-eabi/lib/thumb/v7-m/nofp/libc_nano.a(lib_a-init.o)
__preinit_array_start                             /Users/luissousa/opt/gcc-arm-none-eabi-8-2018-q4-major/bin/../lib/gcc/arm-none-eabi/8.2.1/../../../../arm-none-eabi/lib/thumb/v7-m/nofp/libc_nano.a(lib_a-init.o)
__register_frame_info                             /Users/luissousa/opt/gcc-arm-none-eabi-8-2018-q4-major/bin/../lib/gcc/arm-none-eabi/8.2.1/thumb/v7-m/nofp/crtbegin.o
__retarget_lock_acquire                           /Users/luissousa/opt/gcc-arm-none-eabi-8-2018-q4-major/bin/../lib/gcc/arm-none-eabi/8.2.1/../../../../arm-none-eabi/lib/thumb/v7-m/nofp/libc_nano.a(lib_a-lock.o)
__retarget_lock_acquire_recursive                 /Users/luissousa/opt/gcc-arm-none-eabi-8-2018-q4-major/bin/../lib/gcc/arm-none-eabi/8.2.1/../../../../arm-none-eabi/lib/thumb/v7-m/nofp/libc_nano.a(lib_a-lock.o)
                                                  /Users/luissousa/opt/gcc-arm-none-eabi-8-2018-q4-major/bin/../lib/gcc/arm-none-eabi/8.2.1/../../../../arm-none-eabi/lib/thumb/v7-m/nofp/libc_nano.a(lib_a-mlock.o)
__retarget_lock_close                             /Users/luissousa/opt/gcc-arm-none-eabi-8-2018-q4-major/bin/../lib/gcc/arm-none-eabi/8.2.1/../../../../arm-none-eabi/lib/thumb/v7-m/nofp/libc_nano.a(lib_a-lock.o)
__retarget_lock_close_recursive                   /Users/luissousa/opt/gcc-arm-none-eabi-8-2018-q4-major/bin/../lib/gcc/arm-none-eabi/8.2.1/../../../../arm-none-eabi/lib/thumb/v7-m/nofp/libc_nano.a(lib_a-lock.o)
__retarget_lock_init                              /Users/luissousa/opt/gcc-arm-none-eabi-8-2018-q4-major/bin/../lib/gcc/arm-none-eabi/8.2.1/../../../../arm-none-eabi/lib/thumb/v7-m/nofp/libc_nano.a(lib_a-lock.o)
__retarget_lock_init_recursive                    /Users/luissousa/opt/gcc-arm-none-eabi-8-2018-q4-major/bin/../lib/gcc/arm-none-eabi/8.2.1/../../../../arm-none-eabi/lib/thumb/v7-m/nofp/libc_nano.a(lib_a-lock.o)
__retarget_lock_release                           /Users/luissousa/opt/gcc-arm-none-eabi-8-2018-q4-major/bin/../lib/gcc/arm-none-eabi/8.2.1/../../../../arm-none-eabi/lib/thumb/v7-m/nofp/libc_nano.a(lib_a-lock.o)
__retarget_lock_release_recursive                 /Users/luissousa/opt/gcc-arm-none-eabi-8-2018-q4-major/bin/../lib/gcc/arm-none-eabi/8.2.1/../../../../arm-none-eabi/lib/thumb/v7-m/nofp/libc_nano.a(lib_a-lock.o)
                                                  /Users/luissousa/opt/gcc-arm-none-eabi-8-2018-q4-major/bin/../lib/gcc/arm-none-eabi/8.2.1/../../../../arm-none-eabi/lib/thumb/v7-m/nofp/libc_nano.a(lib_a-mlock.o)
__retarget_lock_try_acquire                       /Users/luissousa/opt/gcc-arm-none-eabi-8-2018-q4-major/bin/../lib/gcc/arm-none-eabi/8.2.1/../../../../arm-none-eabi/lib/thumb/v7-m/nofp/libc_nano.a(lib_a-lock.o)
__retarget_lock_try_acquire_recursive             /Users/luissousa/opt/gcc-arm-none-eabi-8-2018-q4-major/bin/../lib/gcc/arm-none-eabi/8.2.1/../../../../arm-none-eabi/lib/thumb/v7-m/nofp/libc_nano.a(lib_a-lock.o)
__sf_fake_stderr                                  /Users/luissousa/opt/gcc-arm-none-eabi-8-2018-q4-major/bin/../lib/gcc/arm-none-eabi/8.2.1/../../../../arm-none-eabi/lib/thumb/v7-m/nofp/libc_nano.a(lib_a-impure.o)
__sf_fake_stdin                                   /Users/luissousa/opt/gcc-arm-none-eabi-8-2018-q4-major/bin/../lib/gcc/arm-none-eabi/8.2.1/../../../../arm-none-eabi/lib/thumb/v7-m/nofp/libc_nano.a(lib_a-impure.o)
__sf_fake_stdout                                  /Users/luissousa/opt/gcc-arm-none-eabi-8-2018-q4-major/bin/../lib/gcc/arm-none-eabi/8.2.1/../../../../arm-none-eabi/lib/thumb/v7-m/nofp/libc_nano.a(lib_a-impure.o)
__ssprint_r                                       /Users/luissousa/opt/gcc-arm-none-eabi-8-2018-q4-major/bin/../lib/gcc/arm-none-eabi/8.2.1/../../../../arm-none-eabi/lib/thumb/v7-m/nofp/libc_nano.a(lib_a-nano-svfprintf.o)
__ssputs_r                                        /Users/luissousa/opt/gcc-arm-none-eabi-8-2018-q4-major/bin/../lib/gcc/arm-none-eabi/8.2.1/../../../../arm-none-eabi/lib/thumb/v7-m/nofp/libc_nano.a(lib_a-nano-svfprintf.o)
__stack                                           /Users/luissousa/opt/gcc-arm-none-eabi-8-2018-q4-major/bin/../lib/gcc/arm-none-eabi/8.2.1/../../../../arm-none-eabi/lib/thumb/v7-m/nofp/crt0.o
__subdf3                                          /Users/luissousa/opt/gcc-arm-none-eabi-8-2018-q4-major/bin/../lib/gcc/arm-none-eabi/8.2.1/thumb/v7-m/nofp/libgcc.a(_arm_addsubdf3.o)
__subsf3                                          /Users/luissousa/opt/gcc-arm-none-eabi-8-2018-q4-major/bin/../lib/gcc/arm-none-eabi/8.2.1/thumb/v7-m/nofp/libgcc.a(_arm_addsubsf3.o)
_ctype_                                           /Users/luissousa/opt/gcc-arm-none-eabi-8-2018-q4-major/bin/../lib/gcc/arm-none-eabi/8.2.1/../../../../arm-none-eabi/lib/thumb/v7-m/nofp/libc_nano.a(lib_a-ctype_.o)
                                                  /Users/luissousa/opt/gcc-arm-none-eabi-8-2018-q4-major/bin/../lib/gcc/arm-none-eabi/8.2.1/../../../../arm-none-eabi/lib/thumb/v7-m/nofp/libc_nano.a(lib_a-strtol.o)
_ebss                                             build/startup_stm32f103xb.o
_edata                                            build/startup_stm32f103xb.o
_estack                                           build/startup_stm32f103xb.o
_exit                                             /Users/luissousa/opt/gcc-arm-none-eabi-8-2018-q4-major/bin/../lib/gcc/arm-none-eabi/8.2.1/../../../../arm-none-eabi/lib/thumb/v7-m/nofp/libnosys.a(_exit.o)
                                                  /Users/luissousa/opt/gcc-arm-none-eabi-8-2018-q4-major/bin/../lib/gcc/arm-none-eabi/8.2.1/../../../../arm-none-eabi/lib/thumb/v7-m/nofp/libc_nano.a(lib_a-exit.o)
_fini                                             /Users/luissousa/opt/gcc-arm-none-eabi-8-2018-q4-major/bin/../lib/gcc/arm-none-eabi/8.2.1/thumb/v7-m/nofp/crti.o
_free_r                                           /Users/luissousa/opt/gcc-arm-none-eabi-8-2018-q4-major/bin/../lib/gcc/arm-none-eabi/8.2.1/../../../../arm-none-eabi/lib/thumb/v7-m/nofp/libc_nano.a(lib_a-nano-freer.o)
                                                  /Users/luissousa/opt/gcc-arm-none-eabi-8-2018-q4-major/bin/../lib/gcc/arm-none-eabi/8.2.1/../../../../arm-none-eabi/lib/thumb/v7-m/nofp/libc_nano.a(lib_a-reent.o)
                                                  /Users/luissousa/opt/gcc-arm-none-eabi-8-2018-q4-major/bin/../lib/gcc/arm-none-eabi/8.2.1/../../../../arm-none-eabi/lib/thumb/v7-m/nofp/libc_nano.a(lib_a-nano-reallocr.o)
                                                  /Users/luissousa/opt/gcc-arm-none-eabi-8-2018-q4-major/bin/../lib/gcc/arm-none-eabi/8.2.1/../../../../arm-none-eabi/lib/thumb/v7-m/nofp/libc_nano.a(lib_a-nano-svfprintf.o)
_global_impure_ptr                                /Users/luissousa/opt/gcc-arm-none-eabi-8-2018-q4-major/bin/../lib/gcc/arm-none-eabi/8.2.1/../../../../arm-none-eabi/lib/thumb/v7-m/nofp/libc_nano.a(lib_a-impure.o)
                                                  /Users/luissousa/opt/gcc-arm-none-eabi-8-2018-q4-major/bin/../lib/gcc/arm-none-eabi/8.2.1/../../../../arm-none-eabi/lib/thumb/v7-m/nofp/libc_nano.a(lib_a-exit.o)
_impure_ptr                                       /Users/luissousa/opt/gcc-arm-none-eabi-8-2018-q4-major/bin/../lib/gcc/arm-none-eabi/8.2.1/../../../../arm-none-eabi/lib/thumb/v7-m/nofp/libc_nano.a(lib_a-impure.o)
                                                  /Users/luissousa/opt/gcc-arm-none-eabi-8-2018-q4-major/bin/../lib/gcc/arm-none-eabi/8.2.1/../../../../arm-none-eabi/lib/thumb/v7-m/nofp/libc_nano.a(lib_a-reent.o)
                                                  /Users/luissousa/opt/gcc-arm-none-eabi-8-2018-q4-major/bin/../lib/gcc/arm-none-eabi/8.2.1/../../../../arm-none-eabi/lib/thumb/v7-m/nofp/libc_nano.a(lib_a-strtol.o)
                                                  /Users/luissousa/opt/gcc-arm-none-eabi-8-2018-q4-major/bin/../lib/gcc/arm-none-eabi/8.2.1/../../../../arm-none-eabi/lib/thumb/v7-m/nofp/libc_nano.a(lib_a-sprintf.o)
_init                                             /Users/luissousa/opt/gcc-arm-none-eabi-8-2018-q4-major/bin/../lib/gcc/arm-none-eabi/8.2.1/thumb/v7-m/nofp/crti.o
                                                  /Users/luissousa/opt/gcc-arm-none-eabi-8-2018-q4-major/bin/../lib/gcc/arm-none-eabi/8.2.1/../../../../arm-none-eabi/lib/thumb/v7-m/nofp/libc_nano.a(lib_a-init.o)
_mainCRTStartup                                   /Users/luissousa/opt/gcc-arm-none-eabi-8-2018-q4-major/bin/../lib/gcc/arm-none-eabi/8.2.1/../../../../arm-none-eabi/lib/thumb/v7-m/nofp/crt0.o
_malloc_r                                         /Users/luissousa/opt/gcc-arm-none-eabi-8-2018-q4-major/bin/../lib/gcc/arm-none-eabi/8.2.1/../../../../arm-none-eabi/lib/thumb/v7-m/nofp/libc_nano.a(lib_a-nano-mallocr.o)
                                                  /Users/luissousa/opt/gcc-arm-none-eabi-8-2018-q4-major/bin/../lib/gcc/arm-none-eabi/8.2.1/../../../../arm-none-eabi/lib/thumb/v7-m/nofp/libc_nano.a(lib_a-nano-reallocr.o)
                                                  /Users/luissousa/opt/gcc-arm-none-eabi-8-2018-q4-major/bin/../lib/gcc/arm-none-eabi/8.2.1/../../../../arm-none-eabi/lib/thumb/v7-m/nofp/libc_nano.a(lib_a-nano-svfprintf.o)
_malloc_usable_size_r                             /Users/luissousa/opt/gcc-arm-none-eabi-8-2018-q4-major/bin/../lib/gcc/arm-none-eabi/8.2.1/../../../../arm-none-eabi/lib/thumb/v7-m/nofp/libc_nano.a(lib_a-nano-msizer.o)
                                                  /Users/luissousa/opt/gcc-arm-none-eabi-8-2018-q4-major/bin/../lib/gcc/arm-none-eabi/8.2.1/../../../../arm-none-eabi/lib/thumb/v7-m/nofp/libc_nano.a(lib_a-nano-reallocr.o)
_printf_common                                    /Users/luissousa/opt/gcc-arm-none-eabi-8-2018-q4-major/bin/../lib/gcc/arm-none-eabi/8.2.1/../../../../arm-none-eabi/lib/thumb/v7-m/nofp/libc_nano.a(lib_a-nano-vfprintf_i.o)
_printf_float                                     /Users/luissousa/opt/gcc-arm-none-eabi-8-2018-q4-major/bin/../lib/gcc/arm-none-eabi/8.2.1/../../../../arm-none-eabi/lib/thumb/v7-m/nofp/libc_nano.a(lib_a-nano-svfprintf.o)
_printf_i                                         /Users/luissousa/opt/gcc-arm-none-eabi-8-2018-q4-major/bin/../lib/gcc/arm-none-eabi/8.2.1/../../../../arm-none-eabi/lib/thumb/v7-m/nofp/libc_nano.a(lib_a-nano-vfprintf_i.o)
                                                  /Users/luissousa/opt/gcc-arm-none-eabi-8-2018-q4-major/bin/../lib/gcc/arm-none-eabi/8.2.1/../../../../arm-none-eabi/lib/thumb/v7-m/nofp/libc_nano.a(lib_a-nano-svfprintf.o)
_realloc_r                                        /Users/luissousa/opt/gcc-arm-none-eabi-8-2018-q4-major/bin/../lib/gcc/arm-none-eabi/8.2.1/../../../../arm-none-eabi/lib/thumb/v7-m/nofp/libc_nano.a(lib_a-nano-reallocr.o)
                                                  /Users/luissousa/opt/gcc-arm-none-eabi-8-2018-q4-major/bin/../lib/gcc/arm-none-eabi/8.2.1/../../../../arm-none-eabi/lib/thumb/v7-m/nofp/libc_nano.a(lib_a-nano-svfprintf.o)
_reclaim_reent                                    /Users/luissousa/opt/gcc-arm-none-eabi-8-2018-q4-major/bin/../lib/gcc/arm-none-eabi/8.2.1/../../../../arm-none-eabi/lib/thumb/v7-m/nofp/libc_nano.a(lib_a-reent.o)
_sbrk                                             /Users/luissousa/opt/gcc-arm-none-eabi-8-2018-q4-major/bin/../lib/gcc/arm-none-eabi/8.2.1/../../../../arm-none-eabi/lib/thumb/v7-m/nofp/libnosys.a(sbrk.o)
                                                  /Users/luissousa/opt/gcc-arm-none-eabi-8-2018-q4-major/bin/../lib/gcc/arm-none-eabi/8.2.1/../../../../arm-none-eabi/lib/thumb/v7-m/nofp/libc_nano.a(lib_a-sbrkr.o)
_sbrk_r                                           /Users/luissousa/opt/gcc-arm-none-eabi-8-2018-q4-major/bin/../lib/gcc/arm-none-eabi/8.2.1/../../../../arm-none-eabi/lib/thumb/v7-m/nofp/libc_nano.a(lib_a-sbrkr.o)
                                                  /Users/luissousa/opt/gcc-arm-none-eabi-8-2018-q4-major/bin/../lib/gcc/arm-none-eabi/8.2.1/../../../../arm-none-eabi/lib/thumb/v7-m/nofp/libc_nano.a(lib_a-nano-mallocr.o)
_sbss                                             build/startup_stm32f103xb.o
_sdata                                            build/startup_stm32f103xb.o
_sidata                                           build/startup_stm32f103xb.o
_siprintf_r                                       /Users/luissousa/opt/gcc-arm-none-eabi-8-2018-q4-major/bin/../lib/gcc/arm-none-eabi/8.2.1/../../../../arm-none-eabi/lib/thumb/v7-m/nofp/libc_nano.a(lib_a-sprintf.o)
_sprintf_r                                        /Users/luissousa/opt/gcc-arm-none-eabi-8-2018-q4-major/bin/../lib/gcc/arm-none-eabi/8.2.1/../../../../arm-none-eabi/lib/thumb/v7-m/nofp/libc_nano.a(lib_a-sprintf.o)
_start                                            /Users/luissousa/opt/gcc-arm-none-eabi-8-2018-q4-major/bin/../lib/gcc/arm-none-eabi/8.2.1/../../../../arm-none-eabi/lib/thumb/v7-m/nofp/crt0.o
_strtol_r                                         /Users/luissousa/opt/gcc-arm-none-eabi-8-2018-q4-major/bin/../lib/gcc/arm-none-eabi/8.2.1/../../../../arm-none-eabi/lib/thumb/v7-m/nofp/libc_nano.a(lib_a-strtol.o)
_svfiprintf_r                                     /Users/luissousa/opt/gcc-arm-none-eabi-8-2018-q4-major/bin/../lib/gcc/arm-none-eabi/8.2.1/../../../../arm-none-eabi/lib/thumb/v7-m/nofp/libc_nano.a(lib_a-nano-svfprintf.o)
_svfprintf_r                                      /Users/luissousa/opt/gcc-arm-none-eabi-8-2018-q4-major/bin/../lib/gcc/arm-none-eabi/8.2.1/../../../../arm-none-eabi/lib/thumb/v7-m/nofp/libc_nano.a(lib_a-nano-svfprintf.o)
                                                  /Users/luissousa/opt/gcc-arm-none-eabi-8-2018-q4-major/bin/../lib/gcc/arm-none-eabi/8.2.1/../../../../arm-none-eabi/lib/thumb/v7-m/nofp/libc_nano.a(lib_a-sprintf.o)
arr                                               build/main.o
arrCol                                            build/main.o
atexit                                            /Users/luissousa/opt/gcc-arm-none-eabi-8-2018-q4-major/bin/../lib/gcc/arm-none-eabi/8.2.1/../../../../arm-none-eabi/lib/thumb/v7-m/nofp/crt0.o
backLayer                                         build/main.o
calculateLeds                                     build/main.o
cleanup_glue                                      /Users/luissousa/opt/gcc-arm-none-eabi-8-2018-q4-major/bin/../lib/gcc/arm-none-eabi/8.2.1/../../../../arm-none-eabi/lib/thumb/v7-m/nofp/libc_nano.a(lib_a-reent.o)
clearFramebuffer                                  build/main.o
clearText                                         build/main.o
cntMessage                                        build/main.o
currColor                                         build/main.o
drawCircle                                        build/main.o
drawColor                                         build/main.o
drawLetter                                        build/main.o
drawLine                                          build/main.o
drawNote                                          build/main.o
drawScrollingString                               build/main.o